Component: ARM Compiler 5.06 update 7 (build 960) Tool: armlink [4d3601]

==============================================================================

Section Cross References

    main.o(.text) refers to delay.o(.text) for delay_init
    main.o(.text) refers to sys.o(.text) for NVIC_Config
    main.o(.text) refers to usart3.o(.text) for Usart3_Init
    main.o(.text) refers to mpu6050.o(.text) for MPU_Init
    main.o(.text) refers to inv_mpu.o(.text) for mpu_dmp_init
    main.o(.text) refers to exti.o(.text) for MPU6050_EXTI_Init
    main.o(.text) refers to motor.o(.text) for Motor_Init
    main.o(.text) refers to pwm.o(.text) for PWM_Init_TIM1
    main.o(.text) refers to servo.o(.text) for TIM3_PWM_Init
    main.o(.text) refers to key.o(.text) for LED_BEEP_GPIO_Config
    main.o(.text) refers to stm32f10x_gpio.o(.text) for GPIO_SetBits
    main.o(.text) refers to pid.o(.text) for PID_Param_Init
    main.o(.text) refers to control.o(.text) for Kinematic_Analysis
    main.o(.text) refers to control.o(.data) for yaw
    main.o(.text) refers to control.o(.bss) for Param
    system_stm32f10x.o(.text) refers to system_stm32f10x.o(.data) for SystemCoreClock
    delay.o(.text) refers to misc.o(.text) for SysTick_CLKSourceConfig
    delay.o(.text) refers to system_stm32f10x.o(.data) for SystemCoreClock
    delay.o(.text) refers to delay.o(.data) for fac_us
    sys.o(.text) refers to misc.o(.text) for NVIC_PriorityGroupConfig
    usart3.o(.text) refers to stm32f10x_rcc.o(.text) for RCC_APB2PeriphClockCmd
    usart3.o(.text) refers to stm32f10x_gpio.o(.text) for GPIO_Init
    usart3.o(.text) refers to stm32f10x_usart.o(.text) for USART_Init
    usart3.o(.text) refers to strstr.o(.text) for strstr
    usart3.o(.text) refers to strcmp.o(.text) for strcmp
    usart3.o(.text) refers to memseta.o(.text) for __aeabi_memclr
    usart3.o(.text) refers to usart3.o(.bss) for USART3_RX_BUF
    usart3.o(.text) refers to usart3.o(.data) for USART3_REC_CNT_LEN
    usart3.o(.text) refers to control.o(.bss) for Param
    control.o(.text) refers to pid.o(.text) for Position_PID_Servo
    control.o(.text) refers to fadd.o(.text) for __aeabi_fadd
    control.o(.text) refers to stm32f10x_exti.o(.text) for EXTI_GetITStatus
    control.o(.text) refers to inv_mpu.o(.text) for mpu_dmp_get_data
    control.o(.text) refers to motor.o(.text) for Limit
    control.o(.text) refers to ffixui.o(.text) for __aeabi_f2uiz
    control.o(.text) refers to delay.o(.text) for delay_ms
    control.o(.text) refers to stm32f10x_gpio.o(.text) for GPIO_ReadInputDataBit
    control.o(.text) refers to cfrcmple.o(.text) for __aeabi_cfrcmple
    control.o(.text) refers to cfcmple.o(.text) for __aeabi_cfcmple
    control.o(.text) refers to ffixi.o(.text) for __aeabi_f2iz
    control.o(.text) refers to f2d.o(.text) for __aeabi_f2d
    control.o(.text) refers to tan.o(i.tan) for tan
    control.o(.text) refers to dmul.o(.text) for __aeabi_dmul
    control.o(.text) refers to ddiv.o(.text) for __aeabi_ddiv
    control.o(.text) refers to dadd.o(.text) for __aeabi_drsub
    control.o(.text) refers to dfixi.o(.text) for __aeabi_d2iz
    control.o(.text) refers to fmul.o(.text) for __aeabi_fmul
    control.o(.text) refers to d2f.o(.text) for __aeabi_d2f
    control.o(.text) refers to usart3.o(.text) for openMv_Proc
    control.o(.text) refers to control.o(.bss) for Param
    control.o(.text) refers to control.o(.data) for Flag
    exti.o(.text) refers to stm32f10x_rcc.o(.text) for RCC_APB2PeriphClockCmd
    exti.o(.text) refers to stm32f10x_gpio.o(.text) for GPIO_Init
    exti.o(.text) refers to stm32f10x_exti.o(.text) for EXTI_Init
    motor.o(.text) refers to stm32f10x_rcc.o(.text) for RCC_APB2PeriphClockCmd
    motor.o(.text) refers to stm32f10x_gpio.o(.text) for GPIO_Init
    motor.o(.text) refers to cfrcmple.o(.text) for __aeabi_cfrcmple
    motor.o(.text) refers to cfcmple.o(.text) for __aeabi_cfcmple
    motor.o(.text) refers to stm32f10x_tim.o(.text) for TIM_SetCompare1
    pwm.o(.text) refers to stm32f10x_rcc.o(.text) for RCC_APB2PeriphClockCmd
    pwm.o(.text) refers to stm32f10x_gpio.o(.text) for GPIO_Init
    pwm.o(.text) refers to stm32f10x_tim.o(.text) for TIM_TimeBaseStructInit
    key.o(.text) refers to stm32f10x_rcc.o(.text) for RCC_APB2PeriphClockCmd
    key.o(.text) refers to stm32f10x_gpio.o(.text) for GPIO_Init
    key.o(.text) refers to stm32f10x_exti.o(.text) for EXTI_Init
    servo.o(.text) refers to stm32f10x_rcc.o(.text) for RCC_APB1PeriphClockCmd
    servo.o(.text) refers to stm32f10x_gpio.o(.text) for GPIO_Init
    servo.o(.text) refers to stm32f10x_tim.o(.text) for TIM_TimeBaseInit
    pid.o(.text) refers to stm32f10x_tim.o(.text) for TIM_GetCapture1
    pid.o(.text) refers to ffltui.o(.text) for __aeabi_ui2f
    pid.o(.text) refers to f2d.o(.text) for __aeabi_f2d
    pid.o(.text) refers to dadd.o(.text) for __aeabi_drsub
    pid.o(.text) refers to dmul.o(.text) for __aeabi_dmul
    pid.o(.text) refers to ddiv.o(.text) for __aeabi_ddiv
[...]
    ..\HARDWARE\MPU6050\eMPL\inv_mpu.c       0x00000000   Number         0  inv_mpu.o ABSOLUTE
    ..\HARDWARE\MPU6050\eMPL\inv_mpu_dmp_motion_driver.c 0x00000000   Number         0  inv_mpu_dmp_motion_driver.o ABSOLUTE
    ..\HARDWARE\MPU6050\mpu6050.c            0x00000000   Number         0  mpu6050.o ABSOLUTE
    ..\HARDWARE\MPU6050\mpuiic.c             0x00000000   Number         0  mpuiic.o ABSOLUTE
    ..\HARDWARE\PID\pid.c                    0x00000000   Number         0  pid.o ABSOLUTE
    ..\HARDWARE\PWM\pwm.c                    0x00000000   Number         0  pwm.o ABSOLUTE
    ..\HARDWARE\servo\servo.c                0x00000000   Number         0  servo.o ABSOLUTE
    ..\HARDWARE\usart3\usart3.c              0x00000000   Number         0  usart3.o ABSOLUTE
    ..\STM32F10x_FWLib\src\misc.c            0x00000000   Number         0  misc.o ABSOLUTE
    ..\STM32F10x_FWLib\src\stm32f10x_adc.c   0x00000000   Number         0  stm32f10x_adc.o ABSOLUTE
    ..\STM32F10x_FWLib\src\stm32f10x_bkp.c   0x00000000   Number         0  stm32f10x_bkp.o ABSOLUTE
    ..\STM32F10x_FWLib\src\stm32f10x_can.c   0x00000000   Number         0  stm32f10x_can.o ABSOLUTE
    ..\STM32F10x_FWLib\src\stm32f10x_cec.c   0x00000000   Number         0  stm32f10x_cec.o ABSOLUTE
    ..\STM32F10x_FWLib\src\stm32f10x_crc.c   0x00000000   Number         0  stm32f10x_crc.o ABSOLUTE
    ..\STM32F10x_FWLib\src\stm32f10x_dac.c   0x00000000   Number         0  stm32f10x_dac.o ABSOLUTE
    ..\STM32F10x_FWLib\src\stm32f10x_dbgmcu.c 0x00000000   Number         0  stm32f10x_dbgmcu.o ABSOLUTE
    ..\STM32F10x_FWLib\src\stm32f10x_dma.c   0x00000000   Number         0  stm32f10x_dma.o ABSOLUTE
    ..\STM32F10x_FWLib\src\stm32f10x_exti.c  0x00000000   Number         0  stm32f10x_exti.o ABSOLUTE
    ..\STM32F10x_FWLib\src\stm32f10x_flash.c 0x00000000   Number         0  stm32f10x_flash.o ABSOLUTE
    ..\STM32F10x_FWLib\src\stm32f10x_fsmc.c  0x00000000   Number         0  stm32f10x_fsmc.o ABSOLUTE
    ..\STM32F10x_FWLib\src\stm32f10x_gpio.c  0x00000000   Number         0  stm32f10x_gpio.o ABSOLUTE
    ..\STM32F10x_FWLib\src\stm32f10x_i2c.c   0x00000000   Number         0  stm32f10x_i2c.o ABSOLUTE
    ..\STM32F10x_FWLib\src\stm32f10x_iwdg.c  0x00000000   Number         0  stm32f10x_iwdg.o ABSOLUTE
    ..\STM32F10x_FWLib\src\stm32f10x_pwr.c   0x00000000   Number         0  stm32f10x_pwr.o ABSOLUTE
    ..\STM32F10x_FWLib\src\stm32f10x_rcc.c   0x00000000   Number         0  stm32f10x_rcc.o ABSOLUTE
    ..\STM32F10x_FWLib\src\stm32f10x_rtc.c   0x00000000   Number         0  stm32f10x_rtc.o ABSOLUTE
    ..\STM32F10x_FWLib\src\stm32f10x_sdio.c  0x00000000   Number         0  stm32f10x_sdio.o ABSOLUTE
    ..\STM32F10x_FWLib\src\stm32f10x_spi.c   0x00000000   Number         0  stm32f10x_spi.o ABSOLUTE
    ..\STM32F10x_FWLib\src\stm32f10x_tim.c   0x00000000   Number         0  stm32f10x_tim.o ABSOLUTE
    ..\STM32F10x_FWLib\src\stm32f10x_usart.c 0x00000000   Number         0  stm32f10x_usart.o ABSOLUTE
    ..\STM32F10x_FWLib\src\stm32f10x_wwdg.c  0x00000000   Number         0  stm32f10x_wwdg.o ABSOLUTE
    ..\SYSTEM\delay\delay.c                  0x00000000   Number         0  delay.o ABSOLUTE
    ..\SYSTEM\sys\sys.c                      0x00000000   Number         0  sys.o ABSOLUTE
    ..\\CORE\\core_cm3.c                     0x00000000   Number         0  core_cm3.o ABSOLUTE
    ..\\HARDWARE\\CONTROL\\control.c         0x00000000   Number         0  control.o ABSOLUTE
    ..\\HARDWARE\\EXTI\\exti.c               0x00000000   Number         0  exti.o ABSOLUTE
    ..\\HARDWARE\\KEY\\key.c                 0x00000000   Number         0  key.o ABSOLUTE
    ..\\HARDWARE\\MOTOR\\motor.c             0x00000000   Number         0  motor.o ABSOLUTE
    ..\\HARDWARE\\MPU6050\\eMPL\\inv_mpu.c   0x00000000   Number         0  inv_mpu.o ABSOLUTE
    ..\\HARDWARE\\MPU6050\\eMPL\\inv_mpu_dmp_motion_driver.c 0x00000000   Number         0  inv_mpu_dmp_motion_driver.o ABSOLUTE
    ..\\HARDWARE\\MPU6050\\mpu6050.c         0x00000000   Number         0  mpu6050.o ABSOLUTE
    ..\\HARDWARE\\MPU6050\\mpuiic.c          0x00000000   Number         0  mpuiic.o ABSOLUTE
    ..\\HARDWARE\\PID\\pid.c                 0x00000000   Number         0  pid.o ABSOLUTE
    ..\\HARDWARE\\PWM\\pwm.c                 0x00000000   Number         0  pwm.o ABSOLUTE
    ..\\HARDWARE\\servo\\servo.c             0x00000000   Number         0  servo.o ABSOLUTE
    ..\\HARDWARE\\usart3\\usart3.c           0x00000000   Number         0  usart3.o ABSOLUTE
    ..\\STM32F10x_FWLib\\src\\misc.c         0x00000000   Number         0  misc.o ABSOLUTE
    ..\\STM32F10x_FWLib\\src\\stm32f10x_adc.c 0x00000000   Number         0  stm32f10x_adc.o ABSOLUTE
    ..\\STM32F10x_FWLib\\src\\stm32f10x_bkp.c 0x00000000   Number         0  stm32f10x_bkp.o ABSOLUTE
    ..\\STM32F10x_FWLib\\src\\stm32f10x_can.c 0x00000000   Number         0  stm32f10x_can.o ABSOLUTE
    ..\\STM32F10x_FWLib\\src\\stm32f10x_cec.c 0x00000000   Number         0  stm32f10x_cec.o ABSOLUTE
    ..\\STM32F10x_FWLib\\src\\stm32f10x_crc.c 0x00000000   Number         0  stm32f10x_crc.o ABSOLUTE
    ..\\STM32F10x_FWLib\\src\\stm32f10x_dac.c 0x00000000   Number         0  stm32f10x_dac.o ABSOLUTE
    ..\\STM32F10x_FWLib\\src\\stm32f10x_dbgmcu.c 0x00000000   Number         0  stm32f10x_dbgmcu.o ABSOLUTE
    ..\\STM32F10x_FWLib\\src\\stm32f10x_dma.c 0x00000000   Number         0  stm32f10x_dma.o ABSOLUTE
    ..\\STM32F10x_FWLib\\src\\stm32f10x_exti.c 0x00000000   Number         0  stm32f10x_exti.o ABSOLUTE
    ..\\STM32F10x_FWLib\\src\\stm32f10x_flash.c 0x00000000   Number         0  stm32f10x_flash.o ABSOLUTE
    ..\\STM32F10x_FWLib\\src\\stm32f10x_fsmc.c 0x00000000   Number         0  stm32f10x_fsmc.o ABSOLUTE
    ..\\STM32F10x_FWLib\\src\\stm32f10x_gpio.c 0x00000000   Number         0  stm32f10x_gpio.o ABSOLUTE
    ..\\STM32F10x_FWLib\\src\\stm32f10x_i2c.c 0x00000000   Number         0  stm32f10x_i2c.o ABSOLUTE
    ..\\STM32F10x_FWLib\\src\\stm32f10x_iwdg.c 0x00000000   Number         0  stm32f10x_iwdg.o ABSOLUTE
    ..\\STM32F10x_FWLib\\src\\stm32f10x_pwr.c 0x00000000   Number         0  stm32f10x_pwr.o ABSOLUTE
    ..\\STM32F10x_FWLib\\src\\stm32f10x_rcc.c 0x00000000   Number         0  stm32f10x_rcc.o ABSOLUTE
    ..\\STM32F10x_FWLib\\src\\stm32f10x_rtc.c 0x00000000   Number         0  stm32f10x_rtc.o ABSOLUTE
    ..\\STM32F10x_FWLib\\src\\stm32f10x_sdio.c 0x00000000   Number         0  stm32f10x_sdio.o ABSOLUTE
    ..\\STM32F10x_FWLib\\src\\stm32f10x_spi.c 0x00000000   Number         0  stm32f10x_spi.o ABSOLUTE
    ..\\STM32F10x_FWLib\\src\\stm32f10x_tim.c 0x00000000   Number         0  stm32f10x_tim.o ABSOLUTE
    ..\\STM32F10x_FWLib\\src\\stm32f10x_usart.c 0x00000000   Number         0  stm32f10x_usart.o ABSOLUTE
    ..\\STM32F10x_FWLib\\src\\stm32f10x_wwdg.c 0x00000000   Number         0  stm32f10x_wwdg.o ABSOLUTE
    ..\\SYSTEM\\delay\\delay.c               0x00000000   Number         0  delay.o ABSOLUTE
    ..\\SYSTEM\\sys\\sys.c                   0x00000000   Number         0  sys.o ABSOLUTE
    cdcmple.s                                0x00000000   Number         0  cdcmple.o ABSOLUTE
    cdrcmple.s                               0x00000000   Number         0  cdrcmple.o ABSOLUTE
    cfcmple.s                                0x00000000   Number         0  cfcmple.o ABSOLUTE
    cfrcmple.s                               0x00000000   Number         0  cfrcmple.o ABSOLUTE
    dc.s                                     0x00000000   Number         0  dc.o ABSOLUTE
    handlers.s                               0x00000000   Number         0  handlers.o ABSOLUTE
    init.s                                   0x00000000   Number         0  init.o ABSOLUTE
    main.c                                   0x00000000   Number         0  main.o ABSOLUTE
    main.c                                   0x00000000   Number         0  main.o ABSOLUTE
    stm32f10x_it.c                           0x00000000   Number         0  stm32f10x_it.o ABSOLUTE
    stm32f10x_it.c                           0x00000000   Number         0  stm32f10x_it.o ABSOLUTE
    system_stm32f10x.c                       0x00000000   Number         0  system_stm32f10x.o ABSOLUTE
    system_stm32f10x.c                       0x00000000   Number         0  system_stm32f10x.o ABSOLUTE
    RESET                                    0x08000000   Section      236  startup_stm32f10x_md.o(RESET)
    .ARM.Collect$$$$00000000                 0x080000ec   Section        0  entry.o(.ARM.Collect$$$$00000000)
    .ARM.Collect$$$$00000001                 0x080000ec   Section        4  entry2.o(.ARM.Collect$$$$00000001)
    .ARM.Collect$$$$00000004                 0x080000f0   Section        4  entry5.o(.ARM.Collect$$$$00000004)
    .ARM.Collect$$$$00000008                 0x080000f4   Section        0  entry7b.o(.ARM.Collect$$$$00000008)
    .ARM.Collect$$$$0000000A                 0x080000f4   Section        0  entry8b.o(.ARM.Collect$$$$0000000A)
    .ARM.Collect$$$$0000000B                 0x080000f4   Section        8  entry9a.o(.ARM.Collect$$$$0000000B)
    .ARM.Collect$$$$0000000E                 0x080000fc   Section        4  entry12b.o(.ARM.Collect$$$$0000000E)
    .ARM.Collect$$$$0000000F                 0x08000100   Section        0  entry10a.o(.ARM.Collect$$$$0000000F)
    .ARM.Collect$$$$00000011                 0x08000100   Section        0  entry11a.o(.ARM.Collect$$$$00000011)
    .ARM.Collect$$$$00002712                 0x08000100   Section        4  entry2.o(.ARM.Collect$$$$00002712)
    __lit__00000000                          0x08000100   Data           4  entry2.o(.ARM.Collect$$$$00002712)
    .text                                    0x08000104   Section        0  main.o(.text)
    .text                                    0x080001d8   Section        0  stm32f10x_it.o(.text)
    .text                                    0x080001f4   Section        0  system_stm32f10x.o(.text)
    SetSysClockTo72                          0x080001f5   Thumb Code   214  system_stm32f10x.o(.text)
    SetSysClock                              0x080002cb   Thumb Code     8  system_stm32f10x.o(.text)
    .text                                    0x080003d4   Section        0  delay.o(.text)
    .text                                    0x080004a8   Section        0  sys.o(.text)
    .text                                    0x08000548   Section        0  usart3.o(.text)
    .text                                    0x080006a8   Section        0  control.o(.text)
    .text                                    0x080014e0   Section        0  exti.o(.text)
    .text                                    0x08001530   Section        0  motor.o(.text)
    .text                                    0x08001694   Section        0  pwm.o(.text)
    .text                                    0x08001740   Section        0  key.o(.text)
    .text                                    0x08001830   Section        0  servo.o(.text)
    .text                                    0x080018c4   Section        0  pid.o(.text)
    .text                                    0x08001a00   Section       36  startup_stm32f10x_md.o(.text)
    .text                                    0x08001a24   Section        0  misc.o(.text)
    .text                                    0x08001b00   Section        0  stm32f10x_exti.o(.text)
    .text                                    0x08001c1c   Section        0  stm32f10x_gpio.o(.text)
    .text                                    0x08001f78   Section        0  stm32f10x_rcc.o(.text)
    .text                                    0x0800231c   Section        0  stm32f10x_tim.o(.text)
    TI4_Config                               0x080027c3   Thumb Code   130  stm32f10x_tim.o(.text)
    TI3_Config                               0x08002857   Thumb Code   122  stm32f10x_tim.o(.text)
    TI2_Config                               0x080028eb   Thumb Code   130  stm32f10x_tim.o(.text)
    TI1_Config                               0x0800297f   Thumb Code   108  stm32f10x_tim.o(.text)
    .text                                    0x08003138   Section        0  stm32f10x_usart.o(.text)
    .text                                    0x08003540   Section        0  mpu6050.o(.text)
    .text                                    0x080038bc   Section        0  mpuiic.o(.text)
    .text                                    0x08003b28   Section        0  inv_mpu.o(.text)
    set_int_enable                           0x08003b29   Thumb Code   138  inv_mpu.o(.text)
    get_accel_prod_shift                     0x08004d99   Thumb Code   168  inv_mpu.o(.text)
    accel_self_test                          0x08004e41   Thumb Code   164  inv_mpu.o(.text)
    gyro_self_test                           0x08004ee5   Thumb Code   280  inv_mpu.o(.text)
    get_st_biases                            0x08004ffd   Thumb Code  1134  inv_mpu.o(.text)
    .text                                    0x08005db4   Section        0  inv_mpu_dmp_motion_driver.o(.text)
    decode_gesture                           0x08006869   Thumb Code    94  inv_mpu_dmp_motion_driver.o(.text)
    .text                                    0x08006b24   Section        0  ldiv.o(.text)
    .text                                    0x08006b86   Section        0  memseta.o(.text)
    .text                                    0x08006baa   Section        0  strstr.o(.text)
    .text                                    0x08006bce   Section        0  strcmp.o(.text)
    .text                                    0x08006bea   Section        0  memcmp.o(.text)
    .text                                    0x08006c04   Section        0  fadd.o(.text)
    .text                                    0x08006cb4   Section        0  fmul.o(.text)
    .text                                    0x08006d18   Section        0  fdiv.o(.text)
    .text                                    0x08006d94   Section        0  dadd.o(.text)
    .text                                    0x08006ee2   Section        0  dmul.o(.text)
    .text                                    0x08006fc6   Section        0  ddiv.o(.text)
    .text                                    0x080070a4   Section        0  fflti.o(.text)
    .text                                    0x080070b6   Section        0  ffltui.o(.text)
    .text                                    0x080070c0   Section        0  dflti.o(.text)
    .text                                    0x080070e2   Section        0  ffixi.o(.text)
    .text                                    0x08007114   Section        0  ffixui.o(.text)
    .text                                    0x0800713c   Section        0  dfixi.o(.text)
    .text                                    0x0800717a   Section        0  f2d.o(.text)
    .text                                    0x080071a0   Section        0  d2f.o(.text)
    .text                                    0x080071d8   Section       20  cfcmple.o(.text)
    .text                                    0x080071ec   Section       20  cfrcmple.o(.text)
    .text                                    0x08007200   Section        0  uldiv.o(.text)
    .text                                    0x08007262   Section        0  llshl.o(.text)
    .text                                    0x08007280   Section        0  llushr.o(.text)
    .text                                    0x080072a0   Section        0  llsshr.o(.text)
    .text                                    0x080072c4   Section        0  fepilogue.o(.text)
    .text                                    0x080072c4   Section        0  iusefp.o(.text)
    .text                                    0x08007332   Section        0  depilogue.o(.text)
    .text                                    0x080073ec   Section        0  dscalb.o(.text)
    .text                                    0x0800741c   Section       48  cdcmple.o(.text)
    .text                                    0x0800744c   Section       36  init.o(.text)
    .text                                    0x08007470   Section        0  dsqrt.o(.text)
    .text                                    0x08007512   Section        0  dfltui.o(.text)
    i.__0printf$8                            0x0800752c   Section        0  printf8.o(i.__0printf$8)
    i.__ARM_fpclassify                       0x0800754c   Section        0  fpclassify.o(i.__ARM_fpclassify)
    i.__ieee754_rem_pio2                     0x08007574   Section        0  rred.o(i.__ieee754_rem_pio2)
    i.__kernel_poly                          0x080078fc   Section        0  poly.o(i.__kernel_poly)
    i.__kernel_tan                           0x080079a8   Section        0  tan_i.o(i.__kernel_tan)
    i.__mathlib_dbl_infnan                   0x08007c24   Section        0  dunder.o(i.__mathlib_dbl_infnan)
    i.__mathlib_dbl_infnan2                  0x08007c2a   Section        0  dunder.o(i.__mathlib_dbl_infnan2)
    i.__mathlib_dbl_invalid                  0x08007c2e   Section        0  dunder.o(i.__mathlib_dbl_invalid)
    i.__mathlib_dbl_underflow                0x08007c3c   Section        0  dunder.o(i.__mathlib_dbl_underflow)
    i.__scatterload_copy                     0x08007c4c   Section       14  handlers.o(i.__scatterload_copy)
    i.__scatterload_null                     0x08007c5a   Section        2  handlers.o(i.__scatterload_null)
    i.__scatterload_zeroinit                 0x08007c5c   Section       14  handlers.o(i.__scatterload_zeroinit)
    i.__set_errno                            0x08007c6c   Section        0  errno.o(i.__set_errno)
    i._printf_core                           0x08007c78   Section        0  printf8.o(i._printf_core)
    _printf_core                             0x08007c79   Thumb Code   984  printf8.o(i._printf_core)
    i._printf_post_padding                   0x0800807c   Section        0  printf8.o(i._printf_post_padding)
    _printf_post_padding                     0x0800807d   Thumb Code    36  printf8.o(i._printf_post_padding)
    i._printf_pre_padding                    0x080080a0   Section        0  printf8.o(i._printf_pre_padding)
    _printf_pre_padding                      0x080080a1   Thumb Code    46  printf8.o(i._printf_pre_padding)
    i.asin                                   0x080080d0   Section        0  asin.o(i.asin)
    i.atan                                   0x08008340   Section        0  atan.o(i.atan)
    i.atan2                                  0x08008560   Section        0  atan2.o(i.atan2)
    i.sqrt                                   0x080086fc   Section        0  sqrt.o(i.sqrt)
    i.tan                                    0x08008748   Section        0  tan.o(i.tan)
    .constdata                               0x080087ac   Section       80  inv_mpu.o(.constdata)
    .constdata                               0x080087fc   Section     3062  inv_mpu_dmp_motion_driver.o(.constdata)
    dmp_memory                               0x080087fc   Data        3062  inv_mpu_dmp_motion_driver.o(.constdata)
    .constdata                               0x080093f8   Section       80  asin.o(.constdata)
    pS                                       0x080093f8   Data          48  asin.o(.constdata)
    qS                                       0x08009428   Data          32  asin.o(.constdata)
    .constdata                               0x08009448   Section      152  atan.o(.constdata)
    atanhi                                   0x08009448   Data          32  atan.o(.constdata)
    atanlo                                   0x08009468   Data          32  atan.o(.constdata)
    aTodd                                    0x08009488   Data          40  atan.o(.constdata)
    aTeven                                   0x080094b0   Data          48  atan.o(.constdata)
    .constdata                               0x080094e0   Section        8  qnan.o(.constdata)
    .constdata                               0x080094e8   Section      200  rred.o(.constdata)
    pio2s                                    0x080094e8   Data          48  rred.o(.constdata)
    twooverpi                                0x08009518   Data         152  rred.o(.constdata)
    .constdata                               0x080095b0   Section       96  tan_i.o(.constdata)
    Todd                                     0x080095b0   Data          48  tan_i.o(.constdata)
    Teven                                    0x080095e0   Data          48  tan_i.o(.constdata)
    .conststring                             0x08009610   Section       77  inv_mpu.o(.conststring)
    .data                                    0x20000000   Section       20  system_stm32f10x.o(.data)
    .data                                    0x20000014   Section        4  delay.o(.data)
    fac_us                                   0x20000014   Data           1  delay.o(.data)
    fac_ms                                   0x20000016   Data           2  delay.o(.data)
    .data                                    0x20000018   Section        1  usart3.o(.data)
    .data                                    0x2000001c   Section       24  control.o(.data)
    Time_Cnt                                 0x20000030   Data           2  control.o(.data)
    Timer_Cnt                                0x20000032   Data           2  control.o(.data)
    .data                                    0x20000034   Section       24  pid.o(.data)
    Error                                    0x20000034   Data           4  pid.o(.data)
    Position_PID_OUT                         0x20000038   Data           4  pid.o(.data)
    Integral_Error                           0x2000003c   Data           4  pid.o(.data)
    Error_Last                               0x20000040   Data           4  pid.o(.data)
    Actual_Val                               0x20000044   Data           4  pid.o(.data)
    Capture_Val                              0x20000048   Data           4  pid.o(.data)
    .data                                    0x2000004c   Section       20  stm32f10x_rcc.o(.data)
    APBAHBPrescTable                         0x2000004c   Data          16  stm32f10x_rcc.o(.data)
    ADCPrescTable                            0x2000005c   Data           4  stm32f10x_rcc.o(.data)
    .data                                    0x20000060   Section       53  inv_mpu.o(.data)
    st                                       0x20000060   Data          44  inv_mpu.o(.data)
    gyro_orientation                         0x2000008c   Data           9  inv_mpu.o(.data)
    .data                                    0x20000098   Section        4  stdout.o(.data)
    .data                                    0x2000009c   Section        4  errno.o(.data)
    _errno                                   0x2000009c   Data           4  errno.o(.data)
    .bss                                     0x200000a0   Section      128  usart3.o(.bss)
    .bss                                     0x20000120   Section       28  control.o(.bss)
    .bss                                     0x2000013c   Section       60  pid.o(.bss)
    .bss                                     0x20000178   Section       16  inv_mpu_dmp_motion_driver.o(.bss)
    dmp                                      0x20000178   Data          16  inv_mpu_dmp_motion_driver.o(.bss)
    STACK                                    0x20000188   Section     1024  startup_stm32f10x_md.o(STACK)

    Global Symbols

    Symbol Name                              Value     Ov Type        Size  Object(Section)

    BuildAttributes$$THM_ISAv4$P$D$K$B$S$PE$A:L22UL41UL21$X:L11$S22US41US21$IEEE1$IW$USESV6$~STKCKD$USESV7$~SHL$OTIME$ROPI$IEEEX$EBA8$MICROLIB$REQ8$PRES8$EABIv2 0x00000000   Number         0  anon$$obj.o ABSOLUTE
    __ARM_use_no_argv                        0x00000000   Number         0  main.o ABSOLUTE
    _printf_a                                0x00000000   Number         0  stubs.o ABSOLUTE
    _printf_c                                0x00000000   Number         0  stubs.o ABSOLUTE
    _printf_charcount                        0x00000000   Number         0  stubs.o ABSOLUTE
    _printf_d                                0x00000000   Number         0  stubs.o ABSOLUTE
    _printf_e                                0x00000000   Number         0  stubs.o ABSOLUTE
    _printf_f                                0x00000000   Number         0  stubs.o ABSOLUTE
    _printf_flags                            0x00000000   Number         0  stubs.o ABSOLUTE
    _printf_fp_dec                           0x00000000   Number         0  stubs.o ABSOLUTE
    _printf_fp_hex                           0x00000000   Number         0  stubs.o ABSOLUTE
    _printf_g                                0x00000000   Number         0  stubs.o ABSOLUTE
    _printf_i                                0x00000000   Number         0  stubs.o ABSOLUTE
    _printf_int_dec                          0x00000000   Number         0  stubs.o ABSOLUTE
    _printf_l                                0x00000000   Number         0  stubs.o ABSOLUTE
    _printf_lc                               0x00000000   Number         0  stubs.o ABSOLUTE
    _printf_ll                               0x00000000   Number         0  stubs.o ABSOLUTE
    _printf_lld                              0x00000000   Number         0  stubs.o ABSOLUTE
    _printf_lli                              0x00000000   Number         0  stubs.o ABSOLUTE
    _printf_llo                              0x00000000   Number         0  stubs.o ABSOLUTE
    _printf_llu                              0x00000000   Number         0  stubs.o ABSOLUTE
    _printf_llx                              0x00000000   Number         0  stubs.o ABSOLUTE
    _printf_longlong_dec                     0x00000000   Number         0  stubs.o ABSOLUTE
    _printf_longlong_hex                     0x00000000   Number         0  stubs.o ABSOLUTE
    _printf_longlong_oct                     0x00000000   Number         0  stubs.o ABSOLUTE
    _printf_ls                               0x00000000   Number         0  stubs.o ABSOLUTE
    _printf_mbtowc                           0x00000000   Number         0  stubs.o ABSOLUTE
    _printf_n                                0x00000000   Number         0  stubs.o ABSOLUTE
    _printf_o                                0x00000000   Number         0  stubs.o ABSOLUTE
    _printf_p                                0x00000000   Number         0  stubs.o ABSOLUTE
    _printf_percent                          0x00000000   Number         0  stubs.o ABSOLUTE
    _printf_pre_padding                      0x00000000   Number         0  stubs.o ABSOLUTE
    _printf_return_value                     0x00000000   Number         0  stubs.o ABSOLUTE
    _printf_s                                0x00000000   Number         0  stubs.o ABSOLUTE
    _printf_sizespec                         0x00000000   Number         0  stubs.o ABSOLUTE
    _printf_str                              0x00000000   Number         0  stubs.o ABSOLUTE
    _printf_truncate_signed                  0x00000000   Number         0  stubs.o ABSOLUTE
    _printf_truncate_unsigned                0x00000000   Number         0  stubs.o ABSOLUTE
    _printf_u                                0x00000000   Number         0  stubs.o ABSOLUTE
    _printf_wc                               0x00000000   Number         0  stubs.o ABSOLUTE
    _printf_wctomb                           0x00000000   Number         0  stubs.o ABSOLUTE
    _printf_widthprec                        0x00000000   Number         0  stubs.o ABSOLUTE
    _printf_x                                0x00000000   Number         0  stubs.o ABSOLUTE
    __arm_fini_                               - Undefined Weak Reference
    __cpp_initialize__aeabi_                  - Undefined Weak Reference
    __cxa_finalize                            - Undefined Weak Reference
    __decompress                              - Undefined Weak Reference
    _clock_init                               - Undefined Weak Reference
    _microlib_exit                            - Undefined Weak Reference
    __Vectors_Size                           0x000000ec   Number         0  startup_stm32f10x_md.o ABSOLUTE
    __Vectors                                0x08000000   Data           4  startup_stm32f10x_md.o(RESET)
    __Vectors_End                            0x080000ec   Data           0  startup_stm32f10x_md.o(RESET)
    __main                                   0x080000ed   Thumb Code     0  entry.o(.ARM.Collect$$$$00000000)
    _main_stk                                0x080000ed   Thumb Code     0  entry2.o(.ARM.Collect$$$$00000001)
    _main_scatterload                        0x080000f1   Thumb Code     0  entry5.o(.ARM.Collect$$$$00000004)
    __main_after_scatterload                 0x080000f5   Thumb Code     0  entry5.o(.ARM.Collect$$$$00000004)
    _main_clock                              0x080000f5   Thumb Code     0  entry7b.o(.ARM.Collect$$$$00000008)
    _main_cpp_init                           0x080000f5   Thumb Code     0  entry8b.o(.ARM.Collect$$$$0000000A)
    _main_init                               0x080000f5   Thumb Code     0  entry9a.o(.ARM.Collect$$$$0000000B)
    __rt_lib_shutdown_fini                   0x080000fd   Thumb Code     0  entry12b.o(.ARM.Collect$$$$0000000E)
    __rt_final_cpp                           0x08000101   Thumb Code     0  entry10a.o(.ARM.Collect$$$$0000000F)
    __rt_final_exit                          0x08000101   Thumb Code     0  entry11a.o(.ARM.Collect$$$$00000011)
    main                                     0x08000105   Thumb Code   172  main.o(.text)
    NMI_Handler                              0x080001d9   Thumb Code     2  stm32f10x_it.o(.text)
    HardFault_Handler                        0x080001db   Thumb Code     4  stm32f10x_it.o(.text)
    MemManage_Handler                        0x080001df   Thumb Code     4  stm32f10x_it.o(.text)
    BusFault_Handler                         0x080001e3   Thumb Code     4  stm32f10x_it.o(.text)
    UsageFault_Handler                       0x080001e7   Thumb Code     4  stm32f10x_it.o(.text)
    SVC_Handler                              0x080001eb   Thumb Code     2  stm32f10x_it.o(.text)
    DebugMon_Handler                         0x080001ed   Thumb Code     2  stm32f10x_it.o(.text)
    PendSV_Handler                           0x080001ef   Thumb Code     2  stm32f10x_it.o(.text)
    SysTick_Handler                          0x080001f1   Thumb Code     2  stm32f10x_it.o(.text)
    SystemInit                               0x080002d3   Thumb Code    78  system_stm32f10x.o(.text)
    SystemCoreClockUpdate                    0x08000321   Thumb Code   142  system_stm32f10x.o(.text)
    delay_init                               0x080003d5   Thumb Code    50  delay.o(.text)
    delay_us                                 0x08000407   Thumb Code    72  delay.o(.text)
    delay_ms                                 0x0800044f   Thumb Code    72  delay.o(.text)
    NVIC_Config                              0x080004a9   Thumb Code   158  sys.o(.text)
    Usart3_Init                              0x08000549   Thumb Code   132  usart3.o(.text)
    Usart3_SendByte                          0x080005cd   Thumb Code    28  usart3.o(.text)
    Usart3_SendString                        0x080005e9   Thumb Code    38  usart3.o(.text)
    USART3_IRQHandler                        0x0800060f   Thumb Code    52  usart3.o(.text)
    fputc                                    0x08000643   Thumb Code    24  usart3.o(.text)
    openMv_Proc                              0x0800065b   Thumb Code    44  usart3.o(.text)
    Position_PID_Servo_Realize               0x080006a9   Thumb Code    30  control.o(.text)
    EXTI9_5_IRQHandler                       0x080006c7   Thumb Code   178  control.o(.text)
    EXTI0_IRQHandler                         0x08000779   Thumb Code    32  control.o(.text)
    EXTI4_IRQHandler                         0x08000799   Thumb Code    34  control.o(.text)
    EXTI15_10_IRQHandler                     0x080007bb   Thumb Code    38  control.o(.text)
    Kinematic_Analysis                       0x080007e1   Thumb Code   330  control.o(.text)
    Control_Proc                             0x0800092b   Thumb Code  2962  control.o(.text)
    MPU6050_EXTI_Init                        0x080014e1   Thumb Code    74  exti.o(.text)
    Motor_Init                               0x08001531   Thumb Code    40  motor.o(.text)
    Limit                                    0x08001559   Thumb Code    90  motor.o(.text)
    abs                                      0x080015b3   Thumb Code    16  motor.o(.text)
    Load                                     0x080015c3   Thumb Code   130  motor.o(.text)
    set_motor_enable                         0x08001645   Thumb Code    24  motor.o(.text)
    set_motor_disable                        0x0800165d   Thumb Code    24  motor.o(.text)
    PWM_Init_TIM1                            0x08001695   Thumb Code   162  pwm.o(.text)
    LED_BEEP_GPIO_Config                     0x08001741   Thumb Code    74  key.o(.text)
    EXTIX_Init                               0x0800178b   Thumb Code   154  key.o(.text)
    TIM3_PWM_Init                            0x08001831   Thumb Code   140  servo.o(.text)
    PID_Param_Init                           0x080018c5   Thumb Code    16  pid.o(.text)
    Position_PID_Servo                       0x080018d5   Thumb Code   210  pid.o(.text)
    set_p_i_d                                0x080019a7   Thumb Code    24  pid.o(.text)
    get_pid_target                           0x080019bf   Thumb Code     6  pid.o(.text)
    set_pid_target                           0x080019c5   Thumb Code     2  pid.o(.text)
    Reset_Handler                            0x08001a01   Thumb Code     8  startup_stm32f10x_md.o(.text)
    ADC1_2_IRQHandler                        0x08001a1b   Thumb Code     0  startup_stm32f10x_md.o(.text)
    CAN1_RX1_IRQHandler                      0x08001a1b   Thumb Code     0  startup_stm32f10x_md.o(.text)
    CAN1_SCE_IRQHandler                      0x08001a1b   Thumb Code     0  startup_stm32f10x_md.o(.text)
    DMA1_Channel1_IRQHandler                 0x08001a1b   Thumb Code     0  startup_stm32f10x_md.o(.text)
    DMA1_Channel2_IRQHandler                 0x08001a1b   Thumb Code     0  startup_stm32f10x_md.o(.text)
    DMA1_Channel3_IRQHandler                 0x08001a1b   Thumb Code     0  startup_stm32f10x_md.o(.text)
    DMA1_Channel4_IRQHandler                 0x08001a1b   Thumb Code     0  startup_stm32f10x_md.o(.text)
    DMA1_Channel5_IRQHandler                 0x08001a1b   Thumb Code     0  startup_stm32f10x_md.o(.text)
    DMA1_Channel6_IRQHandler                 0x08001a1b   Thumb Code     0  startup_stm32f10x_md.o(.text)
    DMA1_Channel7_IRQHandler                 0x08001a1b   Thumb Code     0  startup_stm32f10x_md.o(.text)
    EXTI1_IRQHandler                         0x08001a1b   Thumb Code     0  startup_stm32f10x_md.o(.text)
    EXTI2_IRQHandler                         0x08001a1b   Thumb Code     0  startup_stm32f10x_md.o(.text)
    EXTI3_IRQHandler                         0x08001a1b   Thumb Code     0  startup_stm32f10x_md.o(.text)
    FLASH_IRQHandler                         0x08001a1b   Thumb Code     0  startup_stm32f10x_md.o(.text)
    I2C1_ER_IRQHandler                       0x08001a1b   Thumb Code     0  startup_stm32f10x_md.o(.text)
    I2C1_EV_IRQHandler                       0x08001a1b   Thumb Code     0  startup_stm32f10x_md.o(.text)
    I2C2_ER_IRQHandler                       0x08001a1b   Thumb Code     0  startup_stm32f10x_md.o(.text)
    I2C2_EV_IRQHandler                       0x08001a1b   Thumb Code     0  startup_stm32f10x_md.o(.text)
    PVD_IRQHandler                           0x08001a1b   Thumb Code     0  startup_stm32f10x_md.o(.text)
    RCC_IRQHandler                           0x08001a1b   Thumb Code     0  startup_stm32f10x_md.o(.text)
    RTCAlarm_IRQHandler                      0x08001a1b   Thumb Code     0  startup_stm32f10x_md.o(.text)
    RTC_IRQHandler                           0x08001a1b   Thumb Code     0  startup_stm32f10x_md.o(.text)
    SPI1_IRQHandler                          0x08001a1b   Thumb Code     0  startup_stm32f10x_md.o(.text)
    SPI2_IRQHandler                          0x08001a1b   Thumb Code     0  startup_stm32f10x_md.o(.text)
    TAMPER_IRQHandler                        0x08001a1b   Thumb Code     0  startup_stm32f10x_md.o(.text)
    TIM1_BRK_IRQHandler                      0x08001a1b   Thumb Code     0  startup_stm32f10x_md.o(.text)
    TIM1_CC_IRQHandler                       0x08001a1b   Thumb Code     0  startup_stm32f10x_md.o(.text)
    TIM1_TRG_COM_IRQHandler                  0x08001a1b   Thumb Code     0  startup_stm32f10x_md.o(.text)
    TIM1_UP_IRQHandler                       0x08001a1b   Thumb Code     0  startup_stm32f10x_md.o(.text)
    TIM2_IRQHandler                          0x08001a1b   Thumb Code     0  startup_stm32f10x_md.o(.text)
    TIM3_IRQHandler                          0x08001a1b   Thumb Code     0  startup_stm32f10x_md.o(.text)
    TIM4_IRQHandler                          0x08001a1b   Thumb Code     0  startup_stm32f10x_md.o(.text)
    USART1_IRQHandler                        0x08001a1b   Thumb Code     0  startup_stm32f10x_md.o(.text)
    USART2_IRQHandler                        0x08001a1b   Thumb Code     0  startup_stm32f10x_md.o(.text)
    USBWakeUp_IRQHandler                     0x08001a1b   Thumb Code     0  startup_stm32f10x_md.o(.text)
    USB_HP_CAN1_TX_IRQHandler                0x08001a1b   Thumb Code     0  startup_stm32f10x_md.o(.text)
    USB_LP_CAN1_RX0_IRQHandler               0x08001a1b   Thumb Code     0  startup_stm32f10x_md.o(.text)
    WWDG_IRQHandler                          0x08001a1b   Thumb Code     0  startup_stm32f10x_md.o(.text)
    NVIC_PriorityGroupConfig                 0x08001a25   Thumb Code    10  misc.o(.text)
    NVIC_Init                                0x08001a2f   Thumb Code   100  misc.o(.text)
    NVIC_SetVectorTable                      0x08001a93   Thumb Code    14  misc.o(.text)
    NVIC_SystemLPConfig                      0x08001aa1   Thumb Code    34  misc.o(.text)
    SysTick_CLKSourceConfig                  0x08001ac3   Thumb Code    40  misc.o(.text)
    EXTI_DeInit                              0x08001b01   Thumb Code    28  stm32f10x_exti.o(.text)
    EXTI_Init                                0x08001b1d   Thumb Code   142  stm32f10x_exti.o(.text)
    EXTI_StructInit                          0x08001bab   Thumb Code    16  stm32f10x_exti.o(.text)
    EXTI_GenerateSWInterrupt                 0x08001bbb   Thumb Code    16  stm32f10x_exti.o(.text)
    EXTI_GetFlagStatus                       0x08001bcb   Thumb Code    22  stm32f10x_exti.o(.text)
    EXTI_ClearFlag                           0x08001be1   Thumb Code     8  stm32f10x_exti.o(.text)
    EXTI_GetITStatus                         0x08001be9   Thumb Code    34  stm32f10x_exti.o(.text)
    EXTI_ClearITPendingBit                   0x08001c0b   Thumb Code     8  stm32f10x_exti.o(.text)
    GPIO_DeInit                              0x08001c1d   Thumb Code   172  stm32f10x_gpio.o(.text)
    GPIO_AFIODeInit                          0x08001cc9   Thumb Code    20  stm32f10x_gpio.o(.text)
    GPIO_Init                                0x08001cdd   Thumb Code   278  stm32f10x_gpio.o(.text)
    GPIO_StructInit                          0x08001df3   Thumb Code    16  stm32f10x_gpio.o(.text)
    GPIO_ReadInputDataBit                    0x08001e03   Thumb Code    18  stm32f10x_gpio.o(.text)
    GPIO_ReadInputData                       0x08001e15   Thumb Code     8  stm32f10x_gpio.o(.text)
    GPIO_ReadOutputDataBit                   0x08001e1d   Thumb Code    18  stm32f10x_gpio.o(.text)
    GPIO_ReadOutputData                      0x08001e2f   Thumb Code     8  stm32f10x_gpio.o(.text)
    GPIO_SetBits                             0x08001e37   Thumb Code     4  stm32f10x_gpio.o(.text)
    GPIO_ResetBits                           0x08001e3b   Thumb Code     4  stm32f10x_gpio.o(.text)
    GPIO_WriteBit                            0x08001e3f   Thumb Code    10  stm32f10x_gpio.o(.text)
    GPIO_Write                               0x08001e49   Thumb Code     4  stm32f10x_gpio.o(.text)
    GPIO_PinLockConfig                       0x08001e4d   Thumb Code    18  stm32f10x_gpio.o(.text)
    GPIO_EventOutputConfig                   0x08001e5f   Thumb Code    26  stm32f10x_gpio.o(.text)
    GPIO_EventOutputCmd                      0x08001e79   Thumb Code     6  stm32f10x_gpio.o(.text)
    GPIO_PinRemapConfig                      0x08001e7f   Thumb Code   138  stm32f10x_gpio.o(.text)
    GPIO_EXTILineConfig                      0x08001f09   Thumb Code    66  stm32f10x_gpio.o(.text)
    GPIO_ETH_MediaInterfaceConfig            0x08001f4b   Thumb Code     8  stm32f10x_gpio.o(.text)
    RCC_DeInit                               0x08001f79   Thumb Code    64  stm32f10x_rcc.o(.text)
    RCC_HSEConfig                            0x08001fb9   Thumb Code    70  stm32f10x_rcc.o(.text)
    RCC_GetFlagStatus                        0x08001fff   Thumb Code    56  stm32f10x_rcc.o(.text)
    RCC_WaitForHSEStartUp                    0x08002037   Thumb Code    56  stm32f10x_rcc.o(.text)
    RCC_AdjustHSICalibrationValue            0x0800206f   Thumb Code    20  stm32f10x_rcc.o(.text)
    RCC_HSICmd                               0x08002083   Thumb Code     6  stm32f10x_rcc.o(.text)
    RCC_PLLConfig                            0x08002089   Thumb Code    24  stm32f10x_rcc.o(.text)
    RCC_PLLCmd                               0x080020a1   Thumb Code     6  stm32f10x_rcc.o(.text)
    RCC_SYSCLKConfig                         0x080020a7   Thumb Code    18  stm32f10x_rcc.o(.text)
    RCC_GetSYSCLKSource                      0x080020b9   Thumb Code    10  stm32f10x_rcc.o(.text)
    RCC_HCLKConfig                           0x080020c3   Thumb Code    18  stm32f10x_rcc.o(.text)
    RCC_PCLK1Config                          0x080020d5   Thumb Code    18  stm32f10x_rcc.o(.text)
    RCC_PCLK2Config                          0x080020e7   Thumb Code    20  stm32f10x_rcc.o(.text)
    RCC_ITConfig                             0x080020fb   Thumb Code    26  stm32f10x_rcc.o(.text)
    RCC_USBCLKConfig                         0x08002115   Thumb Code     8  stm32f10x_rcc.o(.text)
    RCC_ADCCLKConfig                         0x0800211d   Thumb Code    18  stm32f10x_rcc.o(.text)
    RCC_LSEConfig                            0x0800212f   Thumb Code    50  stm32f10x_rcc.o(.text)
    RCC_LSICmd                               0x08002161   Thumb Code     6  stm32f10x_rcc.o(.text)
    RCC_RTCCLKConfig                         0x08002167   Thumb Code    12  stm32f10x_rcc.o(.text)
    RCC_RTCCLKCmd                            0x08002173   Thumb Code     8  stm32f10x_rcc.o(.text)
    RCC_GetClocksFreq                        0x0800217b   Thumb Code   192  stm32f10x_rcc.o(.text)
    RCC_AHBPeriphClockCmd                    0x0800223b   Thumb Code    26  stm32f10x_rcc.o(.text)
    RCC_APB2PeriphClockCmd                   0x08002255   Thumb Code    26  stm32f10x_rcc.o(.text)
    RCC_APB1PeriphClockCmd                   0x0800226f   Thumb Code    26  stm32f10x_rcc.o(.text)
    RCC_APB2PeriphResetCmd                   0x08002289   Thumb Code    26  stm32f10x_rcc.o(.text)
    RCC_APB1PeriphResetCmd                   0x080022a3   Thumb Code    26  stm32f10x_rcc.o(.text)
    RCC_BackupResetCmd                       0x080022bd   Thumb Code     8  stm32f10x_rcc.o(.text)
    RCC_ClockSecuritySystemCmd               0x080022c5   Thumb Code     6  stm32f10x_rcc.o(.text)
    RCC_MCOConfig                            0x080022cb   Thumb Code     6  stm32f10x_rcc.o(.text)
    RCC_ClearFlag                            0x080022d1   Thumb Code    14  stm32f10x_rcc.o(.text)
    RCC_GetITStatus                          0x080022df   Thumb Code    20  stm32f10x_rcc.o(.text)
    RCC_ClearITPendingBit                    0x080022f3   Thumb Code     6  stm32f10x_rcc.o(.text)
    TIM_DeInit                               0x0800231d   Thumb Code   424  stm32f10x_tim.o(.text)
    TIM_TimeBaseInit                         0x080024c5   Thumb Code   122  stm32f10x_tim.o(.text)
    TIM_OC1Init                              0x0800253f   Thumb Code   132  stm32f10x_tim.o(.text)
    TIM_OC2Init                              0x080025c3   Thumb Code   154  stm32f10x_tim.o(.text)
    TIM_OC3Init                              0x0800265d   Thumb Code   150  stm32f10x_tim.o(.text)
    TIM_OC4Init                              0x080026f3   Thumb Code   182  stm32f10x_tim.o(.text)
    TIM_SetIC4Prescaler                      0x080027a9   Thumb Code    26  stm32f10x_tim.o(.text)
    TIM_SetIC3Prescaler                      0x08002845   Thumb Code    18  stm32f10x_tim.o(.text)
    TIM_SetIC2Prescaler                      0x080028d1   Thumb Code    26  stm32f10x_tim.o(.text)
    TIM_SetIC1Prescaler                      0x0800296d   Thumb Code    18  stm32f10x_tim.o(.text)
    TIM_ICInit                               0x080029eb   Thumb Code   150  stm32f10x_tim.o(.text)
    TIM_PWMIConfig                           0x08002a81   Thumb Code   124  stm32f10x_tim.o(.text)
    TIM_BDTRConfig                           0x08002afd   Thumb Code    32  stm32f10x_tim.o(.text)
    TIM_TimeBaseStructInit                   0x08002b1d   Thumb Code    18  stm32f10x_tim.o(.text)
    TIM_OCStructInit                         0x08002b2f   Thumb Code    20  stm32f10x_tim.o(.text)
    TIM_ICStructInit                         0x08002b43   Thumb Code    18  stm32f10x_tim.o(.text)
    TIM_BDTRStructInit                       0x08002b55   Thumb Code    40  stm32f10x_tim.o(.text)
    TIM_Cmd                                  0x08002b7d   Thumb Code    24  stm32f10x_tim.o(.text)
    TIM_CtrlPWMOutputs                       0x08002b95   Thumb Code    30  stm32f10x_tim.o(.text)
    TIM_ITConfig                             0x08002bb3   Thumb Code    18  stm32f10x_tim.o(.text)
    TIM_GenerateEvent                        0x08002bc5   Thumb Code     4  stm32f10x_tim.o(.text)
    TIM_DMAConfig                            0x08002bc9   Thumb Code    10  stm32f10x_tim.o(.text)
    TIM_DMACmd                               0x08002bd3   Thumb Code    18  stm32f10x_tim.o(.text)
    TIM_InternalClockConfig                  0x08002be5   Thumb Code    12  stm32f10x_tim.o(.text)
    TIM_SelectInputTrigger                   0x08002bf1   Thumb Code    18  stm32f10x_tim.o(.text)
    TIM_ITRxExternalClockConfig              0x08002c03   Thumb Code    24  stm32f10x_tim.o(.text)
    TIM_TIxExternalClockConfig               0x08002c1b   Thumb Code    62  stm32f10x_tim.o(.text)
    TIM_ETRConfig                            0x08002c59   Thumb Code    28  stm32f10x_tim.o(.text)
    TIM_ETRClockMode1Config                  0x08002c75   Thumb Code    54  stm32f10x_tim.o(.text)
    TIM_ETRClockMode2Config                  0x08002cab   Thumb Code    32  stm32f10x_tim.o(.text)
    TIM_PrescalerConfig                      0x08002ccb   Thumb Code     6  stm32f10x_tim.o(.text)
    TIM_CounterModeConfig                    0x08002cd1   Thumb Code    18  stm32f10x_tim.o(.text)
    TIM_EncoderInterfaceConfig               0x08002ce3   Thumb Code    66  stm32f10x_tim.o(.text)
    TIM_ForcedOC1Config                      0x08002d25   Thumb Code    18  stm32f10x_tim.o(.text)
    TIM_ForcedOC2Config                      0x08002d37   Thumb Code    26  stm32f10x_tim.o(.text)
    TIM_ForcedOC3Config                      0x08002d51   Thumb Code    18  stm32f10x_tim.o(.text)
    TIM_ForcedOC4Config                      0x08002d63   Thumb Code    26  stm32f10x_tim.o(.text)
    TIM_ARRPreloadConfig                     0x08002d7d   Thumb Code    24  stm32f10x_tim.o(.text)
    TIM_SelectCOM                            0x08002d95   Thumb Code    24  stm32f10x_tim.o(.text)
    TIM_SelectCCDMA                          0x08002dad   Thumb Code    24  stm32f10x_tim.o(.text)
    TIM_CCPreloadControl                     0x08002dc5   Thumb Code    24  stm32f10x_tim.o(.text)
    TIM_OC1PreloadConfig                     0x08002ddd   Thumb Code    18  stm32f10x_tim.o(.text)
    TIM_OC2PreloadConfig                     0x08002def   Thumb Code    26  stm32f10x_tim.o(.text)
    TIM_OC3PreloadConfig                     0x08002e09   Thumb Code    18  stm32f10x_tim.o(.text)
    TIM_OC4PreloadConfig                     0x08002e1b   Thumb Code    26  stm32f10x_tim.o(.text)
    TIM_OC1FastConfig                        0x08002e35   Thumb Code    18  stm32f10x_tim.o(.text)
    TIM_OC2FastConfig                        0x08002e47   Thumb Code    26  stm32f10x_tim.o(.text)
    TIM_OC3FastConfig                        0x08002e61   Thumb Code    18  stm32f10x_tim.o(.text)
    TIM_OC4FastConfig                        0x08002e73   Thumb Code    26  stm32f10x_tim.o(.text)
    TIM_ClearOC1Ref                          0x08002e8d   Thumb Code    18  stm32f10x_tim.o(.text)
    TIM_ClearOC2Ref                          0x08002e9f   Thumb Code    24  stm32f10x_tim.o(.text)
    TIM_ClearOC3Ref                          0x08002eb7   Thumb Code    18  stm32f10x_tim.o(.text)
    TIM_ClearOC4Ref                          0x08002ec9   Thumb Code    24  stm32f10x_tim.o(.text)
    TIM_OC1PolarityConfig                    0x08002ee1   Thumb Code    18  stm32f10x_tim.o(.text)
    TIM_OC1NPolarityConfig                   0x08002ef3   Thumb Code    18  stm32f10x_tim.o(.text)
    TIM_OC2PolarityConfig                    0x08002f05   Thumb Code    26  stm32f10x_tim.o(.text)
    TIM_OC2NPolarityConfig                   0x08002f1f   Thumb Code    26  stm32f10x_tim.o(.text)
    TIM_OC3PolarityConfig                    0x08002f39   Thumb Code    26  stm32f10x_tim.o(.text)
    TIM_OC3NPolarityConfig                   0x08002f53   Thumb Code    26  stm32f10x_tim.o(.text)
    TIM_OC4PolarityConfig                    0x08002f6d   Thumb Code    26  stm32f10x_tim.o(.text)
    TIM_CCxCmd                               0x08002f87   Thumb Code    30  stm32f10x_tim.o(.text)
    TIM_CCxNCmd                              0x08002fa5   Thumb Code    30  stm32f10x_tim.o(.text)
    TIM_SelectOCxM                           0x08002fc3   Thumb Code    82  stm32f10x_tim.o(.text)
    TIM_UpdateDisableConfig                  0x08003015   Thumb Code    24  stm32f10x_tim.o(.text)
    TIM_UpdateRequestConfig                  0x0800302d   Thumb Code    24  stm32f10x_tim.o(.text)
    TIM_SelectHallSensor                     0x08003045   Thumb Code    24  stm32f10x_tim.o(.text)
    TIM_SelectOnePulseMode                   0x0800305d   Thumb Code    18  stm32f10x_tim.o(.text)
    TIM_SelectOutputTrigger                  0x0800306f   Thumb Code    18  stm32f10x_tim.o(.text)
    TIM_SelectSlaveMode                      0x08003081   Thumb Code    18  stm32f10x_tim.o(.text)
    TIM_SelectMasterSlaveMode                0x08003093   Thumb Code    18  stm32f10x_tim.o(.text)
    TIM_SetCounter                           0x080030a5   Thumb Code     4  stm32f10x_tim.o(.text)
    TIM_SetAutoreload                        0x080030a9   Thumb Code     4  stm32f10x_tim.o(.text)
    TIM_SetCompare1                          0x080030ad   Thumb Code     4  stm32f10x_tim.o(.text)
    TIM_SetCompare2                          0x080030b1   Thumb Code     4  stm32f10x_tim.o(.text)
    TIM_SetCompare3                          0x080030b5   Thumb Code     4  stm32f10x_tim.o(.text)
    TIM_SetCompare4                          0x080030b9   Thumb Code     6  stm32f10x_tim.o(.text)
    TIM_SetClockDivision                     0x080030bf   Thumb Code    18  stm32f10x_tim.o(.text)
    TIM_GetCapture1                          0x080030d1   Thumb Code     6  stm32f10x_tim.o(.text)
    TIM_GetCapture2                          0x080030d7   Thumb Code     6  stm32f10x_tim.o(.text)
    TIM_GetCapture3                          0x080030dd   Thumb Code     6  stm32f10x_tim.o(.text)
    TIM_GetCapture4                          0x080030e3   Thumb Code     8  stm32f10x_tim.o(.text)
    TIM_GetCounter                           0x080030eb   Thumb Code     6  stm32f10x_tim.o(.text)
    TIM_GetPrescaler                         0x080030f1   Thumb Code     6  stm32f10x_tim.o(.text)
    TIM_GetFlagStatus                        0x080030f7   Thumb Code    18  stm32f10x_tim.o(.text)
    TIM_ClearFlag                            0x08003109   Thumb Code     6  stm32f10x_tim.o(.text)
    TIM_GetITStatus                          0x0800310f   Thumb Code    34  stm32f10x_tim.o(.text)
    TIM_ClearITPendingBit                    0x08003131   Thumb Code     6  stm32f10x_tim.o(.text)
    USART_DeInit                             0x08003139   Thumb Code   134  stm32f10x_usart.o(.text)
    USART_Init                               0x080031bf   Thumb Code   210  stm32f10x_usart.o(.text)
    USART_StructInit                         0x08003291   Thumb Code    24  stm32f10x_usart.o(.text)
    USART_ClockInit                          0x080032a9   Thumb Code    34  stm32f10x_usart.o(.text)
    USART_ClockStructInit                    0x080032cb   Thumb Code    12  stm32f10x_usart.o(.text)
    USART_Cmd                                0x080032d7   Thumb Code    24  stm32f10x_usart.o(.text)
    USART_ITConfig                           0x080032ef   Thumb Code    74  stm32f10x_usart.o(.text)
    USART_DMACmd                             0x08003339   Thumb Code    18  stm32f10x_usart.o(.text)
    USART_SetAddress                         0x0800334b   Thumb Code    18  stm32f10x_usart.o(.text)
    USART_WakeUpConfig                       0x0800335d   Thumb Code    18  stm32f10x_usart.o(.text)
    USART_ReceiverWakeUpCmd                  0x0800336f   Thumb Code    24  stm32f10x_usart.o(.text)
    USART_LINBreakDetectLengthConfig         0x08003387   Thumb Code    18  stm32f10x_usart.o(.text)
    USART_LINCmd                             0x08003399   Thumb Code    24  stm32f10x_usart.o(.text)
    USART_SendData                           0x080033b1   Thumb Code     8  stm32f10x_usart.o(.text)
    USART_ReceiveData                        0x080033b9   Thumb Code    10  stm32f10x_usart.o(.text)
    USART_SendBreak                          0x080033c3   Thumb Code    10  stm32f10x_usart.o(.text)
    USART_SetGuardTime                       0x080033cd   Thumb Code    16  stm32f10x_usart.o(.text)
    USART_SetPrescaler                       0x080033dd   Thumb Code    16  stm32f10x_usart.o(.text)
    USART_SmartCardCmd                       0x080033ed   Thumb Code    24  stm32f10x_usart.o(.text)
    USART_SmartCardNACKCmd                   0x08003405   Thumb Code    24  stm32f10x_usart.o(.text)
    USART_HalfDuplexCmd                      0x0800341d   Thumb Code    24  stm32f10x_usart.o(.text)
    USART_OverSampling8Cmd                   0x08003435   Thumb Code    22  stm32f10x_usart.o(.text)
    USART_OneBitMethodCmd                    0x0800344b   Thumb Code    24  stm32f10x_usart.o(.text)
    USART_IrDAConfig                         0x08003463   Thumb Code    18  stm32f10x_usart.o(.text)
    USART_IrDACmd                            0x08003475   Thumb Code    24  stm32f10x_usart.o(.text)
    USART_GetFlagStatus                      0x0800348d   Thumb Code    26  stm32f10x_usart.o(.text)
    USART_ClearFlag                          0x080034a7   Thumb Code    18  stm32f10x_usart.o(.text)
    USART_GetITStatus                        0x080034b9   Thumb Code    84  stm32f10x_usart.o(.text)
    USART_ClearITPendingBit                  0x0800350d   Thumb Code    52  stm32f10x_usart.o(.text)
    MPU_Write_Byte                           0x08003541   Thumb Code    68  mpu6050.o(.text)
    MPU_Set_LPF                              0x08003585   Thumb Code    58  mpu6050.o(.text)
    MPU_Set_Rate                             0x080035bf   Thumb Code    58  mpu6050.o(.text)
    MPU_Read_Byte                            0x080035f9   Thumb Code    58  mpu6050.o(.text)
    MPU_Set_Accel_Fsr                        0x08003633   Thumb Code    16  mpu6050.o(.text)
    MPU_Set_Gyro_Fsr                         0x08003643   Thumb Code    16  mpu6050.o(.text)
    MPU_Init                                 0x08003653   Thumb Code   136  mpu6050.o(.text)
    MPU_Read_Len                             0x080036db   Thumb Code   116  mpu6050.o(.text)
    MPU_Get_Temperature                      0x0800374f   Thumb Code    86  mpu6050.o(.text)
    MPU_Get_Gyroscope                        0x080037a5   Thumb Code    80  mpu6050.o(.text)
    MPU_Get_Accelerometer                    0x080037f5   Thumb Code    80  mpu6050.o(.text)
    MPU_Write_Len                            0x08003845   Thumb Code    96  mpu6050.o(.text)
    MPU_IIC_Delay                            0x080038bd   Thumb Code    10  mpuiic.o(.text)
    MPU_IIC_Init                             0x080038c7   Thumb Code    50  mpuiic.o(.text)
    MPU_IIC_Start                            0x080038f9   Thumb Code    64  mpuiic.o(.text)
    MPU_IIC_Stop                             0x08003939   Thumb Code    66  mpuiic.o(.text)
    MPU_IIC_Wait_Ack                         0x0800397b   Thumb Code    90  mpuiic.o(.text)
    MPU_IIC_Ack                              0x080039d5   Thumb Code    70  mpuiic.o(.text)
    MPU_IIC_NAck                             0x08003a1b   Thumb Code    70  mpuiic.o(.text)
    MPU_IIC_Send_Byte                        0x08003a61   Thumb Code    86  mpuiic.o(.text)
    MPU_IIC_Read_Byte                        0x08003ab7   Thumb Code   100  mpuiic.o(.text)
    mpu_reg_dump                             0x08003bb3   Thumb Code    84  inv_mpu.o(.text)
    mpu_read_reg                             0x08003c07   Thumb Code    66  inv_mpu.o(.text)
    mpu_set_int_latched                      0x08003c49   Thumb Code   102  inv_mpu.o(.text)
    mpu_set_sensors                          0x08003caf   Thumb Code   202  inv_mpu.o(.text)
    mpu_set_bypass                           0x08003d79   Thumb Code   328  inv_mpu.o(.text)
    mpu_reset_fifo                           0x08003ec1   Thumb Code   472  inv_mpu.o(.text)
    mpu_configure_fifo                       0x08004099   Thumb Code   106  inv_mpu.o(.text)
    mpu_set_lpf                              0x08004103   Thumb Code   126  inv_mpu.o(.text)
    mpu_lp_accel_mode                        0x08004181   Thumb Code   218  inv_mpu.o(.text)
    mpu_set_sample_rate                      0x0800425b   Thumb Code   152  inv_mpu.o(.text)
    mpu_set_accel_fsr                        0x080042f3   Thumb Code   132  inv_mpu.o(.text)
    mpu_set_gyro_fsr                         0x08004377   Thumb Code   132  inv_mpu.o(.text)
    mpu_init                                 0x080043fb   Thumb Code   416  inv_mpu.o(.text)
    mget_ms                                  0x0800459b   Thumb Code     2  inv_mpu.o(.text)
    mpu_get_gyro_reg                         0x0800459d   Thumb Code   110  inv_mpu.o(.text)
    mpu_get_accel_reg                        0x0800460b   Thumb Code   110  inv_mpu.o(.text)
    mpu_get_temperature                      0x08004679   Thumb Code   150  inv_mpu.o(.text)
    mpu_set_accel_bias                       0x0800470f   Thumb Code   468  inv_mpu.o(.text)
    mpu_get_gyro_fsr                         0x080048e3   Thumb Code    64  inv_mpu.o(.text)
    mpu_get_accel_fsr                        0x08004923   Thumb Code    72  inv_mpu.o(.text)
    mpu_get_lpf                              0x0800496b   Thumb Code    74  inv_mpu.o(.text)
    mpu_get_sample_rate                      0x080049b5   Thumb Code    26  inv_mpu.o(.text)
    mpu_get_compass_sample_rate              0x080049cf   Thumb Code    10  inv_mpu.o(.text)
    mpu_set_compass_sample_rate              0x080049d9   Thumb Code     8  inv_mpu.o(.text)
    mpu_get_gyro_sens                        0x080049e1   Thumb Code    58  inv_mpu.o(.text)
    mpu_get_accel_sens                       0x08004a1b   Thumb Code    78  inv_mpu.o(.text)
    mpu_get_fifo_config                      0x08004a69   Thumb Code    12  inv_mpu.o(.text)
    mpu_get_power_state                      0x08004a75   Thumb Code    22  inv_mpu.o(.text)
    mpu_get_int_status                       0x08004a8b   Thumb Code    64  inv_mpu.o(.text)
    mpu_read_fifo                            0x08004acb   Thumb Code   520  inv_mpu.o(.text)
    mpu_read_fifo_stream                     0x08004cd3   Thumb Code   186  inv_mpu.o(.text)
    mpu_set_int_level                        0x08004d8d   Thumb Code    12  inv_mpu.o(.text)
    mpu_set_dmp_state                        0x0800546b   Thumb Code   138  inv_mpu.o(.text)
    mpu_run_self_test                        0x080054f5   Thumb Code   278  inv_mpu.o(.text)
    mpu_write_mem                            0x0800560b   Thumb Code   122  inv_mpu.o(.text)
    mpu_read_mem                             0x08005685   Thumb Code   122  inv_mpu.o(.text)
    mpu_load_firmware                        0x080056ff   Thumb Code   192  inv_mpu.o(.text)
    mpu_get_dmp_state                        0x080057bf   Thumb Code    14  inv_mpu.o(.text)
    setup_compass                            0x080057cd   Thumb Code     6  inv_mpu.o(.text)
    mpu_get_compass_reg                      0x080057d3   Thumb Code     8  inv_mpu.o(.text)
    mpu_get_compass_fsr                      0x080057db   Thumb Code     8  inv_mpu.o(.text)
    mpu_lp_motion_interrupt                  0x080057e3   Thumb Code   512  inv_mpu.o(.text)
    run_self_test                            0x080059e3   Thumb Code   148  inv_mpu.o(.text)
    inv_row_2_scale                          0x08005a77   Thumb Code    78  inv_mpu.o(.text)
    inv_orientation_matrix_to_scalar         0x08005ac5   Thumb Code    40  inv_mpu.o(.text)
    mpu_dmp_init                             0x08005aed   Thumb Code   154  inv_mpu.o(.text)
    mpu_dmp_get_data                         0x08005b87   Thumb Code   554  inv_mpu.o(.text)
    dmp_load_motion_driver_firmware          0x08005db5   Thumb Code    20  inv_mpu_dmp_motion_driver.o(.text)
    dmp_set_orientation                      0x08005dc9   Thumb Code   290  inv_mpu_dmp_motion_driver.o(.text)
    dmp_set_gyro_bias                        0x08005eeb   Thumb Code   294  inv_mpu_dmp_motion_driver.o(.text)
    dmp_set_accel_bias                       0x08006011   Thumb Code   300  inv_mpu_dmp_motion_driver.o(.text)
    dmp_set_fifo_rate                        0x0800613d   Thumb Code   136  inv_mpu_dmp_motion_driver.o(.text)
    dmp_get_fifo_rate                        0x080061c5   Thumb Code    12  inv_mpu_dmp_motion_driver.o(.text)
    dmp_set_tap_thresh                       0x080061d1   Thumb Code   396  inv_mpu_dmp_motion_driver.o(.text)
    dmp_set_tap_axes                         0x0800635d   Thumb Code    70  inv_mpu_dmp_motion_driver.o(.text)
    dmp_set_tap_count                        0x080063a3   Thumb Code    38  inv_mpu_dmp_motion_driver.o(.text)
    dmp_set_tap_time                         0x080063c9   Thumb Code    38  inv_mpu_dmp_motion_driver.o(.text)
    dmp_set_tap_time_multi                   0x080063ef   Thumb Code    38  inv_mpu_dmp_motion_driver.o(.text)
    dmp_set_shake_reject_thresh              0x08006415   Thumb Code    56  inv_mpu_dmp_motion_driver.o(.text)
    dmp_set_shake_reject_time                0x0800644d   Thumb Code    38  inv_mpu_dmp_motion_driver.o(.text)
    dmp_set_shake_reject_timeout             0x08006473   Thumb Code    38  inv_mpu_dmp_motion_driver.o(.text)
    dmp_get_pedometer_step_count             0x08006499   Thumb Code    66  inv_mpu_dmp_motion_driver.o(.text)
    dmp_set_pedometer_step_count             0x080064db   Thumb Code    42  inv_mpu_dmp_motion_driver.o(.text)
    dmp_get_pedometer_walk_time              0x08006505   Thumb Code    72  inv_mpu_dmp_motion_driver.o(.text)
    dmp_set_pedometer_walk_time              0x0800654d   Thumb Code    48  inv_mpu_dmp_motion_driver.o(.text)
    dmp_enable_6x_lp_quat                    0x0800657d   Thumb Code    84  inv_mpu_dmp_motion_driver.o(.text)
    dmp_enable_lp_quat                       0x080065d1   Thumb Code    60  inv_mpu_dmp_motion_driver.o(.text)
    dmp_enable_gyro_cal                      0x0800660d   Thumb Code    62  inv_mpu_dmp_motion_driver.o(.text)
    dmp_enable_feature                       0x0800664b   Thumb Code   530  inv_mpu_dmp_motion_driver.o(.text)
    dmp_get_enabled_features                 0x0800685d   Thumb Code    12  inv_mpu_dmp_motion_driver.o(.text)
    dmp_set_interrupt_mode                   0x080068c7   Thumb Code    66  inv_mpu_dmp_motion_driver.o(.text)
    dmp_read_fifo                            0x08006909   Thumb Code   514  inv_mpu_dmp_motion_driver.o(.text)
    dmp_register_tap_cb                      0x08006b0b   Thumb Code    10  inv_mpu_dmp_motion_driver.o(.text)
    dmp_register_android_orient_cb           0x08006b15   Thumb Code    10  inv_mpu_dmp_motion_driver.o(.text)
    __aeabi_ldivmod                          0x08006b25   Thumb Code    98  ldiv.o(.text)
    __aeabi_memset                           0x08006b87   Thumb Code    14  memseta.o(.text)
    __aeabi_memset4                          0x08006b87   Thumb Code     0  memseta.o(.text)
    __aeabi_memset8                          0x08006b87   Thumb Code     0  memseta.o(.text)
    __aeabi_memclr                           0x08006b95   Thumb Code     4  memseta.o(.text)
    __aeabi_memclr4                          0x08006b95   Thumb Code     0  memseta.o(.text)
    __aeabi_memclr8                          0x08006b95   Thumb Code     0  memseta.o(.text)
    _memset$wrapper                          0x08006b99   Thumb Code    18  memseta.o(.text)
    strstr                                   0x08006bab   Thumb Code    36  strstr.o(.text)
    strcmp                                   0x08006bcf   Thumb Code    28  strcmp.o(.text)
    memcmp                                   0x08006beb   Thumb Code    26  memcmp.o(.text)
    __aeabi_fadd                             0x08006c05   Thumb Code   164  fadd.o(.text)
    __aeabi_fsub                             0x08006ca9   Thumb Code     6  fadd.o(.text)
    __aeabi_frsub                            0x08006caf   Thumb Code     6  fadd.o(.text)
    __aeabi_fmul                             0x08006cb5   Thumb Code   100  fmul.o(.text)
    __aeabi_fdiv                             0x08006d19   Thumb Code   124  fdiv.o(.text)
    __aeabi_dadd                             0x08006d95   Thumb Code   322  dadd.o(.text)
    __aeabi_dsub                             0x08006ed7   Thumb Code     6  dadd.o(.text)
    __aeabi_drsub                            0x08006edd   Thumb Code     6  dadd.o(.text)
    __aeabi_dmul                             0x08006ee3   Thumb Code   228  dmul.o(.text)
    __aeabi_ddiv                             0x08006fc7   Thumb Code   222  ddiv.o(.text)
    __aeabi_i2f                              0x080070a5   Thumb Code    18  fflti.o(.text)
    __aeabi_ui2f                             0x080070b7   Thumb Code    10  ffltui.o(.text)
    __aeabi_i2d                              0x080070c1   Thumb Code    34  dflti.o(.text)
    __aeabi_f2iz                             0x080070e3   Thumb Code    50  ffixi.o(.text)
    __aeabi_f2uiz                            0x08007115   Thumb Code    40  ffixui.o(.text)
    __aeabi_d2iz                             0x0800713d   Thumb Code    62  dfixi.o(.text)
    __aeabi_f2d                              0x0800717b   Thumb Code    38  f2d.o(.text)
    __aeabi_d2f                              0x080071a1   Thumb Code    56  d2f.o(.text)
    __aeabi_cfcmpeq                          0x080071d9   Thumb Code     0  cfcmple.o(.text)
    __aeabi_cfcmple                          0x080071d9   Thumb Code    20  cfcmple.o(.text)
    __aeabi_cfrcmple                         0x080071ed   Thumb Code    20  cfrcmple.o(.text)
    __aeabi_uldivmod                         0x08007201   Thumb Code    98  uldiv.o(.text)
    __aeabi_llsl                             0x08007263   Thumb Code    30  llshl.o(.text)
    _ll_shift_l                              0x08007263   Thumb Code     0  llshl.o(.text)
    __aeabi_llsr                             0x08007281   Thumb Code    32  llushr.o(.text)
    _ll_ushift_r                             0x08007281   Thumb Code     0  llushr.o(.text)
    __aeabi_lasr                             0x080072a1   Thumb Code    36  llsshr.o(.text)
    _ll_sshift_r                             0x080072a1   Thumb Code     0  llsshr.o(.text)
    __I$use$fp                               0x080072c5   Thumb Code     0  iusefp.o(.text)
    _float_round                             0x080072c5   Thumb Code    18  fepilogue.o(.text)
    _float_epilogue                          0x080072d7   Thumb Code    92  fepilogue.o(.text)
    _double_round                            0x08007333   Thumb Code    30  depilogue.o(.text)
    _double_epilogue                         0x08007351   Thumb Code   156  depilogue.o(.text)
    __ARM_scalbn                             0x080073ed   Thumb Code    46  dscalb.o(.text)
    scalbn                                   0x080073ed   Thumb Code     0  dscalb.o(.text)
    __aeabi_cdcmpeq                          0x0800741d   Thumb Code     0  cdcmple.o(.text)
    __aeabi_cdcmple                          0x0800741d   Thumb Code    48  cdcmple.o(.text)
    __scatterload                            0x0800744d   Thumb Code    28  init.o(.text)
    __scatterload_rt2                        0x0800744d   Thumb Code     0  init.o(.text)
    _dsqrt                                   0x08007471   Thumb Code   162  dsqrt.o(.text)
    __aeabi_ui2d                             0x08007513   Thumb Code    26  dfltui.o(.text)
    __0printf$8                              0x0800752d   Thumb Code    22  printf8.o(i.__0printf$8)
    __1printf$8                              0x0800752d   Thumb Code     0  printf8.o(i.__0printf$8)
    __2printf                                0x0800752d   Thumb Code     0  printf8.o(i.__0printf$8)
    __ARM_fpclassify                         0x0800754d   Thumb Code    40  fpclassify.o(i.__ARM_fpclassify)
    __ieee754_rem_pio2                       0x08007575   Thumb Code   828  rred.o(i.__ieee754_rem_pio2)
    __kernel_poly                            0x080078fd   Thumb Code   170  poly.o(i.__kernel_poly)
    __kernel_tan                             0x080079a9   Thumb Code   586  tan_i.o(i.__kernel_tan)
    __mathlib_dbl_infnan                     0x08007c25   Thumb Code     6  dunder.o(i.__mathlib_dbl_infnan)
    __mathlib_dbl_infnan2                    0x08007c2b   Thumb Code     4  dunder.o(i.__mathlib_dbl_infnan2)
    __mathlib_dbl_invalid                    0x08007c2f   Thumb Code    12  dunder.o(i.__mathlib_dbl_invalid)
    __mathlib_dbl_underflow                  0x08007c3d   Thumb Code    10  dunder.o(i.__mathlib_dbl_underflow)
    __scatterload_copy                       0x08007c4d   Thumb Code    14  handlers.o(i.__scatterload_copy)
    __scatterload_null                       0x08007c5b   Thumb Code     2  handlers.o(i.__scatterload_null)
    __scatterload_zeroinit                   0x08007c5d   Thumb Code    14  handlers.o(i.__scatterload_zeroinit)
    __set_errno                              0x08007c6d   Thumb Code     6  errno.o(i.__set_errno)
    asin                                     0x080080d1   Thumb Code   572  asin.o(i.asin)
    atan                                     0x08008341   Thumb Code   474  atan.o(i.atan)
    atan2                                    0x08008561   Thumb Code   374  atan2.o(i.atan2)
    sqrt                                     0x080086fd   Thumb Code    76  sqrt.o(i.sqrt)
    tan                                      0x08008749   Thumb Code    90  tan.o(i.tan)
    reg                                      0x080087ac   Data          27  inv_mpu.o(.constdata)
    hw                                       0x080087c8   Data          12  inv_mpu.o(.constdata)
    test                                     0x080087d4   Data          40  inv_mpu.o(.constdata)
    __mathlib_zero                           0x080094e0   Data           8  qnan.o(.constdata)
    Region$$Table$$Base                      0x08009660   Number         0  anon$$obj.o(Region$$Table)
    Region$$Table$$Limit                     0x08009680   Number         0  anon$$obj.o(Region$$Table)
    SystemCoreClock                          0x20000000   Data           4  system_stm32f10x.o(.data)
    AHBPrescTable                            0x20000004   Data          16  system_stm32f10x.o(.data)
    USART3_REC_CNT_LEN                       0x20000018   Data           1  usart3.o(.data)
    Flag                                     0x2000001c   Data           7  control.o(.data)
    pitch                                    0x20000024   Data           4  control.o(.data)
    roll                                     0x20000028   Data           4  control.o(.data)
    yaw                                      0x2000002c   Data           4  control.o(.data)
    __stdout                                 0x20000098   Data           4  stdout.o(.data)
    USART3_RX_BUF                            0x200000a0   Data         128  usart3.o(.bss)
    Param                                    0x20000120   Data          28  control.o(.bss)
    PID                                      0x2000013c   Data          60  pid.o(.bss)
    __initial_sp                             0x20000588   Data           0  startup_stm32f10x_md.o(STACK)



==============================================================================

Memory Map of the image

  Image Entry point : 0x080000ed

  Load Region LR_IROM1 (Base: 0x08000000, Size: 0x00009720, Max: 0x00010000, ABSOLUTE)

    Execution Region ER_IROM1 (Exec base: 0x08000000, Load base: 0x08000000, Size: 0x00009680, Max: 0x00010000, ABSOLUTE)

    Exec Addr    Load Addr    Size         Type   Attr      Idx    E Section Name        Object

    0x08000000   0x08000000   0x000000ec   Data   RO          545    RESET               startup_stm32f10x_md.o
    0x080000ec   0x080000ec   0x00000000   Code   RO         1260  * .ARM.Collect$$$$00000000  mc_w.l(entry.o)
    0x080000ec   0x080000ec   0x00000004   Code   RO         1614    .ARM.Collect$$$$00000001  mc_w.l(entry2.o)
    0x080000f0   0x080000f0   0x00000004   Code   RO         1617    .ARM.Collect$$$$00000004  mc_w.l(entry5.o)
    0x080000f4   0x080000f4   0x00000000   Code   RO         1619    .ARM.Collect$$$$00000008  mc_w.l(entry7b.o)
    0x080000f4   0x080000f4   0x00000000   Code   RO         1621    .ARM.Collect$$$$0000000A  mc_w.l(entry8b.o)
    0x080000f4   0x080000f4   0x00000008   Code   RO         1622    .ARM.Collect$$$$0000000B  mc_w.l(entry9a.o)
    0x080000fc   0x080000fc   0x00000004   Code   RO         1629    .ARM.Collect$$$$0000000E  mc_w.l(entry12b.o)
    0x08000100   0x08000100   0x00000000   Code   RO         1624    .ARM.Collect$$$$0000000F  mc_w.l(entry10a.o)
    0x08000100   0x08000100   0x00000000   Code   RO         1626    .ARM.Collect$$$$00000011  mc_w.l(entry11a.o)
    0x08000100   0x08000100   0x00000004   Code   RO         1615    .ARM.Collect$$$$00002712  mc_w.l(entry2.o)
    0x08000104   0x08000104   0x000000d4   Code   RO            4    .text               main.o
    0x080001d8   0x080001d8   0x0000001a   Code   RO          186    .text               stm32f10x_it.o
    0x080001f2   0x080001f2   0x00000002   PAD
    0x080001f4   0x080001f4   0x000001e0   Code   RO          213    .text               system_stm32f10x.o
    0x080003d4   0x080003d4   0x000000d4   Code   RO          243    .text               delay.o
    0x080004a8   0x080004a8   0x0000009e   Code   RO          299    .text               sys.o
    0x08000546   0x08000546   0x00000002   PAD
    0x08000548   0x08000548   0x00000160   Code   RO          323    .text               usart3.o
    0x080006a8   0x080006a8   0x00000e38   Code   RO          354    .text               control.o
    0x080014e0   0x080014e0   0x00000050   Code   RO          385    .text               exti.o
    0x08001530   0x08001530   0x00000164   Code   RO          409    .text               motor.o
    0x08001694   0x08001694   0x000000ac   Code   RO          433    .text               pwm.o
    0x08001740   0x08001740   0x000000f0   Code   RO          457    .text               key.o
    0x08001830   0x08001830   0x00000094   Code   RO          481    .text               servo.o
    0x080018c4   0x080018c4   0x0000013c   Code   RO          505    .text               pid.o
    0x08001a00   0x08001a00   0x00000024   Code   RO          546    .text               startup_stm32f10x_md.o
    0x08001a24   0x08001a24   0x000000dc   Code   RO          553    .text               misc.o
    0x08001b00   0x08001b00   0x0000011c   Code   RO          769    .text               stm32f10x_exti.o
    0x08001c1c   0x08001c1c   0x0000035c   Code   RO          841    .text               stm32f10x_gpio.o
    0x08001f78   0x08001f78   0x000003a4   Code   RO          937    .text               stm32f10x_rcc.o
    0x0800231c   0x0800231c   0x00000e1a   Code   RO         1035    .text               stm32f10x_tim.o
    0x08003136   0x08003136   0x00000002   PAD
    0x08003138   0x08003138   0x00000408   Code   RO         1059    .text               stm32f10x_usart.o
    0x08003540   0x08003540   0x0000037c   Code   RO         1110    .text               mpu6050.o
    0x080038bc   0x080038bc   0x0000026c   Code   RO         1134    .text               mpuiic.o
    0x08003b28   0x08003b28   0x0000228c   Code   RO         1158    .text               inv_mpu.o
    0x08005db4   0x08005db4   0x00000d70   Code   RO         1204    .text               inv_mpu_dmp_motion_driver.o
    0x08006b24   0x08006b24   0x00000062   Code   RO         1263    .text               mc_w.l(ldiv.o)
    0x08006b86   0x08006b86   0x00000024   Code   RO         1265    .text               mc_w.l(memseta.o)
    0x08006baa   0x08006baa   0x00000024   Code   RO         1267    .text               mc_w.l(strstr.o)
    0x08006bce   0x08006bce   0x0000001c   Code   RO         1269    .text               mc_w.l(strcmp.o)
    0x08006bea   0x08006bea   0x0000001a   Code   RO         1271    .text               mc_w.l(memcmp.o)
    0x08006c04   0x08006c04   0x000000b0   Code   RO         1534    .text               mf_w.l(fadd.o)
    0x08006cb4   0x08006cb4   0x00000064   Code   RO         1536    .text               mf_w.l(fmul.o)
    0x08006d18   0x08006d18   0x0000007c   Code   RO         1538    .text               mf_w.l(fdiv.o)
    0x08006d94   0x08006d94   0x0000014e   Code   RO         1540    .text               mf_w.l(dadd.o)
    0x08006ee2   0x08006ee2   0x000000e4   Code   RO         1542    .text               mf_w.l(dmul.o)
    0x08006fc6   0x08006fc6   0x000000de   Code   RO         1544    .text               mf_w.l(ddiv.o)
    0x080070a4   0x080070a4   0x00000012   Code   RO         1546    .text               mf_w.l(fflti.o)
    0x080070b6   0x080070b6   0x0000000a   Code   RO         1548    .text               mf_w.l(ffltui.o)
    0x080070c0   0x080070c0   0x00000022   Code   RO         1550    .text               mf_w.l(dflti.o)
    0x080070e2   0x080070e2   0x00000032   Code   RO         1552    .text               mf_w.l(ffixi.o)
    0x08007114   0x08007114   0x00000028   Code   RO         1554    .text               mf_w.l(ffixui.o)
    0x0800713c   0x0800713c   0x0000003e   Code   RO         1556    .text               mf_w.l(dfixi.o)
    0x0800717a   0x0800717a   0x00000026   Code   RO         1558    .text               mf_w.l(f2d.o)
    0x080071a0   0x080071a0   0x00000038   Code   RO         1560    .text               mf_w.l(d2f.o)
    0x080071d8   0x080071d8   0x00000014   Code   RO         1562    .text               mf_w.l(cfcmple.o)
    0x080071ec   0x080071ec   0x00000014   Code   RO         1564    .text               mf_w.l(cfrcmple.o)
    0x08007200   0x08007200   0x00000062   Code   RO         1633    .text               mc_w.l(uldiv.o)
    0x08007262   0x08007262   0x0000001e   Code   RO         1635    .text               mc_w.l(llshl.o)
    0x08007280   0x08007280   0x00000020   Code   RO         1637    .text               mc_w.l(llushr.o)
    0x080072a0   0x080072a0   0x00000024   Code   RO         1639    .text               mc_w.l(llsshr.o)
    0x080072c4   0x080072c4   0x00000000   Code   RO         1648    .text               mc_w.l(iusefp.o)
    0x080072c4   0x080072c4   0x0000006e   Code   RO         1649    .text               mf_w.l(fepilogue.o)
    0x08007332   0x08007332   0x000000ba   Code   RO         1651    .text               mf_w.l(depilogue.o)
    0x080073ec   0x080073ec   0x0000002e   Code   RO         1653    .text               mf_w.l(dscalb.o)
    0x0800741a   0x0800741a   0x00000002   PAD
    0x0800741c   0x0800741c   0x00000030   Code   RO         1657    .text               mf_w.l(cdcmple.o)
    0x0800744c   0x0800744c   0x00000024   Code   RO         1661    .text               mc_w.l(init.o)
    0x08007470   0x08007470   0x000000a2   Code   RO         1663    .text               mf_w.l(dsqrt.o)
    0x08007512   0x08007512   0x0000001a   Code   RO         1665    .text               mf_w.l(dfltui.o)
    0x0800752c   0x0800752c   0x00000020   Code   RO         1480    i.__0printf$8       mc_w.l(printf8.o)
    0x0800754c   0x0800754c   0x00000028   Code   RO         1590    i.__ARM_fpclassify  m_ws.l(fpclassify.o)
    0x08007574   0x08007574   0x00000388   Code   RO         1595    i.__ieee754_rem_pio2  m_ws.l(rred.o)
    0x080078fc   0x080078fc   0x000000aa   Code   RO         1592    i.__kernel_poly     m_ws.l(poly.o)
    0x080079a6   0x080079a6   0x00000002   PAD
    0x080079a8   0x080079a8   0x0000027c   Code   RO         1608    i.__kernel_tan      m_ws.l(tan_i.o)
    0x08007c24   0x08007c24   0x00000006   Code   RO         1577    i.__mathlib_dbl_infnan  m_ws.l(dunder.o)
    0x08007c2a   0x08007c2a   0x00000004   Code   RO         1578    i.__mathlib_dbl_infnan2  m_ws.l(dunder.o)
    0x08007c2e   0x08007c2e   0x0000000c   Code   RO         1579    i.__mathlib_dbl_invalid  m_ws.l(dunder.o)
    0x08007c3a   0x08007c3a   0x00000002   PAD
    0x08007c3c   0x08007c3c   0x00000010   Code   RO         1582    i.__mathlib_dbl_underflow  m_ws.l(dunder.o)
    0x08007c4c   0x08007c4c   0x0000000e   Code   RO         1669    i.__scatterload_copy  mc_w.l(handlers.o)
    0x08007c5a   0x08007c5a   0x00000002   Code   RO         1670    i.__scatterload_null  mc_w.l(handlers.o)
    0x08007c5c   0x08007c5c   0x0000000e   Code   RO         1671    i.__scatterload_zeroinit  mc_w.l(handlers.o)
    0x08007c6a   0x08007c6a   0x00000002   PAD
    0x08007c6c   0x08007c6c   0x0000000c   Code   RO         1643    i.__set_errno       mc_w.l(errno.o)
    0x08007c78   0x08007c78   0x00000404   Code   RO         1487    i._printf_core      mc_w.l(printf8.o)
    0x0800807c   0x0800807c   0x00000024   Code   RO         1488    i._printf_post_padding  mc_w.l(printf8.o)
    0x080080a0   0x080080a0   0x0000002e   Code   RO         1489    i._printf_pre_padding  mc_w.l(printf8.o)
    0x080080ce   0x080080ce   0x00000002   PAD
    0x080080d0   0x080080d0   0x00000270   Code   RO         1235    i.asin              m_ws.l(asin.o)
    0x08008340   0x08008340   0x00000220   Code   RO         1567    i.atan              m_ws.l(atan.o)
    0x08008560   0x08008560   0x0000019c   Code   RO         1245    i.atan2             m_ws.l(atan2.o)
    0x080086fc   0x080086fc   0x0000004c   Code   RO         1601    i.sqrt              m_ws.l(sqrt.o)
    0x08008748   0x08008748   0x00000064   Code   RO         1253    i.tan               m_ws.l(tan.o)
    0x080087ac   0x080087ac   0x00000050   Data   RO         1159    .constdata          inv_mpu.o
    0x080087fc   0x080087fc   0x00000bf6   Data   RO         1206    .constdata          inv_mpu_dmp_motion_driver.o
    0x080093f2   0x080093f2   0x00000006   PAD
    0x080093f8   0x080093f8   0x00000050   Data   RO         1236    .constdata          m_ws.l(asin.o)
    0x08009448   0x08009448   0x00000098   Data   RO         1568    .constdata          m_ws.l(atan.o)
    0x080094e0   0x080094e0   0x00000008   Data   RO         1594    .constdata          m_ws.l(qnan.o)
    0x080094e8   0x080094e8   0x000000c8   Data   RO         1597    .constdata          m_ws.l(rred.o)
    0x080095b0   0x080095b0   0x00000060   Data   RO         1609    .constdata          m_ws.l(tan_i.o)
    0x08009610   0x08009610   0x0000004d   Data   RO         1160    .conststring        inv_mpu.o
    0x0800965d   0x0800965d   0x00000003   PAD
    0x08009660   0x08009660   0x00000020   Data   RO         1667    Region$$Table       anon$$obj.o


    Execution Region RW_IRAM1 (Exec base: 0x20000000, Load base: 0x08009680, Size: 0x00000588, Max: 0x00005000, ABSOLUTE)

    Exec Addr    Load Addr    Size         Type   Attr      Idx    E Section Name        Object

    0x20000000   0x08009680   0x00000014   Data   RW          214    .data               system_stm32f10x.o
    0x20000014   0x08009694   0x00000004   Data   RW          244    .data               delay.o
    0x20000018   0x08009698   0x00000001   Data   RW          325    .data               usart3.o
    0x20000019   0x08009699   0x00000003   PAD
    0x2000001c   0x0800969c   0x00000018   Data   RW          356    .data               control.o
    0x20000034   0x080096b4   0x00000018   Data   RW          507    .data               pid.o
    0x2000004c   0x080096cc   0x00000014   Data   RW          938    .data               stm32f10x_rcc.o
    0x20000060   0x080096e0   0x00000035   Data   RW         1161    .data               inv_mpu.o
    0x20000095   0x08009715   0x00000003   PAD
    0x20000098   0x08009718   0x00000004   Data   RW         1630    .data               mc_w.l(stdout.o)
    0x2000009c   0x0800971c   0x00000004   Data   RW         1644    .data               mc_w.l(errno.o)
    0x200000a0        -       0x00000080   Zero   RW          324    .bss                usart3.o
    0x20000120        -       0x0000001c   Zero   RW          355    .bss                control.o
    0x2000013c        -       0x0000003c   Zero   RW          506    .bss                pid.o
    0x20000178        -       0x00000010   Zero   RW         1205    .bss                inv_mpu_dmp_motion_driver.o
    0x20000188        -       0x00000400   Zero   RW          543    STACK               startup_stm32f10x_md.o


==============================================================================

Image component sizes


      Code (inc. data)   RO Data    RW Data    ZI Data      Debug   Object Name

      3640        292          0         24         28       4931   control.o
       212         18          0          4          0     206647   delay.o
        80          6          0          0          0        544   exti.o
      8844        198        157         53          0      23993   inv_mpu.o
      3440        126       3062          0         16      15411   inv_mpu_dmp_motion_driver.o
       240         12          0          0          0        794   key.o
       212         40          0          0          0      49875   main.o
       220         22          0          0          0       1797   misc.o
       356         32          0          0          0       1615   motor.o
       892         24          0          0          0       4359   mpu6050.o
       620         14          0          0          0       2062   mpuiic.o
       316         58          0         24         60       2438   pid.o
       172         10          0          0          0        736   pwm.o
       148          8          0          0          0        744   servo.o
        36          8        236          0       1024        784   startup_stm32f10x_md.o
       284         10          0          0          0       2255   stm32f10x_exti.o
       860         38          0          0          0       5729   stm32f10x_gpio.o
        26          0          0          0          0       1186   stm32f10x_it.o
       932         36          0         20          0       8908   stm32f10x_rcc.o
      3610         88          0          0          0      22840   stm32f10x_tim.o
      1032         22          0          0          0       8456   stm32f10x_usart.o
       158          0          0          0          0        562   sys.o
       480         38          0         20          0       1731   system_stm32f10x.o
       352         34          0          1        128       2187   usart3.o

    ----------------------------------------------------------------------
     27168       1134       3496        152       1256     370584   Object Totals
         0          0         32          0          0          0   (incl. Generated)
         6          0          9          6          0          0   (incl. Padding)

    ----------------------------------------------------------------------

      Code (inc. data)   RO Data    RW Data    ZI Data      Debug   Library Member Name

       624         52         80          0          0        168   asin.o
       544         70        152          0          0        124   atan.o
       412         38          0          0          0        144   atan2.o
        38          6          0          0          0        272   dunder.o
        40          0          0          0          0         68   fpclassify.o
       170          0          0          0          0         96   poly.o
         0          0          8          0          0          0   qnan.o
       904         76        200          0          0        140   rred.o
        76          0          0          0          0         84   sqrt.o
       100         10          0          0          0         96   tan.o
       636         50         96          0          0        168   tan_i.o
         0          0          0          0          0          0   entry.o
         0          0          0          0          0          0   entry10a.o
         0          0          0          0          0          0   entry11a.o
         4          0          0          0          0          0   entry12b.o
         8          4          0          0          0          0   entry2.o
         4          0          0          0          0          0   entry5.o
         0          0          0          0          0          0   entry7b.o
         0          0          0          0          0          0   entry8b.o
         8          4          0          0          0          0   entry9a.o
        12          6          0          4          0         68   errno.o
        30          0          0          0          0          0   handlers.o
        36          8          0          0          0         68   init.o
         0          0          0          0          0          0   iusefp.o
        98          0          0          0          0         84   ldiv.o
        30          0          0          0          0         68   llshl.o
        36          0          0          0          0         68   llsshr.o
        32          0          0          0          0         68   llushr.o
        26          0          0          0          0         80   memcmp.o
        36          0          0          0          0        108   memseta.o
      1142         54          0          0          0        352   printf8.o
         0          0          0          4          0          0   stdout.o
        28          0          0          0          0         76   strcmp.o
        36          0          0          0          0         80   strstr.o
        98          0          0          0          0         92   uldiv.o
        48          0          0          0          0         68   cdcmple.o
        20          0          0          0          0         68   cfcmple.o
        20          0          0          0          0         68   cfrcmple.o
        56          0          0          0          0         88   d2f.o
       334          0          0          0          0        148   dadd.o
       222          0          0          0          0        100   ddiv.o
       186          0          0          0          0        176   depilogue.o
        62          0          0          0          0         80   dfixi.o
        34          0          0          0          0         76   dflti.o
        26          0          0          0          0         76   dfltui.o
       228          0          0          0          0         96   dmul.o
        46          0          0          0          0         80   dscalb.o
       162          0          0          0          0        100   dsqrt.o
        38          0          0          0          0         68   f2d.o
       176          0          0          0          0        140   fadd.o
       124          0          0          0          0         88   fdiv.o
       110          0          0          0          0        168   fepilogue.o
        50          0          0          0          0         68   ffixi.o
        40          0          0          0          0         68   ffixui.o
        18          0          0          0          0         68   fflti.o
        10          0          0          0          0         68   ffltui.o
       100          0          0          0          0         76   fmul.o

    ----------------------------------------------------------------------
      7328        378        536          8          0       4608   Library Totals
        10          0          0          0          0          0   (incl. Padding)

    ----------------------------------------------------------------------

      Code (inc. data)   RO Data    RW Data    ZI Data      Debug   Library Name

      3544        302        536          0          0       1360   m_ws.l
      1664         76          0          8          0       1212   mc_w.l
      2110          0          0          0          0       2036   mf_w.l

    ----------------------------------------------------------------------
      7328        378        536          8          0       4608   Library Totals

    ----------------------------------------------------------------------

==============================================================================


      Code (inc. data)   RO Data    RW Data    ZI Data      Debug   

     34496       1512       4032        160       1256     370976   Grand Totals
     34496       1512       4032        160       1256     370976   ELF Image Totals
     34496       1512       4032        160          0          0   ROM Totals

==============================================================================

    Total RO  Size (Code + RO Data)                38528 (  37.63kB)
    Total RW  Size (RW Data + ZI Data)              1416 (   1.38kB)
    Total ROM Size (Code + RO Data + RW Data)      38688 (  37.78kB)

==============================================================================

