Component: ARM Compiler 5.06 update 7 (build 960) Tool: armlink [4d3601]

==============================================================================

Section Cross References

    main.o(.text) refers to delay.o(.text) for delay_init
    main.o(.text) refers to sys.o(.text) for NVIC_Config
    main.o(.text) refers to usart3.o(.text) for Usart3_Init
    main.o(.text) refers to mpu6050.o(.text) for MPU_Init
    main.o(.text) refers to inv_mpu.o(.text) for mpu_dmp_init
    main.o(.text) refers to exti.o(.text) for MPU6050_EXTI_Init
    main.o(.text) refers to encoder.o(.text) for Encoder_TIM2_Init
    main.o(.text) refers to motor.o(.text) for Motor_Init
    main.o(.text) refers to pwm.o(.text) for PWM_Init_TIM1
    main.o(.text) refers to servo.o(.text) for TIM3_PWM_Init
    main.o(.text) refers to key.o(.text) for LED_BEEP_GPIO_Config
    main.o(.text) refers to stm32f10x_gpio.o(.text) for GPIO_SetBits
    main.o(.text) refers to pid.o(.text) for PID_Param_Init
    main.o(.text) refers to control.o(.text) for Kinematic_Analysis
    main.o(.text) refers to control.o(.data) for yaw
    main.o(.text) refers to control.o(.bss) for Param
    system_stm32f10x.o(.text) refers to system_stm32f10x.o(.data) for SystemCoreClock
    delay.o(.text) refers to misc.o(.text) for SysTick_CLKSourceConfig
    delay.o(.text) refers to system_stm32f10x.o(.data) for SystemCoreClock
    delay.o(.text) refers to delay.o(.data) for fac_us
    sys.o(.text) refers to misc.o(.text) for NVIC_PriorityGroupConfig
    usart3.o(.text) refers to stm32f10x_rcc.o(.text) for RCC_APB2PeriphClockCmd
    usart3.o(.text) refers to stm32f10x_gpio.o(.text) for GPIO_Init
    usart3.o(.text) refers to stm32f10x_usart.o(.text) for USART_Init
    usart3.o(.text) refers to strstr.o(.text) for strstr
    usart3.o(.text) refers to strcmp.o(.text) for strcmp
    usart3.o(.text) refers to memseta.o(.text) for __aeabi_memclr
    usart3.o(.text) refers to usart3.o(.bss) for USART3_RX_BUF
    usart3.o(.text) refers to usart3.o(.data) for USART3_REC_CNT_LEN
    usart3.o(.text) refers to control.o(.bss) for Param
    control.o(.text) refers to pid.o(.text) for Position_PID_Servo
    control.o(.text) refers to fadd.o(.text) for __aeabi_fadd
    control.o(.text) refers to stm32f10x_exti.o(.text) for EXTI_GetITStatus
    control.o(.text) refers to inv_mpu.o(.text) for mpu_dmp_get_data
    control.o(.text) refers to encoder.o(.text) for Read_Speed
    control.o(.text) refers to ffixi.o(.text) for __aeabi_f2iz
    control.o(.text) refers to motor.o(.text) for Limit
    control.o(.text) refers to ffixui.o(.text) for __aeabi_f2uiz
    control.o(.text) refers to delay.o(.text) for delay_ms
    control.o(.text) refers to stm32f10x_gpio.o(.text) for GPIO_ReadInputDataBit
    control.o(.text) refers to cfrcmple.o(.text) for __aeabi_cfrcmple
    control.o(.text) refers to cfcmple.o(.text) for __aeabi_cfcmple
    control.o(.text) refers to f2d.o(.text) for __aeabi_f2d
    control.o(.text) refers to tan.o(i.tan) for tan
    control.o(.text) refers to dmul.o(.text) for __aeabi_dmul
    control.o(.text) refers to ddiv.o(.text) for __aeabi_ddiv
    control.o(.text) refers to dadd.o(.text) for __aeabi_drsub
    control.o(.text) refers to d2f.o(.text) for __aeabi_d2f
    control.o(.text) refers to fmul.o(.text) for __aeabi_fmul
    control.o(.text) refers to usart3.o(.text) for openMv_Proc
    control.o(.text) refers to control.o(.bss) for Param
    control.o(.text) refers to control.o(.data) for Flag
    control.o(.text) refers to pid.o(.bss) for PID
    exti.o(.text) refers to stm32f10x_rcc.o(.text) for RCC_APB2PeriphClockCmd
    exti.o(.text) refers to stm32f10x_gpio.o(.text) for GPIO_Init
    exti.o(.text) refers to stm32f10x_exti.o(.text) for EXTI_Init
    motor.o(.text) refers to stm32f10x_rcc.o(.text) for RCC_APB2PeriphClockCmd
    motor.o(.text) refers to stm32f10x_gpio.o(.text) for GPIO_Init
    motor.o(.text) refers to cfrcmple.o(.text) for __aeabi_cfrcmple
    motor.o(.text) refers to cfcmple.o(.text) for __aeabi_cfcmple
    motor.o(.text) refers to stm32f10x_tim.o(.text) for TIM_SetCompare1
    pwm.o(.text) refers to stm32f10x_rcc.o(.text) for RCC_APB2PeriphClockCmd
    pwm.o(.text) refers to stm32f10x_gpio.o(.text) for GPIO_Init
    pwm.o(.text) refers to stm32f10x_tim.o(.text) for TIM_TimeBaseStructInit
    key.o(.text) refers to stm32f10x_rcc.o(.text) for RCC_APB2PeriphClockCmd
    key.o(.text) refers to stm32f10x_gpio.o(.text) for GPIO_Init
    key.o(.text) refers to stm32f10x_exti.o(.text) for EXTI_Init
    servo.o(.text) refers to stm32f10x_rcc.o(.text) for RCC_APB1PeriphClockCmd
    servo.o(.text) refers to stm32f10x_gpio.o(.text) for GPIO_Init
    servo.o(.text) refers to stm32f10x_tim.o(.text) for TIM_TimeBaseInit
    pid.o(.text) refers to stm32f10x_tim.o(.text) for TIM_GetCapture1
    pid.o(.text) refers to ffltui.o(.text) for __aeabi_ui2f
    pid.o(.text) refers to f2d.o(.text) for __aeabi_f2d
    pid.o(.text) refers to dadd.o(.text) for __aeabi_drsub
[...]
    ..\STM32F10x_FWLib\src\stm32f10x_usart.c 0x00000000   Number         0  stm32f10x_usart.o ABSOLUTE
    ..\STM32F10x_FWLib\src\stm32f10x_wwdg.c  0x00000000   Number         0  stm32f10x_wwdg.o ABSOLUTE
    ..\SYSTEM\delay\delay.c                  0x00000000   Number         0  delay.o ABSOLUTE
    ..\SYSTEM\sys\sys.c                      0x00000000   Number         0  sys.o ABSOLUTE
    ..\\CORE\\core_cm3.c                     0x00000000   Number         0  core_cm3.o ABSOLUTE
    ..\\HARDWARE\\CONTROL\\control.c         0x00000000   Number         0  control.o ABSOLUTE
    ..\\HARDWARE\\ENCODER\\encoder.c         0x00000000   Number         0  encoder.o ABSOLUTE
    ..\\HARDWARE\\EXTI\\exti.c               0x00000000   Number         0  exti.o ABSOLUTE
    ..\\HARDWARE\\KEY\\key.c                 0x00000000   Number         0  key.o ABSOLUTE
    ..\\HARDWARE\\MOTOR\\motor.c             0x00000000   Number         0  motor.o ABSOLUTE
    ..\\HARDWARE\\MPU6050\\eMPL\\inv_mpu.c   0x00000000   Number         0  inv_mpu.o ABSOLUTE
    ..\\HARDWARE\\MPU6050\\eMPL\\inv_mpu_dmp_motion_driver.c 0x00000000   Number         0  inv_mpu_dmp_motion_driver.o ABSOLUTE
    ..\\HARDWARE\\MPU6050\\mpu6050.c         0x00000000   Number         0  mpu6050.o ABSOLUTE
    ..\\HARDWARE\\MPU6050\\mpuiic.c          0x00000000   Number         0  mpuiic.o ABSOLUTE
    ..\\HARDWARE\\PID\\pid.c                 0x00000000   Number         0  pid.o ABSOLUTE
    ..\\HARDWARE\\PWM\\pwm.c                 0x00000000   Number         0  pwm.o ABSOLUTE
    ..\\HARDWARE\\servo\\servo.c             0x00000000   Number         0  servo.o ABSOLUTE
    ..\\HARDWARE\\usart3\\usart3.c           0x00000000   Number         0  usart3.o ABSOLUTE
    ..\\STM32F10x_FWLib\\src\\misc.c         0x00000000   Number         0  misc.o ABSOLUTE
    ..\\STM32F10x_FWLib\\src\\stm32f10x_adc.c 0x00000000   Number         0  stm32f10x_adc.o ABSOLUTE
    ..\\STM32F10x_FWLib\\src\\stm32f10x_bkp.c 0x00000000   Number         0  stm32f10x_bkp.o ABSOLUTE
    ..\\STM32F10x_FWLib\\src\\stm32f10x_can.c 0x00000000   Number         0  stm32f10x_can.o ABSOLUTE
    ..\\STM32F10x_FWLib\\src\\stm32f10x_cec.c 0x00000000   Number         0  stm32f10x_cec.o ABSOLUTE
    ..\\STM32F10x_FWLib\\src\\stm32f10x_crc.c 0x00000000   Number         0  stm32f10x_crc.o ABSOLUTE
    ..\\STM32F10x_FWLib\\src\\stm32f10x_dac.c 0x00000000   Number         0  stm32f10x_dac.o ABSOLUTE
    ..\\STM32F10x_FWLib\\src\\stm32f10x_dbgmcu.c 0x00000000   Number         0  stm32f10x_dbgmcu.o ABSOLUTE
    ..\\STM32F10x_FWLib\\src\\stm32f10x_dma.c 0x00000000   Number         0  stm32f10x_dma.o ABSOLUTE
    ..\\STM32F10x_FWLib\\src\\stm32f10x_exti.c 0x00000000   Number         0  stm32f10x_exti.o ABSOLUTE
    ..\\STM32F10x_FWLib\\src\\stm32f10x_flash.c 0x00000000   Number         0  stm32f10x_flash.o ABSOLUTE
    ..\\STM32F10x_FWLib\\src\\stm32f10x_fsmc.c 0x00000000   Number         0  stm32f10x_fsmc.o ABSOLUTE
    ..\\STM32F10x_FWLib\\src\\stm32f10x_gpio.c 0x00000000   Number         0  stm32f10x_gpio.o ABSOLUTE
    ..\\STM32F10x_FWLib\\src\\stm32f10x_i2c.c 0x00000000   Number         0  stm32f10x_i2c.o ABSOLUTE
    ..\\STM32F10x_FWLib\\src\\stm32f10x_iwdg.c 0x00000000   Number         0  stm32f10x_iwdg.o ABSOLUTE
    ..\\STM32F10x_FWLib\\src\\stm32f10x_pwr.c 0x00000000   Number         0  stm32f10x_pwr.o ABSOLUTE
    ..\\STM32F10x_FWLib\\src\\stm32f10x_rcc.c 0x00000000   Number         0  stm32f10x_rcc.o ABSOLUTE
    ..\\STM32F10x_FWLib\\src\\stm32f10x_rtc.c 0x00000000   Number         0  stm32f10x_rtc.o ABSOLUTE
    ..\\STM32F10x_FWLib\\src\\stm32f10x_sdio.c 0x00000000   Number         0  stm32f10x_sdio.o ABSOLUTE
    ..\\STM32F10x_FWLib\\src\\stm32f10x_spi.c 0x00000000   Number         0  stm32f10x_spi.o ABSOLUTE
    ..\\STM32F10x_FWLib\\src\\stm32f10x_tim.c 0x00000000   Number         0  stm32f10x_tim.o ABSOLUTE
    ..\\STM32F10x_FWLib\\src\\stm32f10x_usart.c 0x00000000   Number         0  stm32f10x_usart.o ABSOLUTE
    ..\\STM32F10x_FWLib\\src\\stm32f10x_wwdg.c 0x00000000   Number         0  stm32f10x_wwdg.o ABSOLUTE
    ..\\SYSTEM\\delay\\delay.c               0x00000000   Number         0  delay.o ABSOLUTE
    ..\\SYSTEM\\sys\\sys.c                   0x00000000   Number         0  sys.o ABSOLUTE
    cdcmple.s                                0x00000000   Number         0  cdcmple.o ABSOLUTE
    cdrcmple.s                               0x00000000   Number         0  cdrcmple.o ABSOLUTE
    cfcmple.s                                0x00000000   Number         0  cfcmple.o ABSOLUTE
    cfrcmple.s                               0x00000000   Number         0  cfrcmple.o ABSOLUTE
    dc.s                                     0x00000000   Number         0  dc.o ABSOLUTE
    handlers.s                               0x00000000   Number         0  handlers.o ABSOLUTE
    init.s                                   0x00000000   Number         0  init.o ABSOLUTE
    main.c                                   0x00000000   Number         0  main.o ABSOLUTE
    main.c                                   0x00000000   Number         0  main.o ABSOLUTE
    stm32f10x_it.c                           0x00000000   Number         0  stm32f10x_it.o ABSOLUTE
    stm32f10x_it.c                           0x00000000   Number         0  stm32f10x_it.o ABSOLUTE
    system_stm32f10x.c                       0x00000000   Number         0  system_stm32f10x.o ABSOLUTE
    system_stm32f10x.c                       0x00000000   Number         0  system_stm32f10x.o ABSOLUTE
    RESET                                    0x08000000   Section      236  startup_stm32f10x_md.o(RESET)
    .ARM.Collect$$$$00000000                 0x080000ec   Section        0  entry.o(.ARM.Collect$$$$00000000)
    .ARM.Collect$$$$00000001                 0x080000ec   Section        4  entry2.o(.ARM.Collect$$$$00000001)
    .ARM.Collect$$$$00000004                 0x080000f0   Section        4  entry5.o(.ARM.Collect$$$$00000004)
    .ARM.Collect$$$$00000008                 0x080000f4   Section        0  entry7b.o(.ARM.Collect$$$$00000008)
    .ARM.Collect$$$$0000000A                 0x080000f4   Section        0  entry8b.o(.ARM.Collect$$$$0000000A)
    .ARM.Collect$$$$0000000B                 0x080000f4   Section        8  entry9a.o(.ARM.Collect$$$$0000000B)
    .ARM.Collect$$$$0000000E                 0x080000fc   Section        4  entry12b.o(.ARM.Collect$$$$0000000E)
    .ARM.Collect$$$$0000000F                 0x08000100   Section        0  entry10a.o(.ARM.Collect$$$$0000000F)
    .ARM.Collect$$$$00000011                 0x08000100   Section        0  entry11a.o(.ARM.Collect$$$$00000011)
    .ARM.Collect$$$$00002712                 0x08000100   Section        4  entry2.o(.ARM.Collect$$$$00002712)
    __lit__00000000                          0x08000100   Data           4  entry2.o(.ARM.Collect$$$$00002712)
    .text                                    0x08000104   Section        0  main.o(.text)
    .text                                    0x080001e4   Section        0  stm32f10x_it.o(.text)
    .text                                    0x08000200   Section        0  system_stm32f10x.o(.text)
    SetSysClockTo72                          0x08000201   Thumb Code   214  system_stm32f10x.o(.text)
    SetSysClock                              0x080002d7   Thumb Code     8  system_stm32f10x.o(.text)
    .text                                    0x080003e0   Section        0  delay.o(.text)
    .text                                    0x080004b4   Section        0  sys.o(.text)
    .text                                    0x08000554   Section        0  usart3.o(.text)
    .text                                    0x0800069c   Section        0  control.o(.text)
    .text                                    0x080014cc   Section        0  exti.o(.text)
    .text                                    0x0800151c   Section        0  motor.o(.text)
    .text                                    0x08001690   Section        0  pwm.o(.text)
    .text                                    0x0800173c   Section        0  key.o(.text)
    .text                                    0x08001834   Section        0  servo.o(.text)
    .text                                    0x080018c8   Section        0  pid.o(.text)
    .text                                    0x08001c6c   Section        0  encoder.o(.text)
    .text                                    0x08001e0c   Section       36  startup_stm32f10x_md.o(.text)
    .text                                    0x08001e30   Section        0  misc.o(.text)
    .text                                    0x08001f0c   Section        0  stm32f10x_exti.o(.text)
    .text                                    0x08002028   Section        0  stm32f10x_gpio.o(.text)
    .text                                    0x08002384   Section        0  stm32f10x_rcc.o(.text)
    .text                                    0x08002728   Section        0  stm32f10x_tim.o(.text)
    TI4_Config                               0x08002bcf   Thumb Code   130  stm32f10x_tim.o(.text)
    TI3_Config                               0x08002c63   Thumb Code   122  stm32f10x_tim.o(.text)
    TI2_Config                               0x08002cf7   Thumb Code   130  stm32f10x_tim.o(.text)
    TI1_Config                               0x08002d8b   Thumb Code   108  stm32f10x_tim.o(.text)
    .text                                    0x08003544   Section        0  stm32f10x_usart.o(.text)
    .text                                    0x0800394c   Section        0  mpu6050.o(.text)
    .text                                    0x08003cc8   Section        0  mpuiic.o(.text)
    .text                                    0x08003f34   Section        0  inv_mpu.o(.text)
    set_int_enable                           0x08003f35   Thumb Code   138  inv_mpu.o(.text)
    get_accel_prod_shift                     0x080051a5   Thumb Code   168  inv_mpu.o(.text)
    accel_self_test                          0x0800524d   Thumb Code   164  inv_mpu.o(.text)
    gyro_self_test                           0x080052f1   Thumb Code   280  inv_mpu.o(.text)
    get_st_biases                            0x08005409   Thumb Code  1134  inv_mpu.o(.text)
    .text                                    0x080061c0   Section        0  inv_mpu_dmp_motion_driver.o(.text)
    decode_gesture                           0x08006c75   Thumb Code    94  inv_mpu_dmp_motion_driver.o(.text)
    .text                                    0x08006f30   Section        0  ldiv.o(.text)
    .text                                    0x08006f92   Section        0  memseta.o(.text)
    .text                                    0x08006fb6   Section        0  strstr.o(.text)
    .text                                    0x08006fda   Section        0  strcmp.o(.text)
    .text                                    0x08006ff6   Section        0  memcmp.o(.text)
    .text                                    0x08007010   Section        0  fadd.o(.text)
    .text                                    0x080070c0   Section        0  fmul.o(.text)
    .text                                    0x08007124   Section        0  fdiv.o(.text)
    .text                                    0x080071a0   Section        0  dadd.o(.text)
    .text                                    0x080072ee   Section        0  dmul.o(.text)
    .text                                    0x080073d2   Section        0  ddiv.o(.text)
    .text                                    0x080074b0   Section        0  fflti.o(.text)
    .text                                    0x080074c2   Section        0  ffltui.o(.text)
    .text                                    0x080074cc   Section        0  dflti.o(.text)
    .text                                    0x080074ee   Section        0  ffixi.o(.text)
    .text                                    0x08007520   Section        0  ffixui.o(.text)
    .text                                    0x08007548   Section        0  f2d.o(.text)
    .text                                    0x0800756e   Section        0  d2f.o(.text)
    .text                                    0x080075a8   Section       20  cfcmple.o(.text)
    .text                                    0x080075bc   Section       20  cfrcmple.o(.text)
    .text                                    0x080075d0   Section        0  uldiv.o(.text)
    .text                                    0x08007632   Section        0  llshl.o(.text)
    .text                                    0x08007650   Section        0  llsshr.o(.text)
    .text                                    0x08007674   Section        0  fepilogue.o(.text)
    .text                                    0x08007674   Section        0  iusefp.o(.text)
    .text                                    0x080076e2   Section        0  depilogue.o(.text)
    .text                                    0x0800779c   Section        0  dscalb.o(.text)
    .text                                    0x080077cc   Section       48  cdcmple.o(.text)
    .text                                    0x080077fc   Section       36  init.o(.text)
    .text                                    0x08007820   Section        0  llushr.o(.text)
    .text                                    0x08007820   Section        0  semi.o(.text)
    .text                                    0x08007840   Section        0  iusesemip.o(.text)
    .text                                    0x08007840   Section        0  dsqrt.o(.text)
    .text                                    0x080078e2   Section        0  dfltui.o(.text)
    .text                                    0x080078fc   Section        0  dfixi.o(.text)
    i.__0printf$8                            0x0800793c   Section        0  printf8.o(i.__0printf$8)
    i.__ARM_fpclassify                       0x0800795c   Section        0  fpclassify.o(i.__ARM_fpclassify)
    i.__ieee754_rem_pio2                     0x08007984   Section        0  rred.o(i.__ieee754_rem_pio2)
    i.__kernel_poly                          0x08007d0c   Section        0  poly.o(i.__kernel_poly)
    i.__kernel_tan                           0x08007db8   Section        0  tan_i.o(i.__kernel_tan)
    i.__mathlib_dbl_infnan                   0x08008034   Section        0  dunder.o(i.__mathlib_dbl_infnan)
    i.__mathlib_dbl_infnan2                  0x0800803a   Section        0  dunder.o(i.__mathlib_dbl_infnan2)
    i.__mathlib_dbl_invalid                  0x0800803e   Section        0  dunder.o(i.__mathlib_dbl_invalid)
    i.__mathlib_dbl_underflow                0x0800804c   Section        0  dunder.o(i.__mathlib_dbl_underflow)
    i.__scatterload_copy                     0x0800805c   Section       14  handlers.o(i.__scatterload_copy)
    i.__scatterload_null                     0x0800806a   Section        2  handlers.o(i.__scatterload_null)
    i.__scatterload_zeroinit                 0x0800806c   Section       14  handlers.o(i.__scatterload_zeroinit)
    i.__set_errno                            0x0800807c   Section        0  errno.o(i.__set_errno)
    i._printf_core                           0x08008088   Section        0  printf8.o(i._printf_core)
    _printf_core                             0x08008089   Thumb Code   984  printf8.o(i._printf_core)
    i._printf_post_padding                   0x0800848c   Section        0  printf8.o(i._printf_post_padding)
    _printf_post_padding                     0x0800848d   Thumb Code    36  printf8.o(i._printf_post_padding)
    i._printf_pre_padding                    0x080084b0   Section        0  printf8.o(i._printf_pre_padding)
    _printf_pre_padding                      0x080084b1   Thumb Code    46  printf8.o(i._printf_pre_padding)
    i.asin                                   0x080084e0   Section        0  asin.o(i.asin)
    i.atan                                   0x08008750   Section        0  atan.o(i.atan)
    i.atan2                                  0x08008970   Section        0  atan2.o(i.atan2)
    i.fputc                                  0x08008b0c   Section        0  fputc.o(i.fputc)
    i.sqrt                                   0x08008b1e   Section        0  sqrt.o(i.sqrt)
    i.tan                                    0x08008b6c   Section        0  tan.o(i.tan)
    .constdata                               0x08008bd0   Section       80  inv_mpu.o(.constdata)
    .constdata                               0x08008c20   Section     3062  inv_mpu_dmp_motion_driver.o(.constdata)
    dmp_memory                               0x08008c20   Data        3062  inv_mpu_dmp_motion_driver.o(.constdata)
    .constdata                               0x08009818   Section       80  asin.o(.constdata)
    pS                                       0x08009818   Data          48  asin.o(.constdata)
    qS                                       0x08009848   Data          32  asin.o(.constdata)
    .constdata                               0x08009868   Section      152  atan.o(.constdata)
    atanhi                                   0x08009868   Data          32  atan.o(.constdata)
    atanlo                                   0x08009888   Data          32  atan.o(.constdata)
    aTodd                                    0x080098a8   Data          40  atan.o(.constdata)
    aTeven                                   0x080098d0   Data          48  atan.o(.constdata)
    .constdata                               0x08009900   Section        8  qnan.o(.constdata)
    .constdata                               0x08009908   Section      200  rred.o(.constdata)
    pio2s                                    0x08009908   Data          48  rred.o(.constdata)
    twooverpi                                0x08009938   Data         152  rred.o(.constdata)
    .constdata                               0x080099d0   Section       96  tan_i.o(.constdata)
    Todd                                     0x080099d0   Data          48  tan_i.o(.constdata)
    Teven                                    0x08009a00   Data          48  tan_i.o(.constdata)
    .conststring                             0x08009a30   Section       77  inv_mpu.o(.conststring)
    .data                                    0x20000000   Section       20  system_stm32f10x.o(.data)
    .data                                    0x20000014   Section        4  delay.o(.data)
    fac_us                                   0x20000014   Data           1  delay.o(.data)
    fac_ms                                   0x20000016   Data           2  delay.o(.data)
    .data                                    0x20000018   Section        1  usart3.o(.data)
    .data                                    0x2000001c   Section       24  control.o(.data)
    Time_Cnt                                 0x20000030   Data           2  control.o(.data)
    Timer_Cnt                                0x20000032   Data           2  control.o(.data)
    .data                                    0x20000034   Section       56  pid.o(.data)
    Error                                    0x20000034   Data           4  pid.o(.data)
    Position_PID_OUT                         0x20000038   Data           4  pid.o(.data)
    Integral_Error                           0x2000003c   Data           4  pid.o(.data)
    Error_Last                               0x20000040   Data           4  pid.o(.data)
    Actual_Val                               0x20000044   Data           4  pid.o(.data)
    Capture_Val                              0x20000048   Data           4  pid.o(.data)
    Error                                    0x2000004c   Data           4  pid.o(.data)
    Error_Last                               0x20000050   Data           4  pid.o(.data)
    Integral_Error                           0x20000054   Data           4  pid.o(.data)
    PWM_OUT                                  0x20000058   Data           4  pid.o(.data)
    Error                                    0x2000005c   Data           4  pid.o(.data)
    Error_Last                               0x20000060   Data           4  pid.o(.data)
    Integral_Error                           0x20000064   Data           4  pid.o(.data)
    PWM_OUT                                  0x20000068   Data           4  pid.o(.data)
    .data                                    0x2000006c   Section       20  stm32f10x_rcc.o(.data)
    APBAHBPrescTable                         0x2000006c   Data          16  stm32f10x_rcc.o(.data)
    ADCPrescTable                            0x2000007c   Data           4  stm32f10x_rcc.o(.data)
    .data                                    0x20000080   Section       53  inv_mpu.o(.data)
    st                                       0x20000080   Data          44  inv_mpu.o(.data)
    gyro_orientation                         0x200000ac   Data           9  inv_mpu.o(.data)
    .data                                    0x200000b8   Section        4  stdout.o(.data)
    .data                                    0x200000bc   Section        4  errno.o(.data)
    _errno                                   0x200000bc   Data           4  errno.o(.data)
    .bss                                     0x200000c0   Section      128  usart3.o(.bss)
    .bss                                     0x20000140   Section       32  control.o(.bss)
    .bss                                     0x20000160   Section       60  pid.o(.bss)
    .bss                                     0x2000019c   Section       16  inv_mpu_dmp_motion_driver.o(.bss)
    dmp                                      0x2000019c   Data          16  inv_mpu_dmp_motion_driver.o(.bss)
    STACK                                    0x200001b0   Section     1024  startup_stm32f10x_md.o(STACK)

    Global Symbols

    Symbol Name                              Value     Ov Type        Size  Object(Section)

    BuildAttributes$$THM_ISAv4$P$D$K$B$S$PE$A:L22UL41UL21$X:L11$S22US41US21$IEEE1$IW$USESV6$~STKCKD$USESV7$~SHL$OTIME$ROPI$IEEEX$EBA8$MICROLIB$REQ8$PRES8$EABIv2 0x00000000   Number         0  anon$$obj.o ABSOLUTE
    __ARM_use_no_argv                        0x00000000   Number         0  main.o ABSOLUTE
    _printf_a                                0x00000000   Number         0  stubs.o ABSOLUTE
    _printf_c                                0x00000000   Number         0  stubs.o ABSOLUTE
    _printf_charcount                        0x00000000   Number         0  stubs.o ABSOLUTE
    _printf_d                                0x00000000   Number         0  stubs.o ABSOLUTE
    _printf_e                                0x00000000   Number         0  stubs.o ABSOLUTE
    _printf_f                                0x00000000   Number         0  stubs.o ABSOLUTE
    _printf_flags                            0x00000000   Number         0  stubs.o ABSOLUTE
    _printf_fp_dec                           0x00000000   Number         0  stubs.o ABSOLUTE
    _printf_fp_hex                           0x00000000   Number         0  stubs.o ABSOLUTE
    _printf_g                                0x00000000   Number         0  stubs.o ABSOLUTE
    _printf_i                                0x00000000   Number         0  stubs.o ABSOLUTE
    _printf_int_dec                          0x00000000   Number         0  stubs.o ABSOLUTE
    _printf_l                                0x00000000   Number         0  stubs.o ABSOLUTE
    _printf_lc                               0x00000000   Number         0  stubs.o ABSOLUTE
    _printf_ll                               0x00000000   Number         0  stubs.o ABSOLUTE
    _printf_lld                              0x00000000   Number         0  stubs.o ABSOLUTE
    _printf_lli                              0x00000000   Number         0  stubs.o ABSOLUTE
    _printf_llo                              0x00000000   Number         0  stubs.o ABSOLUTE
    _printf_llu                              0x00000000   Number         0  stubs.o ABSOLUTE
    _printf_llx                              0x00000000   Number         0  stubs.o ABSOLUTE
    _printf_longlong_dec                     0x00000000   Number         0  stubs.o ABSOLUTE
    _printf_longlong_hex                     0x00000000   Number         0  stubs.o ABSOLUTE
    _printf_longlong_oct                     0x00000000   Number         0  stubs.o ABSOLUTE
    _printf_ls                               0x00000000   Number         0  stubs.o ABSOLUTE
    _printf_mbtowc                           0x00000000   Number         0  stubs.o ABSOLUTE
    _printf_n                                0x00000000   Number         0  stubs.o ABSOLUTE
    _printf_o                                0x00000000   Number         0  stubs.o ABSOLUTE
    _printf_p                                0x00000000   Number         0  stubs.o ABSOLUTE
    _printf_percent                          0x00000000   Number         0  stubs.o ABSOLUTE
    _printf_pre_padding                      0x00000000   Number         0  stubs.o ABSOLUTE
    _printf_return_value                     0x00000000   Number         0  stubs.o ABSOLUTE
    _printf_s                                0x00000000   Number         0  stubs.o ABSOLUTE
    _printf_sizespec                         0x00000000   Number         0  stubs.o ABSOLUTE
    _printf_str                              0x00000000   Number         0  stubs.o ABSOLUTE
    _printf_truncate_signed                  0x00000000   Number         0  stubs.o ABSOLUTE
    _printf_truncate_unsigned                0x00000000   Number         0  stubs.o ABSOLUTE
    _printf_u                                0x00000000   Number         0  stubs.o ABSOLUTE
    _printf_wc                               0x00000000   Number         0  stubs.o ABSOLUTE
    _printf_wctomb                           0x00000000   Number         0  stubs.o ABSOLUTE
    _printf_widthprec                        0x00000000   Number         0  stubs.o ABSOLUTE
    _printf_x                                0x00000000   Number         0  stubs.o ABSOLUTE
    __arm_fini_                               - Undefined Weak Reference
    __cpp_initialize__aeabi_                  - Undefined Weak Reference
    __cxa_finalize                            - Undefined Weak Reference
    __decompress                              - Undefined Weak Reference
    _clock_init                               - Undefined Weak Reference
    _microlib_exit                            - Undefined Weak Reference
    __Vectors_Size                           0x000000ec   Number         0  startup_stm32f10x_md.o ABSOLUTE
    __Vectors                                0x08000000   Data           4  startup_stm32f10x_md.o(RESET)
    __Vectors_End                            0x080000ec   Data           0  startup_stm32f10x_md.o(RESET)
    __main                                   0x080000ed   Thumb Code     0  entry.o(.ARM.Collect$$$$00000000)
    _main_stk                                0x080000ed   Thumb Code     0  entry2.o(.ARM.Collect$$$$00000001)
    _main_scatterload                        0x080000f1   Thumb Code     0  entry5.o(.ARM.Collect$$$$00000004)
    __main_after_scatterload                 0x080000f5   Thumb Code     0  entry5.o(.ARM.Collect$$$$00000004)
    _main_clock                              0x080000f5   Thumb Code     0  entry7b.o(.ARM.Collect$$$$00000008)
    _main_cpp_init                           0x080000f5   Thumb Code     0  entry8b.o(.ARM.Collect$$$$0000000A)
    _main_init                               0x080000f5   Thumb Code     0  entry9a.o(.ARM.Collect$$$$0000000B)
    __rt_lib_shutdown_fini                   0x080000fd   Thumb Code     0  entry12b.o(.ARM.Collect$$$$0000000E)
    __rt_final_cpp                           0x08000101   Thumb Code     0  entry10a.o(.ARM.Collect$$$$0000000F)
    __rt_final_exit                          0x08000101   Thumb Code     0  entry11a.o(.ARM.Collect$$$$00000011)
    main                                     0x08000105   Thumb Code   182  main.o(.text)
    NMI_Handler                              0x080001e5   Thumb Code     2  stm32f10x_it.o(.text)
    HardFault_Handler                        0x080001e7   Thumb Code     4  stm32f10x_it.o(.text)
    MemManage_Handler                        0x080001eb   Thumb Code     4  stm32f10x_it.o(.text)
    BusFault_Handler                         0x080001ef   Thumb Code     4  stm32f10x_it.o(.text)
    UsageFault_Handler                       0x080001f3   Thumb Code     4  stm32f10x_it.o(.text)
    SVC_Handler                              0x080001f7   Thumb Code     2  stm32f10x_it.o(.text)
    DebugMon_Handler                         0x080001f9   Thumb Code     2  stm32f10x_it.o(.text)
    PendSV_Handler                           0x080001fb   Thumb Code     2  stm32f10x_it.o(.text)
    SysTick_Handler                          0x080001fd   Thumb Code     2  stm32f10x_it.o(.text)
    SystemInit                               0x080002df   Thumb Code    78  system_stm32f10x.o(.text)
    SystemCoreClockUpdate                    0x0800032d   Thumb Code   142  system_stm32f10x.o(.text)
    delay_init                               0x080003e1   Thumb Code    50  delay.o(.text)
    delay_us                                 0x08000413   Thumb Code    72  delay.o(.text)
    delay_ms                                 0x0800045b   Thumb Code    72  delay.o(.text)
    NVIC_Config                              0x080004b5   Thumb Code   158  sys.o(.text)
    Usart3_Init                              0x08000555   Thumb Code   132  usart3.o(.text)
    Usart3_SendByte                          0x080005d9   Thumb Code    28  usart3.o(.text)
    Usart3_SendString                        0x080005f5   Thumb Code    38  usart3.o(.text)
    USART3_IRQHandler                        0x0800061b   Thumb Code    52  usart3.o(.text)
    openMv_Proc                              0x0800064f   Thumb Code    44  usart3.o(.text)
    Position_PID_Servo_Realize               0x0800069d   Thumb Code    30  control.o(.text)
    EXTI9_5_IRQHandler                       0x080006bb   Thumb Code   226  control.o(.text)
    EXTI0_IRQHandler                         0x0800079d   Thumb Code    32  control.o(.text)
    EXTI4_IRQHandler                         0x080007bd   Thumb Code    34  control.o(.text)
    EXTI15_10_IRQHandler                     0x080007df   Thumb Code    38  control.o(.text)
    Kinematic_Analysis                       0x08000805   Thumb Code   322  control.o(.text)
    Control_Proc                             0x08000947   Thumb Code  2910  control.o(.text)
    MPU6050_EXTI_Init                        0x080014cd   Thumb Code    74  exti.o(.text)
    Motor_Init                               0x0800151d   Thumb Code    40  motor.o(.text)
    Limit                                    0x08001545   Thumb Code    90  motor.o(.text)
    abs                                      0x0800159f   Thumb Code    16  motor.o(.text)
    Load                                     0x080015af   Thumb Code   130  motor.o(.text)
    set_motor_enable                         0x08001631   Thumb Code    32  motor.o(.text)
    set_motor_disable                        0x08001651   Thumb Code    32  motor.o(.text)
    PWM_Init_TIM1                            0x08001691   Thumb Code   162  pwm.o(.text)
    LED_BEEP_GPIO_Config                     0x0800173d   Thumb Code    82  key.o(.text)
    EXTIX_Init                               0x0800178f   Thumb Code   154  key.o(.text)
    TIM3_PWM_Init                            0x08001835   Thumb Code   140  servo.o(.text)
    PID_Param_Init                           0x080018c9   Thumb Code    40  pid.o(.text)
    Position_PID_Servo                       0x080018f1   Thumb Code   210  pid.o(.text)
    VelocityRing_PID_MOTOR1_Realize          0x080019c3   Thumb Code   206  pid.o(.text)
    VelocityRing_PID_MOTOR2_Realize          0x08001a91   Thumb Code   206  pid.o(.text)
    VelocityRing_MOTOR1_Control              0x08001b5f   Thumb Code    68  pid.o(.text)
    VelocityRing_MOTOR2_Control              0x08001ba3   Thumb Code    68  pid.o(.text)
    set_p_i_d                                0x08001be7   Thumb Code     8  pid.o(.text)
    get_pid_target                           0x08001bef   Thumb Code     6  pid.o(.text)
    set_pid_target                           0x08001bf5   Thumb Code     4  pid.o(.text)
    Encoder_TIM2_Init                        0x08001c6d   Thumb Code   146  encoder.o(.text)
    Encoder_TIM4_Init                        0x08001cff   Thumb Code   148  encoder.o(.text)
    Read_Speed                               0x08001d93   Thumb Code    64  encoder.o(.text)
    TIM2_IRQHandler                          0x08001dd3   Thumb Code    22  encoder.o(.text)
    TIM4_IRQHandler                          0x08001de9   Thumb Code    22  encoder.o(.text)
    Reset_Handler                            0x08001e0d   Thumb Code     8  startup_stm32f10x_md.o(.text)
    ADC1_2_IRQHandler                        0x08001e27   Thumb Code     0  startup_stm32f10x_md.o(.text)
    CAN1_RX1_IRQHandler                      0x08001e27   Thumb Code     0  startup_stm32f10x_md.o(.text)
    CAN1_SCE_IRQHandler                      0x08001e27   Thumb Code     0  startup_stm32f10x_md.o(.text)
    DMA1_Channel1_IRQHandler                 0x08001e27   Thumb Code     0  startup_stm32f10x_md.o(.text)
    DMA1_Channel2_IRQHandler                 0x08001e27   Thumb Code     0  startup_stm32f10x_md.o(.text)
    DMA1_Channel3_IRQHandler                 0x08001e27   Thumb Code     0  startup_stm32f10x_md.o(.text)
    DMA1_Channel4_IRQHandler                 0x08001e27   Thumb Code     0  startup_stm32f10x_md.o(.text)
    DMA1_Channel5_IRQHandler                 0x08001e27   Thumb Code     0  startup_stm32f10x_md.o(.text)
    DMA1_Channel6_IRQHandler                 0x08001e27   Thumb Code     0  startup_stm32f10x_md.o(.text)
    DMA1_Channel7_IRQHandler                 0x08001e27   Thumb Code     0  startup_stm32f10x_md.o(.text)
    EXTI1_IRQHandler                         0x08001e27   Thumb Code     0  startup_stm32f10x_md.o(.text)
    EXTI2_IRQHandler                         0x08001e27   Thumb Code     0  startup_stm32f10x_md.o(.text)
    EXTI3_IRQHandler                         0x08001e27   Thumb Code     0  startup_stm32f10x_md.o(.text)
    FLASH_IRQHandler                         0x08001e27   Thumb Code     0  startup_stm32f10x_md.o(.text)
    I2C1_ER_IRQHandler                       0x08001e27   Thumb Code     0  startup_stm32f10x_md.o(.text)
    I2C1_EV_IRQHandler                       0x08001e27   Thumb Code     0  startup_stm32f10x_md.o(.text)
    I2C2_ER_IRQHandler                       0x08001e27   Thumb Code     0  startup_stm32f10x_md.o(.text)
    I2C2_EV_IRQHandler                       0x08001e27   Thumb Code     0  startup_stm32f10x_md.o(.text)
    PVD_IRQHandler                           0x08001e27   Thumb Code     0  startup_stm32f10x_md.o(.text)
    RCC_IRQHandler                           0x08001e27   Thumb Code     0  startup_stm32f10x_md.o(.text)
    RTCAlarm_IRQHandler                      0x08001e27   Thumb Code     0  startup_stm32f10x_md.o(.text)
    RTC_IRQHandler                           0x08001e27   Thumb Code     0  startup_stm32f10x_md.o(.text)
    SPI1_IRQHandler                          0x08001e27   Thumb Code     0  startup_stm32f10x_md.o(.text)
    SPI2_IRQHandler                          0x08001e27   Thumb Code     0  startup_stm32f10x_md.o(.text)
    TAMPER_IRQHandler                        0x08001e27   Thumb Code     0  startup_stm32f10x_md.o(.text)
    TIM1_BRK_IRQHandler                      0x08001e27   Thumb Code     0  startup_stm32f10x_md.o(.text)
    TIM1_CC_IRQHandler                       0x08001e27   Thumb Code     0  startup_stm32f10x_md.o(.text)
    TIM1_TRG_COM_IRQHandler                  0x08001e27   Thumb Code     0  startup_stm32f10x_md.o(.text)
    TIM1_UP_IRQHandler                       0x08001e27   Thumb Code     0  startup_stm32f10x_md.o(.text)
    TIM3_IRQHandler                          0x08001e27   Thumb Code     0  startup_stm32f10x_md.o(.text)
    USART1_IRQHandler                        0x08001e27   Thumb Code     0  startup_stm32f10x_md.o(.text)
    USART2_IRQHandler                        0x08001e27   Thumb Code     0  startup_stm32f10x_md.o(.text)
    USBWakeUp_IRQHandler                     0x08001e27   Thumb Code     0  startup_stm32f10x_md.o(.text)
    USB_HP_CAN1_TX_IRQHandler                0x08001e27   Thumb Code     0  startup_stm32f10x_md.o(.text)
    USB_LP_CAN1_RX0_IRQHandler               0x08001e27   Thumb Code     0  startup_stm32f10x_md.o(.text)
    WWDG_IRQHandler                          0x08001e27   Thumb Code     0  startup_stm32f10x_md.o(.text)
    NVIC_PriorityGroupConfig                 0x08001e31   Thumb Code    10  misc.o(.text)
    NVIC_Init                                0x08001e3b   Thumb Code   100  misc.o(.text)
    NVIC_SetVectorTable                      0x08001e9f   Thumb Code    14  misc.o(.text)
    NVIC_SystemLPConfig                      0x08001ead   Thumb Code    34  misc.o(.text)
    SysTick_CLKSourceConfig                  0x08001ecf   Thumb Code    40  misc.o(.text)
    EXTI_DeInit                              0x08001f0d   Thumb Code    28  stm32f10x_exti.o(.text)
    EXTI_Init                                0x08001f29   Thumb Code   142  stm32f10x_exti.o(.text)
    EXTI_StructInit                          0x08001fb7   Thumb Code    16  stm32f10x_exti.o(.text)
    EXTI_GenerateSWInterrupt                 0x08001fc7   Thumb Code    16  stm32f10x_exti.o(.text)
    EXTI_GetFlagStatus                       0x08001fd7   Thumb Code    22  stm32f10x_exti.o(.text)
    EXTI_ClearFlag                           0x08001fed   Thumb Code     8  stm32f10x_exti.o(.text)
    EXTI_GetITStatus                         0x08001ff5   Thumb Code    34  stm32f10x_exti.o(.text)
    EXTI_ClearITPendingBit                   0x08002017   Thumb Code     8  stm32f10x_exti.o(.text)
    GPIO_DeInit                              0x08002029   Thumb Code   172  stm32f10x_gpio.o(.text)
    GPIO_AFIODeInit                          0x080020d5   Thumb Code    20  stm32f10x_gpio.o(.text)
    GPIO_Init                                0x080020e9   Thumb Code   278  stm32f10x_gpio.o(.text)
    GPIO_StructInit                          0x080021ff   Thumb Code    16  stm32f10x_gpio.o(.text)
    GPIO_ReadInputDataBit                    0x0800220f   Thumb Code    18  stm32f10x_gpio.o(.text)
    GPIO_ReadInputData                       0x08002221   Thumb Code     8  stm32f10x_gpio.o(.text)
    GPIO_ReadOutputDataBit                   0x08002229   Thumb Code    18  stm32f10x_gpio.o(.text)
    GPIO_ReadOutputData                      0x0800223b   Thumb Code     8  stm32f10x_gpio.o(.text)
    GPIO_SetBits                             0x08002243   Thumb Code     4  stm32f10x_gpio.o(.text)
    GPIO_ResetBits                           0x08002247   Thumb Code     4  stm32f10x_gpio.o(.text)
    GPIO_WriteBit                            0x0800224b   Thumb Code    10  stm32f10x_gpio.o(.text)
    GPIO_Write                               0x08002255   Thumb Code     4  stm32f10x_gpio.o(.text)
    GPIO_PinLockConfig                       0x08002259   Thumb Code    18  stm32f10x_gpio.o(.text)
    GPIO_EventOutputConfig                   0x0800226b   Thumb Code    26  stm32f10x_gpio.o(.text)
    GPIO_EventOutputCmd                      0x08002285   Thumb Code     6  stm32f10x_gpio.o(.text)
    GPIO_PinRemapConfig                      0x0800228b   Thumb Code   138  stm32f10x_gpio.o(.text)
    GPIO_EXTILineConfig                      0x08002315   Thumb Code    66  stm32f10x_gpio.o(.text)
    GPIO_ETH_MediaInterfaceConfig            0x08002357   Thumb Code     8  stm32f10x_gpio.o(.text)
    RCC_DeInit                               0x08002385   Thumb Code    64  stm32f10x_rcc.o(.text)
    RCC_HSEConfig                            0x080023c5   Thumb Code    70  stm32f10x_rcc.o(.text)
    RCC_GetFlagStatus                        0x0800240b   Thumb Code    56  stm32f10x_rcc.o(.text)
    RCC_WaitForHSEStartUp                    0x08002443   Thumb Code    56  stm32f10x_rcc.o(.text)
    RCC_AdjustHSICalibrationValue            0x0800247b   Thumb Code    20  stm32f10x_rcc.o(.text)
    RCC_HSICmd                               0x0800248f   Thumb Code     6  stm32f10x_rcc.o(.text)
    RCC_PLLConfig                            0x08002495   Thumb Code    24  stm32f10x_rcc.o(.text)
    RCC_PLLCmd                               0x080024ad   Thumb Code     6  stm32f10x_rcc.o(.text)
    RCC_SYSCLKConfig                         0x080024b3   Thumb Code    18  stm32f10x_rcc.o(.text)
    RCC_GetSYSCLKSource                      0x080024c5   Thumb Code    10  stm32f10x_rcc.o(.text)
    RCC_HCLKConfig                           0x080024cf   Thumb Code    18  stm32f10x_rcc.o(.text)
    RCC_PCLK1Config                          0x080024e1   Thumb Code    18  stm32f10x_rcc.o(.text)
    RCC_PCLK2Config                          0x080024f3   Thumb Code    20  stm32f10x_rcc.o(.text)
    RCC_ITConfig                             0x08002507   Thumb Code    26  stm32f10x_rcc.o(.text)
    RCC_USBCLKConfig                         0x08002521   Thumb Code     8  stm32f10x_rcc.o(.text)
    RCC_ADCCLKConfig                         0x08002529   Thumb Code    18  stm32f10x_rcc.o(.text)
    RCC_LSEConfig                            0x0800253b   Thumb Code    50  stm32f10x_rcc.o(.text)
    RCC_LSICmd                               0x0800256d   Thumb Code     6  stm32f10x_rcc.o(.text)
    RCC_RTCCLKConfig                         0x08002573   Thumb Code    12  stm32f10x_rcc.o(.text)
    RCC_RTCCLKCmd                            0x0800257f   Thumb Code     8  stm32f10x_rcc.o(.text)
    RCC_GetClocksFreq                        0x08002587   Thumb Code   192  stm32f10x_rcc.o(.text)
    RCC_AHBPeriphClockCmd                    0x08002647   Thumb Code    26  stm32f10x_rcc.o(.text)
    RCC_APB2PeriphClockCmd                   0x08002661   Thumb Code    26  stm32f10x_rcc.o(.text)
    RCC_APB1PeriphClockCmd                   0x0800267b   Thumb Code    26  stm32f10x_rcc.o(.text)
    RCC_APB2PeriphResetCmd                   0x08002695   Thumb Code    26  stm32f10x_rcc.o(.text)
    RCC_APB1PeriphResetCmd                   0x080026af   Thumb Code    26  stm32f10x_rcc.o(.text)
    RCC_BackupResetCmd                       0x080026c9   Thumb Code     8  stm32f10x_rcc.o(.text)
    RCC_ClockSecuritySystemCmd               0x080026d1   Thumb Code     6  stm32f10x_rcc.o(.text)
    RCC_MCOConfig                            0x080026d7   Thumb Code     6  stm32f10x_rcc.o(.text)
    RCC_ClearFlag                            0x080026dd   Thumb Code    14  stm32f10x_rcc.o(.text)
    RCC_GetITStatus                          0x080026eb   Thumb Code    20  stm32f10x_rcc.o(.text)
    RCC_ClearITPendingBit                    0x080026ff   Thumb Code     6  stm32f10x_rcc.o(.text)
    TIM_DeInit                               0x08002729   Thumb Code   424  stm32f10x_tim.o(.text)
    TIM_TimeBaseInit                         0x080028d1   Thumb Code   122  stm32f10x_tim.o(.text)
    TIM_OC1Init                              0x0800294b   Thumb Code   132  stm32f10x_tim.o(.text)
    TIM_OC2Init                              0x080029cf   Thumb Code   154  stm32f10x_tim.o(.text)
    TIM_OC3Init                              0x08002a69   Thumb Code   150  stm32f10x_tim.o(.text)
    TIM_OC4Init                              0x08002aff   Thumb Code   182  stm32f10x_tim.o(.text)
    TIM_SetIC4Prescaler                      0x08002bb5   Thumb Code    26  stm32f10x_tim.o(.text)
    TIM_SetIC3Prescaler                      0x08002c51   Thumb Code    18  stm32f10x_tim.o(.text)
    TIM_SetIC2Prescaler                      0x08002cdd   Thumb Code    26  stm32f10x_tim.o(.text)
    TIM_SetIC1Prescaler                      0x08002d79   Thumb Code    18  stm32f10x_tim.o(.text)
    TIM_ICInit                               0x08002df7   Thumb Code   150  stm32f10x_tim.o(.text)
    TIM_PWMIConfig                           0x08002e8d   Thumb Code   124  stm32f10x_tim.o(.text)
    TIM_BDTRConfig                           0x08002f09   Thumb Code    32  stm32f10x_tim.o(.text)
    TIM_TimeBaseStructInit                   0x08002f29   Thumb Code    18  stm32f10x_tim.o(.text)
    TIM_OCStructInit                         0x08002f3b   Thumb Code    20  stm32f10x_tim.o(.text)
    TIM_ICStructInit                         0x08002f4f   Thumb Code    18  stm32f10x_tim.o(.text)
    TIM_BDTRStructInit                       0x08002f61   Thumb Code    40  stm32f10x_tim.o(.text)
    TIM_Cmd                                  0x08002f89   Thumb Code    24  stm32f10x_tim.o(.text)
    TIM_CtrlPWMOutputs                       0x08002fa1   Thumb Code    30  stm32f10x_tim.o(.text)
    TIM_ITConfig                             0x08002fbf   Thumb Code    18  stm32f10x_tim.o(.text)
    TIM_GenerateEvent                        0x08002fd1   Thumb Code     4  stm32f10x_tim.o(.text)
    TIM_DMAConfig                            0x08002fd5   Thumb Code    10  stm32f10x_tim.o(.text)
    TIM_DMACmd                               0x08002fdf   Thumb Code    18  stm32f10x_tim.o(.text)
    TIM_InternalClockConfig                  0x08002ff1   Thumb Code    12  stm32f10x_tim.o(.text)
    TIM_SelectInputTrigger                   0x08002ffd   Thumb Code    18  stm32f10x_tim.o(.text)
    TIM_ITRxExternalClockConfig              0x0800300f   Thumb Code    24  stm32f10x_tim.o(.text)
    TIM_TIxExternalClockConfig               0x08003027   Thumb Code    62  stm32f10x_tim.o(.text)
    TIM_ETRConfig                            0x08003065   Thumb Code    28  stm32f10x_tim.o(.text)
    TIM_ETRClockMode1Config                  0x08003081   Thumb Code    54  stm32f10x_tim.o(.text)
    TIM_ETRClockMode2Config                  0x080030b7   Thumb Code    32  stm32f10x_tim.o(.text)
    TIM_PrescalerConfig                      0x080030d7   Thumb Code     6  stm32f10x_tim.o(.text)
    TIM_CounterModeConfig                    0x080030dd   Thumb Code    18  stm32f10x_tim.o(.text)
    TIM_EncoderInterfaceConfig               0x080030ef   Thumb Code    66  stm32f10x_tim.o(.text)
    TIM_ForcedOC1Config                      0x08003131   Thumb Code    18  stm32f10x_tim.o(.text)
    TIM_ForcedOC2Config                      0x08003143   Thumb Code    26  stm32f10x_tim.o(.text)
    TIM_ForcedOC3Config                      0x0800315d   Thumb Code    18  stm32f10x_tim.o(.text)
    TIM_ForcedOC4Config                      0x0800316f   Thumb Code    26  stm32f10x_tim.o(.text)
    TIM_ARRPreloadConfig                     0x08003189   Thumb Code    24  stm32f10x_tim.o(.text)
    TIM_SelectCOM                            0x080031a1   Thumb Code    24  stm32f10x_tim.o(.text)
    TIM_SelectCCDMA                          0x080031b9   Thumb Code    24  stm32f10x_tim.o(.text)
    TIM_CCPreloadControl                     0x080031d1   Thumb Code    24  stm32f10x_tim.o(.text)
    TIM_OC1PreloadConfig                     0x080031e9   Thumb Code    18  stm32f10x_tim.o(.text)
    TIM_OC2PreloadConfig                     0x080031fb   Thumb Code    26  stm32f10x_tim.o(.text)
    TIM_OC3PreloadConfig                     0x08003215   Thumb Code    18  stm32f10x_tim.o(.text)
    TIM_OC4PreloadConfig                     0x08003227   Thumb Code    26  stm32f10x_tim.o(.text)
    TIM_OC1FastConfig                        0x08003241   Thumb Code    18  stm32f10x_tim.o(.text)
    TIM_OC2FastConfig                        0x08003253   Thumb Code    26  stm32f10x_tim.o(.text)
    TIM_OC3FastConfig                        0x0800326d   Thumb Code    18  stm32f10x_tim.o(.text)
    TIM_OC4FastConfig                        0x0800327f   Thumb Code    26  stm32f10x_tim.o(.text)
    TIM_ClearOC1Ref                          0x08003299   Thumb Code    18  stm32f10x_tim.o(.text)
    TIM_ClearOC2Ref                          0x080032ab   Thumb Code    24  stm32f10x_tim.o(.text)
    TIM_ClearOC3Ref                          0x080032c3   Thumb Code    18  stm32f10x_tim.o(.text)
    TIM_ClearOC4Ref                          0x080032d5   Thumb Code    24  stm32f10x_tim.o(.text)
    TIM_OC1PolarityConfig                    0x080032ed   Thumb Code    18  stm32f10x_tim.o(.text)
    TIM_OC1NPolarityConfig                   0x080032ff   Thumb Code    18  stm32f10x_tim.o(.text)
    TIM_OC2PolarityConfig                    0x08003311   Thumb Code    26  stm32f10x_tim.o(.text)
    TIM_OC2NPolarityConfig                   0x0800332b   Thumb Code    26  stm32f10x_tim.o(.text)
    TIM_OC3PolarityConfig                    0x08003345   Thumb Code    26  stm32f10x_tim.o(.text)
    TIM_OC3NPolarityConfig                   0x0800335f   Thumb Code    26  stm32f10x_tim.o(.text)
    TIM_OC4PolarityConfig                    0x08003379   Thumb Code    26  stm32f10x_tim.o(.text)
    TIM_CCxCmd                               0x08003393   Thumb Code    30  stm32f10x_tim.o(.text)
    TIM_CCxNCmd                              0x080033b1   Thumb Code    30  stm32f10x_tim.o(.text)
    TIM_SelectOCxM                           0x080033cf   Thumb Code    82  stm32f10x_tim.o(.text)
    TIM_UpdateDisableConfig                  0x08003421   Thumb Code    24  stm32f10x_tim.o(.text)
    TIM_UpdateRequestConfig                  0x08003439   Thumb Code    24  stm32f10x_tim.o(.text)
    TIM_SelectHallSensor                     0x08003451   Thumb Code    24  stm32f10x_tim.o(.text)
    TIM_SelectOnePulseMode                   0x08003469   Thumb Code    18  stm32f10x_tim.o(.text)
    TIM_SelectOutputTrigger                  0x0800347b   Thumb Code    18  stm32f10x_tim.o(.text)
    TIM_SelectSlaveMode                      0x0800348d   Thumb Code    18  stm32f10x_tim.o(.text)
    TIM_SelectMasterSlaveMode                0x0800349f   Thumb Code    18  stm32f10x_tim.o(.text)
    TIM_SetCounter                           0x080034b1   Thumb Code     4  stm32f10x_tim.o(.text)
    TIM_SetAutoreload                        0x080034b5   Thumb Code     4  stm32f10x_tim.o(.text)
    TIM_SetCompare1                          0x080034b9   Thumb Code     4  stm32f10x_tim.o(.text)
    TIM_SetCompare2                          0x080034bd   Thumb Code     4  stm32f10x_tim.o(.text)
    TIM_SetCompare3                          0x080034c1   Thumb Code     4  stm32f10x_tim.o(.text)
    TIM_SetCompare4                          0x080034c5   Thumb Code     6  stm32f10x_tim.o(.text)
    TIM_SetClockDivision                     0x080034cb   Thumb Code    18  stm32f10x_tim.o(.text)
    TIM_GetCapture1                          0x080034dd   Thumb Code     6  stm32f10x_tim.o(.text)
    TIM_GetCapture2                          0x080034e3   Thumb Code     6  stm32f10x_tim.o(.text)
    TIM_GetCapture3                          0x080034e9   Thumb Code     6  stm32f10x_tim.o(.text)
    TIM_GetCapture4                          0x080034ef   Thumb Code     8  stm32f10x_tim.o(.text)
    TIM_GetCounter                           0x080034f7   Thumb Code     6  stm32f10x_tim.o(.text)
    TIM_GetPrescaler                         0x080034fd   Thumb Code     6  stm32f10x_tim.o(.text)
    TIM_GetFlagStatus                        0x08003503   Thumb Code    18  stm32f10x_tim.o(.text)
    TIM_ClearFlag                            0x08003515   Thumb Code     6  stm32f10x_tim.o(.text)
    TIM_GetITStatus                          0x0800351b   Thumb Code    34  stm32f10x_tim.o(.text)
    TIM_ClearITPendingBit                    0x0800353d   Thumb Code     6  stm32f10x_tim.o(.text)
    USART_DeInit                             0x08003545   Thumb Code   134  stm32f10x_usart.o(.text)
    USART_Init                               0x080035cb   Thumb Code   210  stm32f10x_usart.o(.text)
    USART_StructInit                         0x0800369d   Thumb Code    24  stm32f10x_usart.o(.text)
    USART_ClockInit                          0x080036b5   Thumb Code    34  stm32f10x_usart.o(.text)
    USART_ClockStructInit                    0x080036d7   Thumb Code    12  stm32f10x_usart.o(.text)
    USART_Cmd                                0x080036e3   Thumb Code    24  stm32f10x_usart.o(.text)
    USART_ITConfig                           0x080036fb   Thumb Code    74  stm32f10x_usart.o(.text)
    USART_DMACmd                             0x08003745   Thumb Code    18  stm32f10x_usart.o(.text)
    USART_SetAddress                         0x08003757   Thumb Code    18  stm32f10x_usart.o(.text)
    USART_WakeUpConfig                       0x08003769   Thumb Code    18  stm32f10x_usart.o(.text)
    USART_ReceiverWakeUpCmd                  0x0800377b   Thumb Code    24  stm32f10x_usart.o(.text)
    USART_LINBreakDetectLengthConfig         0x08003793   Thumb Code    18  stm32f10x_usart.o(.text)
    USART_LINCmd                             0x080037a5   Thumb Code    24  stm32f10x_usart.o(.text)
    USART_SendData                           0x080037bd   Thumb Code     8  stm32f10x_usart.o(.text)
    USART_ReceiveData                        0x080037c5   Thumb Code    10  stm32f10x_usart.o(.text)
    USART_SendBreak                          0x080037cf   Thumb Code    10  stm32f10x_usart.o(.text)
    USART_SetGuardTime                       0x080037d9   Thumb Code    16  stm32f10x_usart.o(.text)
    USART_SetPrescaler                       0x080037e9   Thumb Code    16  stm32f10x_usart.o(.text)
    USART_SmartCardCmd                       0x080037f9   Thumb Code    24  stm32f10x_usart.o(.text)
    USART_SmartCardNACKCmd                   0x08003811   Thumb Code    24  stm32f10x_usart.o(.text)
    USART_HalfDuplexCmd                      0x08003829   Thumb Code    24  stm32f10x_usart.o(.text)
    USART_OverSampling8Cmd                   0x08003841   Thumb Code    22  stm32f10x_usart.o(.text)
    USART_OneBitMethodCmd                    0x08003857   Thumb Code    24  stm32f10x_usart.o(.text)
    USART_IrDAConfig                         0x0800386f   Thumb Code    18  stm32f10x_usart.o(.text)
    USART_IrDACmd                            0x08003881   Thumb Code    24  stm32f10x_usart.o(.text)
    USART_GetFlagStatus                      0x08003899   Thumb Code    26  stm32f10x_usart.o(.text)
    USART_ClearFlag                          0x080038b3   Thumb Code    18  stm32f10x_usart.o(.text)
    USART_GetITStatus                        0x080038c5   Thumb Code    84  stm32f10x_usart.o(.text)
    USART_ClearITPendingBit                  0x08003919   Thumb Code    52  stm32f10x_usart.o(.text)
    MPU_Write_Byte                           0x0800394d   Thumb Code    68  mpu6050.o(.text)
    MPU_Set_LPF                              0x08003991   Thumb Code    58  mpu6050.o(.text)
    MPU_Set_Rate                             0x080039cb   Thumb Code    58  mpu6050.o(.text)
    MPU_Read_Byte                            0x08003a05   Thumb Code    58  mpu6050.o(.text)
    MPU_Set_Accel_Fsr                        0x08003a3f   Thumb Code    16  mpu6050.o(.text)
    MPU_Set_Gyro_Fsr                         0x08003a4f   Thumb Code    16  mpu6050.o(.text)
    MPU_Init                                 0x08003a5f   Thumb Code   136  mpu6050.o(.text)
    MPU_Read_Len                             0x08003ae7   Thumb Code   116  mpu6050.o(.text)
    MPU_Get_Temperature                      0x08003b5b   Thumb Code    86  mpu6050.o(.text)
    MPU_Get_Gyroscope                        0x08003bb1   Thumb Code    80  mpu6050.o(.text)
    MPU_Get_Accelerometer                    0x08003c01   Thumb Code    80  mpu6050.o(.text)
    MPU_Write_Len                            0x08003c51   Thumb Code    96  mpu6050.o(.text)
    MPU_IIC_Delay                            0x08003cc9   Thumb Code    10  mpuiic.o(.text)
    MPU_IIC_Init                             0x08003cd3   Thumb Code    50  mpuiic.o(.text)
    MPU_IIC_Start                            0x08003d05   Thumb Code    64  mpuiic.o(.text)
    MPU_IIC_Stop                             0x08003d45   Thumb Code    66  mpuiic.o(.text)
    MPU_IIC_Wait_Ack                         0x08003d87   Thumb Code    90  mpuiic.o(.text)
    MPU_IIC_Ack                              0x08003de1   Thumb Code    70  mpuiic.o(.text)
    MPU_IIC_NAck                             0x08003e27   Thumb Code    70  mpuiic.o(.text)
    MPU_IIC_Send_Byte                        0x08003e6d   Thumb Code    86  mpuiic.o(.text)
    MPU_IIC_Read_Byte                        0x08003ec3   Thumb Code   100  mpuiic.o(.text)
    mpu_reg_dump                             0x08003fbf   Thumb Code    84  inv_mpu.o(.text)
    mpu_read_reg                             0x08004013   Thumb Code    66  inv_mpu.o(.text)
    mpu_set_int_latched                      0x08004055   Thumb Code   102  inv_mpu.o(.text)
    mpu_set_sensors                          0x080040bb   Thumb Code   202  inv_mpu.o(.text)
    mpu_set_bypass                           0x08004185   Thumb Code   328  inv_mpu.o(.text)
    mpu_reset_fifo                           0x080042cd   Thumb Code   472  inv_mpu.o(.text)
    mpu_configure_fifo                       0x080044a5   Thumb Code   106  inv_mpu.o(.text)
    mpu_set_lpf                              0x0800450f   Thumb Code   126  inv_mpu.o(.text)
    mpu_lp_accel_mode                        0x0800458d   Thumb Code   218  inv_mpu.o(.text)
    mpu_set_sample_rate                      0x08004667   Thumb Code   152  inv_mpu.o(.text)
    mpu_set_accel_fsr                        0x080046ff   Thumb Code   132  inv_mpu.o(.text)
    mpu_set_gyro_fsr                         0x08004783   Thumb Code   132  inv_mpu.o(.text)
    mpu_init                                 0x08004807   Thumb Code   416  inv_mpu.o(.text)
    mget_ms                                  0x080049a7   Thumb Code     2  inv_mpu.o(.text)
    mpu_get_gyro_reg                         0x080049a9   Thumb Code   110  inv_mpu.o(.text)
    mpu_get_accel_reg                        0x08004a17   Thumb Code   110  inv_mpu.o(.text)
    mpu_get_temperature                      0x08004a85   Thumb Code   150  inv_mpu.o(.text)
    mpu_set_accel_bias                       0x08004b1b   Thumb Code   468  inv_mpu.o(.text)
    mpu_get_gyro_fsr                         0x08004cef   Thumb Code    64  inv_mpu.o(.text)
    mpu_get_accel_fsr                        0x08004d2f   Thumb Code    72  inv_mpu.o(.text)
    mpu_get_lpf                              0x08004d77   Thumb Code    74  inv_mpu.o(.text)
    mpu_get_sample_rate                      0x08004dc1   Thumb Code    26  inv_mpu.o(.text)
    mpu_get_compass_sample_rate              0x08004ddb   Thumb Code    10  inv_mpu.o(.text)
    mpu_set_compass_sample_rate              0x08004de5   Thumb Code     8  inv_mpu.o(.text)
    mpu_get_gyro_sens                        0x08004ded   Thumb Code    58  inv_mpu.o(.text)
    mpu_get_accel_sens                       0x08004e27   Thumb Code    78  inv_mpu.o(.text)
    mpu_get_fifo_config                      0x08004e75   Thumb Code    12  inv_mpu.o(.text)
    mpu_get_power_state                      0x08004e81   Thumb Code    22  inv_mpu.o(.text)
    mpu_get_int_status                       0x08004e97   Thumb Code    64  inv_mpu.o(.text)
    mpu_read_fifo                            0x08004ed7   Thumb Code   520  inv_mpu.o(.text)
    mpu_read_fifo_stream                     0x080050df   Thumb Code   186  inv_mpu.o(.text)
    mpu_set_int_level                        0x08005199   Thumb Code    12  inv_mpu.o(.text)
    mpu_set_dmp_state                        0x08005877   Thumb Code   138  inv_mpu.o(.text)
    mpu_run_self_test                        0x08005901   Thumb Code   278  inv_mpu.o(.text)
    mpu_write_mem                            0x08005a17   Thumb Code   122  inv_mpu.o(.text)
    mpu_read_mem                             0x08005a91   Thumb Code   122  inv_mpu.o(.text)
    mpu_load_firmware                        0x08005b0b   Thumb Code   192  inv_mpu.o(.text)
    mpu_get_dmp_state                        0x08005bcb   Thumb Code    14  inv_mpu.o(.text)
    setup_compass                            0x08005bd9   Thumb Code     6  inv_mpu.o(.text)
    mpu_get_compass_reg                      0x08005bdf   Thumb Code     8  inv_mpu.o(.text)
    mpu_get_compass_fsr                      0x08005be7   Thumb Code     8  inv_mpu.o(.text)
    mpu_lp_motion_interrupt                  0x08005bef   Thumb Code   512  inv_mpu.o(.text)
    run_self_test                            0x08005def   Thumb Code   148  inv_mpu.o(.text)
    inv_row_2_scale                          0x08005e83   Thumb Code    78  inv_mpu.o(.text)
    inv_orientation_matrix_to_scalar         0x08005ed1   Thumb Code    40  inv_mpu.o(.text)
    mpu_dmp_init                             0x08005ef9   Thumb Code   154  inv_mpu.o(.text)
    mpu_dmp_get_data                         0x08005f93   Thumb Code   554  inv_mpu.o(.text)
    dmp_load_motion_driver_firmware          0x080061c1   Thumb Code    20  inv_mpu_dmp_motion_driver.o(.text)
    dmp_set_orientation                      0x080061d5   Thumb Code   290  inv_mpu_dmp_motion_driver.o(.text)
    dmp_set_gyro_bias                        0x080062f7   Thumb Code   294  inv_mpu_dmp_motion_driver.o(.text)
    dmp_set_accel_bias                       0x0800641d   Thumb Code   300  inv_mpu_dmp_motion_driver.o(.text)
    dmp_set_fifo_rate                        0x08006549   Thumb Code   136  inv_mpu_dmp_motion_driver.o(.text)
    dmp_get_fifo_rate                        0x080065d1   Thumb Code    12  inv_mpu_dmp_motion_driver.o(.text)
    dmp_set_tap_thresh                       0x080065dd   Thumb Code   396  inv_mpu_dmp_motion_driver.o(.text)
    dmp_set_tap_axes                         0x08006769   Thumb Code    70  inv_mpu_dmp_motion_driver.o(.text)
    dmp_set_tap_count                        0x080067af   Thumb Code    38  inv_mpu_dmp_motion_driver.o(.text)
    dmp_set_tap_time                         0x080067d5   Thumb Code    38  inv_mpu_dmp_motion_driver.o(.text)
    dmp_set_tap_time_multi                   0x080067fb   Thumb Code    38  inv_mpu_dmp_motion_driver.o(.text)
    dmp_set_shake_reject_thresh              0x08006821   Thumb Code    56  inv_mpu_dmp_motion_driver.o(.text)
    dmp_set_shake_reject_time                0x08006859   Thumb Code    38  inv_mpu_dmp_motion_driver.o(.text)
    dmp_set_shake_reject_timeout             0x0800687f   Thumb Code    38  inv_mpu_dmp_motion_driver.o(.text)
    dmp_get_pedometer_step_count             0x080068a5   Thumb Code    66  inv_mpu_dmp_motion_driver.o(.text)
    dmp_set_pedometer_step_count             0x080068e7   Thumb Code    42  inv_mpu_dmp_motion_driver.o(.text)
    dmp_get_pedometer_walk_time              0x08006911   Thumb Code    72  inv_mpu_dmp_motion_driver.o(.text)
    dmp_set_pedometer_walk_time              0x08006959   Thumb Code    48  inv_mpu_dmp_motion_driver.o(.text)
    dmp_enable_6x_lp_quat                    0x08006989   Thumb Code    84  inv_mpu_dmp_motion_driver.o(.text)
    dmp_enable_lp_quat                       0x080069dd   Thumb Code    60  inv_mpu_dmp_motion_driver.o(.text)
    dmp_enable_gyro_cal                      0x08006a19   Thumb Code    62  inv_mpu_dmp_motion_driver.o(.text)
    dmp_enable_feature                       0x08006a57   Thumb Code   530  inv_mpu_dmp_motion_driver.o(.text)
    dmp_get_enabled_features                 0x08006c69   Thumb Code    12  inv_mpu_dmp_motion_driver.o(.text)
    dmp_set_interrupt_mode                   0x08006cd3   Thumb Code    66  inv_mpu_dmp_motion_driver.o(.text)
    dmp_read_fifo                            0x08006d15   Thumb Code   514  inv_mpu_dmp_motion_driver.o(.text)
    dmp_register_tap_cb                      0x08006f17   Thumb Code    10  inv_mpu_dmp_motion_driver.o(.text)
    dmp_register_android_orient_cb           0x08006f21   Thumb Code    10  inv_mpu_dmp_motion_driver.o(.text)
    __aeabi_ldivmod                          0x08006f31   Thumb Code    98  ldiv.o(.text)
    __aeabi_memset                           0x08006f93   Thumb Code    14  memseta.o(.text)
    __aeabi_memset4                          0x08006f93   Thumb Code     0  memseta.o(.text)
    __aeabi_memset8                          0x08006f93   Thumb Code     0  memseta.o(.text)
    __aeabi_memclr                           0x08006fa1   Thumb Code     4  memseta.o(.text)
    __aeabi_memclr4                          0x08006fa1   Thumb Code     0  memseta.o(.text)
    __aeabi_memclr8                          0x08006fa1   Thumb Code     0  memseta.o(.text)
    _memset$wrapper                          0x08006fa5   Thumb Code    18  memseta.o(.text)
    strstr                                   0x08006fb7   Thumb Code    36  strstr.o(.text)
    strcmp                                   0x08006fdb   Thumb Code    28  strcmp.o(.text)
    memcmp                                   0x08006ff7   Thumb Code    26  memcmp.o(.text)
    __aeabi_fadd                             0x08007011   Thumb Code   164  fadd.o(.text)
    __aeabi_fsub                             0x080070b5   Thumb Code     6  fadd.o(.text)
    __aeabi_frsub                            0x080070bb   Thumb Code     6  fadd.o(.text)
    __aeabi_fmul                             0x080070c1   Thumb Code   100  fmul.o(.text)
    __aeabi_fdiv                             0x08007125   Thumb Code   124  fdiv.o(.text)
    __aeabi_dadd                             0x080071a1   Thumb Code   322  dadd.o(.text)
    __aeabi_dsub                             0x080072e3   Thumb Code     6  dadd.o(.text)
    __aeabi_drsub                            0x080072e9   Thumb Code     6  dadd.o(.text)
    __aeabi_dmul                             0x080072ef   Thumb Code   228  dmul.o(.text)
    __aeabi_ddiv                             0x080073d3   Thumb Code   222  ddiv.o(.text)
    __aeabi_i2f                              0x080074b1   Thumb Code    18  fflti.o(.text)
    __aeabi_ui2f                             0x080074c3   Thumb Code    10  ffltui.o(.text)
    __aeabi_i2d                              0x080074cd   Thumb Code    34  dflti.o(.text)
    __aeabi_f2iz                             0x080074ef   Thumb Code    50  ffixi.o(.text)
    __aeabi_f2uiz                            0x08007521   Thumb Code    40  ffixui.o(.text)
    __aeabi_f2d                              0x08007549   Thumb Code    38  f2d.o(.text)
    __aeabi_d2f                              0x0800756f   Thumb Code    56  d2f.o(.text)
    __aeabi_cfcmpeq                          0x080075a9   Thumb Code     0  cfcmple.o(.text)
    __aeabi_cfcmple                          0x080075a9   Thumb Code    20  cfcmple.o(.text)
    __aeabi_cfrcmple                         0x080075bd   Thumb Code    20  cfrcmple.o(.text)
    __aeabi_uldivmod                         0x080075d1   Thumb Code    98  uldiv.o(.text)
    __aeabi_llsl                             0x08007633   Thumb Code    30  llshl.o(.text)
    _ll_shift_l                              0x08007633   Thumb Code     0  llshl.o(.text)
    __aeabi_lasr                             0x08007651   Thumb Code    36  llsshr.o(.text)
    _ll_sshift_r                             0x08007651   Thumb Code     0  llsshr.o(.text)
    __I$use$fp                               0x08007675   Thumb Code     0  iusefp.o(.text)
    _float_round                             0x08007675   Thumb Code    18  fepilogue.o(.text)
    _float_epilogue                          0x08007687   Thumb Code    92  fepilogue.o(.text)
    _double_round                            0x080076e3   Thumb Code    30  depilogue.o(.text)
    _double_epilogue                         0x08007701   Thumb Code   156  depilogue.o(.text)
    __ARM_scalbn                             0x0800779d   Thumb Code    46  dscalb.o(.text)
    scalbn                                   0x0800779d   Thumb Code     0  dscalb.o(.text)
    __aeabi_cdcmpeq                          0x080077cd   Thumb Code     0  cdcmple.o(.text)
    __aeabi_cdcmple                          0x080077cd   Thumb Code    48  cdcmple.o(.text)
    __scatterload                            0x080077fd   Thumb Code    28  init.o(.text)
    __scatterload_rt2                        0x080077fd   Thumb Code     0  init.o(.text)
    __aeabi_llsr                             0x08007821   Thumb Code    32  llushr.o(.text)
    __semihosting_library_function           0x08007821   Thumb Code     0  semi.o(.text)
    _ll_ushift_r                             0x08007821   Thumb Code     0  llushr.o(.text)
    __I$use$semihosting$fputc                0x08007841   Thumb Code     0  iusesemip.o(.text)
    _dsqrt                                   0x08007841   Thumb Code   162  dsqrt.o(.text)
    __aeabi_ui2d                             0x080078e3   Thumb Code    26  dfltui.o(.text)
    __aeabi_d2iz                             0x080078fd   Thumb Code    62  dfixi.o(.text)
    __0printf$8                              0x0800793d   Thumb Code    22  printf8.o(i.__0printf$8)
    __1printf$8                              0x0800793d   Thumb Code     0  printf8.o(i.__0printf$8)
    __2printf                                0x0800793d   Thumb Code     0  printf8.o(i.__0printf$8)
    __ARM_fpclassify                         0x0800795d   Thumb Code    40  fpclassify.o(i.__ARM_fpclassify)
    __ieee754_rem_pio2                       0x08007985   Thumb Code   828  rred.o(i.__ieee754_rem_pio2)
    __kernel_poly                            0x08007d0d   Thumb Code   170  poly.o(i.__kernel_poly)
    __kernel_tan                             0x08007db9   Thumb Code   586  tan_i.o(i.__kernel_tan)
    __mathlib_dbl_infnan                     0x08008035   Thumb Code     6  dunder.o(i.__mathlib_dbl_infnan)
    __mathlib_dbl_infnan2                    0x0800803b   Thumb Code     4  dunder.o(i.__mathlib_dbl_infnan2)
    __mathlib_dbl_invalid                    0x0800803f   Thumb Code    12  dunder.o(i.__mathlib_dbl_invalid)
    __mathlib_dbl_underflow                  0x0800804d   Thumb Code    10  dunder.o(i.__mathlib_dbl_underflow)
    __scatterload_copy                       0x0800805d   Thumb Code    14  handlers.o(i.__scatterload_copy)
    __scatterload_null                       0x0800806b   Thumb Code     2  handlers.o(i.__scatterload_null)
    __scatterload_zeroinit                   0x0800806d   Thumb Code    14  handlers.o(i.__scatterload_zeroinit)
    __set_errno                              0x0800807d   Thumb Code     6  errno.o(i.__set_errno)
    asin                                     0x080084e1   Thumb Code   572  asin.o(i.asin)
    atan                                     0x08008751   Thumb Code   474  atan.o(i.atan)
    atan2                                    0x08008971   Thumb Code   374  atan2.o(i.atan2)
    fputc                                    0x08008b0d   Thumb Code    18  fputc.o(i.fputc)
    sqrt                                     0x08008b1f   Thumb Code    76  sqrt.o(i.sqrt)
    tan                                      0x08008b6d   Thumb Code    90  tan.o(i.tan)
    reg                                      0x08008bd0   Data          27  inv_mpu.o(.constdata)
    hw                                       0x08008bec   Data          12  inv_mpu.o(.constdata)
    test                                     0x08008bf8   Data          40  inv_mpu.o(.constdata)
    __mathlib_zero                           0x08009900   Data           8  qnan.o(.constdata)
    Region$$Table$$Base                      0x08009a80   Number         0  anon$$obj.o(Region$$Table)
    Region$$Table$$Limit                     0x08009aa0   Number         0  anon$$obj.o(Region$$Table)
    SystemCoreClock                          0x20000000   Data           4  system_stm32f10x.o(.data)
    AHBPrescTable                            0x20000004   Data          16  system_stm32f10x.o(.data)
    USART3_REC_CNT_LEN                       0x20000018   Data           1  usart3.o(.data)
    Flag                                     0x2000001c   Data           7  control.o(.data)
    pitch                                    0x20000024   Data           4  control.o(.data)
    roll                                     0x20000028   Data           4  control.o(.data)
    yaw                                      0x2000002c   Data           4  control.o(.data)
    __stdout                                 0x200000b8   Data           4  stdout.o(.data)
    USART3_RX_BUF                            0x200000c0   Data         128  usart3.o(.bss)
    Param                                    0x20000140   Data          32  control.o(.bss)
    PID                                      0x20000160   Data          60  pid.o(.bss)
    __initial_sp                             0x200005b0   Data           0  startup_stm32f10x_md.o(STACK)



==============================================================================

Memory Map of the image

  Image Entry point : 0x080000ed

  Load Region LR_IROM1 (Base: 0x08000000, Size: 0x00009b60, Max: 0x00010000, ABSOLUTE)

    Execution Region ER_IROM1 (Exec base: 0x08000000, Load base: 0x08000000, Size: 0x00009aa0, Max: 0x00010000, ABSOLUTE)

    Exec Addr    Load Addr    Size         Type   Attr      Idx    E Section Name        Object

    0x08000000   0x08000000   0x000000ec   Data   RO          572    RESET               startup_stm32f10x_md.o
    0x080000ec   0x080000ec   0x00000000   Code   RO         1287  * .ARM.Collect$$$$00000000  mc_w.l(entry.o)
    0x080000ec   0x080000ec   0x00000004   Code   RO         1639    .ARM.Collect$$$$00000001  mc_w.l(entry2.o)
    0x080000f0   0x080000f0   0x00000004   Code   RO         1642    .ARM.Collect$$$$00000004  mc_w.l(entry5.o)
    0x080000f4   0x080000f4   0x00000000   Code   RO         1644    .ARM.Collect$$$$00000008  mc_w.l(entry7b.o)
    0x080000f4   0x080000f4   0x00000000   Code   RO         1646    .ARM.Collect$$$$0000000A  mc_w.l(entry8b.o)
    0x080000f4   0x080000f4   0x00000008   Code   RO         1647    .ARM.Collect$$$$0000000B  mc_w.l(entry9a.o)
    0x080000fc   0x080000fc   0x00000004   Code   RO         1654    .ARM.Collect$$$$0000000E  mc_w.l(entry12b.o)
    0x08000100   0x08000100   0x00000000   Code   RO         1649    .ARM.Collect$$$$0000000F  mc_w.l(entry10a.o)
    0x08000100   0x08000100   0x00000000   Code   RO         1651    .ARM.Collect$$$$00000011  mc_w.l(entry11a.o)
    0x08000100   0x08000100   0x00000004   Code   RO         1640    .ARM.Collect$$$$00002712  mc_w.l(entry2.o)
    0x08000104   0x08000104   0x000000e0   Code   RO            4    .text               main.o
    0x080001e4   0x080001e4   0x0000001a   Code   RO          189    .text               stm32f10x_it.o
    0x080001fe   0x080001fe   0x00000002   PAD
    0x08000200   0x08000200   0x000001e0   Code   RO          216    .text               system_stm32f10x.o
    0x080003e0   0x080003e0   0x000000d4   Code   RO          246    .text               delay.o
    0x080004b4   0x080004b4   0x0000009e   Code   RO          302    .text               sys.o
    0x08000552   0x08000552   0x00000002   PAD
    0x08000554   0x08000554   0x00000148   Code   RO          326    .text               usart3.o
    0x0800069c   0x0800069c   0x00000e30   Code   RO          357    .text               control.o
    0x080014cc   0x080014cc   0x00000050   Code   RO          388    .text               exti.o
    0x0800151c   0x0800151c   0x00000174   Code   RO          412    .text               motor.o
    0x08001690   0x08001690   0x000000ac   Code   RO          436    .text               pwm.o
    0x0800173c   0x0800173c   0x000000f8   Code   RO          460    .text               key.o
    0x08001834   0x08001834   0x00000094   Code   RO          484    .text               servo.o
    0x080018c8   0x080018c8   0x000003a4   Code   RO          508    .text               pid.o
    0x08001c6c   0x08001c6c   0x000001a0   Code   RO          539    .text               encoder.o
    0x08001e0c   0x08001e0c   0x00000024   Code   RO          573    .text               startup_stm32f10x_md.o
    0x08001e30   0x08001e30   0x000000dc   Code   RO          580    .text               misc.o
    0x08001f0c   0x08001f0c   0x0000011c   Code   RO          796    .text               stm32f10x_exti.o
    0x08002028   0x08002028   0x0000035c   Code   RO          868    .text               stm32f10x_gpio.o
    0x08002384   0x08002384   0x000003a4   Code   RO          964    .text               stm32f10x_rcc.o
    0x08002728   0x08002728   0x00000e1a   Code   RO         1062    .text               stm32f10x_tim.o
    0x08003542   0x08003542   0x00000002   PAD
    0x08003544   0x08003544   0x00000408   Code   RO         1086    .text               stm32f10x_usart.o
    0x0800394c   0x0800394c   0x0000037c   Code   RO         1137    .text               mpu6050.o
    0x08003cc8   0x08003cc8   0x0000026c   Code   RO         1161    .text               mpuiic.o
    0x08003f34   0x08003f34   0x0000228c   Code   RO         1185    .text               inv_mpu.o
    0x080061c0   0x080061c0   0x00000d70   Code   RO         1231    .text               inv_mpu_dmp_motion_driver.o
    0x08006f30   0x08006f30   0x00000062   Code   RO         1290    .text               mc_w.l(ldiv.o)
    0x08006f92   0x08006f92   0x00000024   Code   RO         1292    .text               mc_w.l(memseta.o)
    0x08006fb6   0x08006fb6   0x00000024   Code   RO         1294    .text               mc_w.l(strstr.o)
    0x08006fda   0x08006fda   0x0000001c   Code   RO         1296    .text               mc_w.l(strcmp.o)
    0x08006ff6   0x08006ff6   0x0000001a   Code   RO         1298    .text               mc_w.l(memcmp.o)
    0x08007010   0x08007010   0x000000b0   Code   RO         1561    .text               mf_w.l(fadd.o)
    0x080070c0   0x080070c0   0x00000064   Code   RO         1563    .text               mf_w.l(fmul.o)
    0x08007124   0x08007124   0x0000007c   Code   RO         1565    .text               mf_w.l(fdiv.o)
    0x080071a0   0x080071a0   0x0000014e   Code   RO         1567    .text               mf_w.l(dadd.o)
    0x080072ee   0x080072ee   0x000000e4   Code   RO         1569    .text               mf_w.l(dmul.o)
    0x080073d2   0x080073d2   0x000000de   Code   RO         1571    .text               mf_w.l(ddiv.o)
    0x080074b0   0x080074b0   0x00000012   Code   RO         1573    .text               mf_w.l(fflti.o)
    0x080074c2   0x080074c2   0x0000000a   Code   RO         1575    .text               mf_w.l(ffltui.o)
    0x080074cc   0x080074cc   0x00000022   Code   RO         1577    .text               mf_w.l(dflti.o)
    0x080074ee   0x080074ee   0x00000032   Code   RO         1579    .text               mf_w.l(ffixi.o)
    0x08007520   0x08007520   0x00000028   Code   RO         1581    .text               mf_w.l(ffixui.o)
    0x08007548   0x08007548   0x00000026   Code   RO         1583    .text               mf_w.l(f2d.o)
    0x0800756e   0x0800756e   0x00000038   Code   RO         1585    .text               mf_w.l(d2f.o)
    0x080075a6   0x080075a6   0x00000002   PAD
    0x080075a8   0x080075a8   0x00000014   Code   RO         1587    .text               mf_w.l(cfcmple.o)
    0x080075bc   0x080075bc   0x00000014   Code   RO         1589    .text               mf_w.l(cfrcmple.o)
    0x080075d0   0x080075d0   0x00000062   Code   RO         1660    .text               mc_w.l(uldiv.o)
    0x08007632   0x08007632   0x0000001e   Code   RO         1662    .text               mc_w.l(llshl.o)
    0x08007650   0x08007650   0x00000024   Code   RO         1664    .text               mc_w.l(llsshr.o)
    0x08007674   0x08007674   0x00000000   Code   RO         1673    .text               mc_w.l(iusefp.o)
    0x08007674   0x08007674   0x0000006e   Code   RO         1674    .text               mf_w.l(fepilogue.o)
    0x080076e2   0x080076e2   0x000000ba   Code   RO         1676    .text               mf_w.l(depilogue.o)
    0x0800779c   0x0800779c   0x0000002e   Code   RO         1678    .text               mf_w.l(dscalb.o)
    0x080077ca   0x080077ca   0x00000002   PAD
    0x080077cc   0x080077cc   0x00000030   Code   RO         1682    .text               mf_w.l(cdcmple.o)
    0x080077fc   0x080077fc   0x00000024   Code   RO         1686    .text               mc_w.l(init.o)
    0x08007820   0x08007820   0x00000000   Code   RO         1688    .text               mc_w.l(semi.o)
    0x08007820   0x08007820   0x00000020   Code   RO         1689    .text               mc_w.l(llushr.o)
    0x08007840   0x08007840   0x00000000   Code   RO         1691    .text               mc_w.l(iusesemip.o)
    0x08007840   0x08007840   0x000000a2   Code   RO         1692    .text               mf_w.l(dsqrt.o)
    0x080078e2   0x080078e2   0x0000001a   Code   RO         1694    .text               mf_w.l(dfltui.o)
    0x080078fc   0x080078fc   0x0000003e   Code   RO         1696    .text               mf_w.l(dfixi.o)
    0x0800793a   0x0800793a   0x00000002   PAD
    0x0800793c   0x0800793c   0x00000020   Code   RO         1507    i.__0printf$8       mc_w.l(printf8.o)
    0x0800795c   0x0800795c   0x00000028   Code   RO         1615    i.__ARM_fpclassify  m_ws.l(fpclassify.o)
    0x08007984   0x08007984   0x00000388   Code   RO         1620    i.__ieee754_rem_pio2  m_ws.l(rred.o)
    0x08007d0c   0x08007d0c   0x000000aa   Code   RO         1617    i.__kernel_poly     m_ws.l(poly.o)
    0x08007db6   0x08007db6   0x00000002   PAD
    0x08007db8   0x08007db8   0x0000027c   Code   RO         1633    i.__kernel_tan      m_ws.l(tan_i.o)
    0x08008034   0x08008034   0x00000006   Code   RO         1602    i.__mathlib_dbl_infnan  m_ws.l(dunder.o)
    0x0800803a   0x0800803a   0x00000004   Code   RO         1603    i.__mathlib_dbl_infnan2  m_ws.l(dunder.o)
    0x0800803e   0x0800803e   0x0000000c   Code   RO         1604    i.__mathlib_dbl_invalid  m_ws.l(dunder.o)
    0x0800804a   0x0800804a   0x00000002   PAD
    0x0800804c   0x0800804c   0x00000010   Code   RO         1607    i.__mathlib_dbl_underflow  m_ws.l(dunder.o)
    0x0800805c   0x0800805c   0x0000000e   Code   RO         1700    i.__scatterload_copy  mc_w.l(handlers.o)
    0x0800806a   0x0800806a   0x00000002   Code   RO         1701    i.__scatterload_null  mc_w.l(handlers.o)
    0x0800806c   0x0800806c   0x0000000e   Code   RO         1702    i.__scatterload_zeroinit  mc_w.l(handlers.o)
    0x0800807a   0x0800807a   0x00000002   PAD
    0x0800807c   0x0800807c   0x0000000c   Code   RO         1668    i.__set_errno       mc_w.l(errno.o)
    0x08008088   0x08008088   0x00000404   Code   RO         1514    i._printf_core      mc_w.l(printf8.o)
    0x0800848c   0x0800848c   0x00000024   Code   RO         1515    i._printf_post_padding  mc_w.l(printf8.o)
    0x080084b0   0x080084b0   0x0000002e   Code   RO         1516    i._printf_pre_padding  mc_w.l(printf8.o)
    0x080084de   0x080084de   0x00000002   PAD
    0x080084e0   0x080084e0   0x00000270   Code   RO         1262    i.asin              m_ws.l(asin.o)
    0x08008750   0x08008750   0x00000220   Code   RO         1592    i.atan              m_ws.l(atan.o)
    0x08008970   0x08008970   0x0000019c   Code   RO         1272    i.atan2             m_ws.l(atan2.o)
    0x08008b0c   0x08008b0c   0x00000012   Code   RO         1655    i.fputc             mc_w.l(fputc.o)
    0x08008b1e   0x08008b1e   0x0000004c   Code   RO         1626    i.sqrt              m_ws.l(sqrt.o)
    0x08008b6a   0x08008b6a   0x00000002   PAD
    0x08008b6c   0x08008b6c   0x00000064   Code   RO         1280    i.tan               m_ws.l(tan.o)
    0x08008bd0   0x08008bd0   0x00000050   Data   RO         1186    .constdata          inv_mpu.o
    0x08008c20   0x08008c20   0x00000bf6   Data   RO         1233    .constdata          inv_mpu_dmp_motion_driver.o
    0x08009816   0x08009816   0x00000002   PAD
    0x08009818   0x08009818   0x00000050   Data   RO         1263    .constdata          m_ws.l(asin.o)
    0x08009868   0x08009868   0x00000098   Data   RO         1593    .constdata          m_ws.l(atan.o)
    0x08009900   0x08009900   0x00000008   Data   RO         1619    .constdata          m_ws.l(qnan.o)
    0x08009908   0x08009908   0x000000c8   Data   RO         1622    .constdata          m_ws.l(rred.o)
    0x080099d0   0x080099d0   0x00000060   Data   RO         1634    .constdata          m_ws.l(tan_i.o)
    0x08009a30   0x08009a30   0x0000004d   Data   RO         1187    .conststring        inv_mpu.o
    0x08009a7d   0x08009a7d   0x00000003   PAD
    0x08009a80   0x08009a80   0x00000020   Data   RO         1698    Region$$Table       anon$$obj.o


    Execution Region RW_IRAM1 (Exec base: 0x20000000, Load base: 0x08009aa0, Size: 0x000005b0, Max: 0x00005000, ABSOLUTE)

    Exec Addr    Load Addr    Size         Type   Attr      Idx    E Section Name        Object

    0x20000000   0x08009aa0   0x00000014   Data   RW          217    .data               system_stm32f10x.o
    0x20000014   0x08009ab4   0x00000004   Data   RW          247    .data               delay.o
    0x20000018   0x08009ab8   0x00000001   Data   RW          328    .data               usart3.o
    0x20000019   0x08009ab9   0x00000003   PAD
    0x2000001c   0x08009abc   0x00000018   Data   RW          359    .data               control.o
    0x20000034   0x08009ad4   0x00000038   Data   RW          510    .data               pid.o
    0x2000006c   0x08009b0c   0x00000014   Data   RW          965    .data               stm32f10x_rcc.o
    0x20000080   0x08009b20   0x00000035   Data   RW         1188    .data               inv_mpu.o
    0x200000b5   0x08009b55   0x00000003   PAD
    0x200000b8   0x08009b58   0x00000004   Data   RW         1657    .data               mc_w.l(stdout.o)
    0x200000bc   0x08009b5c   0x00000004   Data   RW         1669    .data               mc_w.l(errno.o)
    0x200000c0        -       0x00000080   Zero   RW          327    .bss                usart3.o
    0x20000140        -       0x00000020   Zero   RW          358    .bss                control.o
    0x20000160        -       0x0000003c   Zero   RW          509    .bss                pid.o
    0x2000019c        -       0x00000010   Zero   RW         1232    .bss                inv_mpu_dmp_motion_driver.o
    0x200001ac   0x08009b60   0x00000004   PAD
    0x200001b0        -       0x00000400   Zero   RW          570    STACK               startup_stm32f10x_md.o


==============================================================================

Image component sizes


      Code (inc. data)   RO Data    RW Data    ZI Data      Debug   Object Name

      3632        290          0         24         32       5139   control.o
       212         18          0          4          0     206791   delay.o
       416         14          0          0          0       1529   encoder.o
        80          6          0          0          0        576   exti.o
      8844        198        157         53          0      24077   inv_mpu.o
      3440        126       3062          0         16      15503   inv_mpu_dmp_motion_driver.o
       248         12          0          0          0        826   key.o
       224         42          0          0          0      48763   main.o
       220         22          0          0          0       1857   misc.o
       372         32          0          0          0       1651   motor.o
       892         24          0          0          0       4415   mpu6050.o
       620         14          0          0          0       2094   mpuiic.o
       932        116          0         56         60       4102   pid.o
       172         10          0          0          0        764   pwm.o
       148          8          0          0          0        776   servo.o
        36          8        236          0       1024        808   startup_stm32f10x_md.o
       284         10          0          0          0       2311   stm32f10x_exti.o
       860         38          0          0          0       5789   stm32f10x_gpio.o
        26          0          0          0          0       1218   stm32f10x_it.o
       932         36          0         20          0       8992   stm32f10x_rcc.o
      3610         88          0          0          0      22896   stm32f10x_tim.o
      1032         22          0          0          0       8512   stm32f10x_usart.o
       158          0          0          0          0        590   sys.o
       480         38          0         20          0       1823   system_stm32f10x.o
       328         34          0          1        128       2093   usart3.o

    ----------------------------------------------------------------------
     28204       1206       3492        184       1264     373895   Object Totals
         0          0         32          0          0          0   (incl. Generated)
         6          0          5          6          4          0   (incl. Padding)

    ----------------------------------------------------------------------

      Code (inc. data)   RO Data    RW Data    ZI Data      Debug   Library Member Name

       624         52         80          0          0        168   asin.o
       544         70        152          0          0        124   atan.o
       412         38          0          0          0        144   atan2.o
        38          6          0          0          0        272   dunder.o
        40          0          0          0          0         68   fpclassify.o
       170          0          0          0          0         96   poly.o
         0          0          8          0          0          0   qnan.o
       904         76        200          0          0        140   rred.o
        76          0          0          0          0         84   sqrt.o
       100         10          0          0          0         96   tan.o
       636         50         96          0          0        168   tan_i.o
         0          0          0          0          0          0   entry.o
         0          0          0          0          0          0   entry10a.o
         0          0          0          0          0          0   entry11a.o
         4          0          0          0          0          0   entry12b.o
         8          4          0          0          0          0   entry2.o
         4          0          0          0          0          0   entry5.o
         0          0          0          0          0          0   entry7b.o
         0          0          0          0          0          0   entry8b.o
         8          4          0          0          0          0   entry9a.o
        12          6          0          4          0         68   errno.o
        18          0          0          0          0         80   fputc.o
        30          0          0          0          0          0   handlers.o
        36          8          0          0          0         68   init.o
         0          0          0          0          0          0   iusefp.o
         0          0          0          0          0          0   iusesemip.o
        98          0          0          0          0         84   ldiv.o
        30          0          0          0          0         68   llshl.o
        36          0          0          0          0         68   llsshr.o
        32          0          0          0          0         68   llushr.o
        26          0          0          0          0         80   memcmp.o
        36          0          0          0          0        108   memseta.o
      1142         54          0          0          0        352   printf8.o
         0          0          0          0          0          0   semi.o
         0          0          0          4          0          0   stdout.o
        28          0          0          0          0         76   strcmp.o
        36          0          0          0          0         80   strstr.o
        98          0          0          0          0         92   uldiv.o
        48          0          0          0          0         68   cdcmple.o
        20          0          0          0          0         68   cfcmple.o
        20          0          0          0          0         68   cfrcmple.o
        56          0          0          0          0         88   d2f.o
       334          0          0          0          0        148   dadd.o
       222          0          0          0          0        100   ddiv.o
       186          0          0          0          0        176   depilogue.o
        62          0          0          0          0         80   dfixi.o
        34          0          0          0          0         76   dflti.o
        26          0          0          0          0         76   dfltui.o
       228          0          0          0          0         96   dmul.o
        46          0          0          0          0         80   dscalb.o
       162          0          0          0          0        100   dsqrt.o
        38          0          0          0          0         68   f2d.o
       176          0          0          0          0        140   fadd.o
       124          0          0          0          0         88   fdiv.o
       110          0          0          0          0        168   fepilogue.o
        50          0          0          0          0         68   ffixi.o
        40          0          0          0          0         68   ffixui.o
        18          0          0          0          0         68   fflti.o
        10          0          0          0          0         68   ffltui.o
       100          0          0          0          0         76   fmul.o

    ----------------------------------------------------------------------
      7352        378        536          8          0       4688   Library Totals
        16          0          0          0          0          0   (incl. Padding)

    ----------------------------------------------------------------------

      Code (inc. data)   RO Data    RW Data    ZI Data      Debug   Library Name

      3544        302        536          0          0       1360   m_ws.l
      1682         76          0          8          0       1292   mc_w.l
      2110          0          0          0          0       2036   mf_w.l

    ----------------------------------------------------------------------
      7352        378        536          8          0       4688   Library Totals

    ----------------------------------------------------------------------

==============================================================================


      Code (inc. data)   RO Data    RW Data    ZI Data      Debug   

     35556       1584       4028        192       1264     374211   Grand Totals
     35556       1584       4028        192       1264     374211   ELF Image Totals
     35556       1584       4028        192          0          0   ROM Totals

==============================================================================

    Total RO  Size (Code + RO Data)                39584 (  38.66kB)
    Total RW  Size (RW Data + ZI Data)              1456 (   1.42kB)
    Total ROM Size (Code + RO Data + RW Data)      39776 (  38.84kB)

==============================================================================

